07-02 01:56:25.961  1528 32642 E FrameDecoder: extractInternal error -1011
07-02 01:56:25.962  1528  1936 D CCodecBufferChannel: [c2.android.avc.decoder#745] MediaCodec discarded an unknown buffer
07-02 01:56:25.962  1528  1936 D CCodecBufferChannel: [c2.android.avc.decoder#745] MediaCodec discarded an unknown buffer
07-02 01:56:25.962  1528  1936 D CCodecBufferChannel: [c2.android.avc.decoder#745] MediaCodec discarded an unknown buffer
07-02 01:56:25.962  1528  1936 D CCodecBufferChannel: [c2.android.avc.decoder#745] MediaCodec discarded an unknown buffer
07-02 01:56:25.964  1767  2333 V GrammaticalInflectionUtils: AttributionSource: android.content.AttributionSource@93301296 does not have READ_SYSTEM_GRAMMATICAL_GENDER permission.
07-02 01:56:25.968  1767  2333 V ActivityTaskManager: TaskLaunchParamsModifier: phase=3 task=Task{4306ac2 #12392 type=standard A=10583:fr.retrospare.blazeplayer} activity=ActivityRecord{129117391 u0 fr.retrospare.blazeplayer/.player.PlayerActivity t-1} display-area-from-source=DefaultTaskDisplayArea@65351521 display-id=0 task-display-area-windowing-mode=1 suggested-display-area=DefaultTaskDisplayArea@65351521 inherit-from-source=fullscreen non-freeform-task-display-area display-area=DefaultTaskDisplayArea@65351521 skip-bounds-fullscreen
07-02 01:56:25.968  1767  2333 I ActivityTaskManager: START u0 {xflg=0x4 cmp=fr.retrospare.blazeplayer/.player.PlayerActivity (has extras)} with LAUNCH_SINGLE_TOP from uid 10583 (fr.retrospare.blazeplayer) (sr=130276109) (BAL_ALLOW_VISIBLE_WINDOW) result code=0
07-02 01:56:25.969  2621  2653 V WindowManagerShell: Transition requested (#6148): android.os.BinderProxy@58a99f3 TransitionRequestInfo { type = OPEN, triggerTask = TaskInfo{userId=0 taskId=12392 effectiveUid=10583 displayId=0 isRunning=true baseIntent=Intent { act=android.intent.action.MAIN cat=[android.intent.category.LAUNCHER] flg=0x10200000 cmp=fr.retrospare.blazeplayer/.MainActivity } baseActivity=ComponentInfo{fr.retrospare.blazeplayer/fr.retrospare.blazeplayer.MainActivity} topActivity=ComponentInfo{fr.retrospare.blazeplayer/fr.retrospare.blazeplayer.player.PlayerActivity} origActivity=null realActivity=ComponentInfo{fr.retrospare.blazeplayer/fr.retrospare.blazeplayer.MainActivity} realActivityIsAppLockEnabled=false numActivities=2 lastActiveTime=539186202 supportsMultiWindow=true resizeMode=1 isResizeable=true minWidth=-1 minHeight=-1 defaultMinSize=220 token=WCT{android.os.BinderProxy@ec1e400} topActivityType=1 pictureInPictureParams=null shouldDockBigOverlays=false launchIntoPipHostTaskId=-1 lastParentTaskIdBeforePip=-1 displayCutoutSafeInsets=Rect(0, 0 - 0, 0) topActivityInfo=ActivityInfo{bddc6b0 fr.retrospare.blazeplayer.player.PlayerActivity} launchCookies=[android.os.BinderProxy@c8a9a7e] positionInParent=Point(0, 0) parentTaskId=-1 isFocused=true isVisible=true isVisibleRequested=true isTopActivityNoDisplay=false isSleeping=false locusId=null displayAreaFeatureId=1 isTopActivityTransparent=false isActivityStackTransparent=false lastNonFullscreenBounds=null leafTaskBoundsFromOptions= false capturedLink=null capturedLinkTimestamp=0 requestedVisibleTypes=503 topActivityRequestOpenInBrowserEducationTimestamp=0 appCompatTaskInfo=AppCompatTaskInfo { topActivityInSizeCompat=false isLeafTask= true eligibleForLetterboxEducation= false isLetterboxEducationEnabled= false isLetterboxDoubleTapEnabled= false eligibleForUserAspectRatioButton= false topActivityBoundsLetterboxed= false isFromLetterboxDoubleTap= false topActivityLetterboxVerticalPosition= -1 topActivityLetterboxHorizontalPosition= -1 topActivityLetterboxWidth=-1 topActivityLetterboxHeight=-1 topActivityAppBounds=Rect(0, 0 - 1080, 2400) isUserFullscreenOverrideEnabled=false isSystemFullscreenOverrideEnabled=false hasMinAspectRatioOverride=false topActivityLetterboxBounds=null topNonResizableActivityAspectRatio=-1.0} topActivityMainWindowFrame=null isAppBubble=false}, pipChange = null, remoteTransitionInfo = null, displayChange = null, requestedLocation = null, userChange = null, windowingLayerChange = null, fullscreenRequestChange = null, flags = 0, debugId = 6148 }
07-02 01:56:25.969  2621  2653 W DisplayDisconnectTransitionHandler: No disconnect change found in the transition, not handling request.
07-02 01:56:25.969  2621  2653 D ShellSplitScreen: logExit: no-op, mLoggerSessionId is null
07-02 01:56:25.969  2621  2653 V ShellDesktopMode: DesktopTasksController: skipping handleRequest reason=triggerTask's display doesn't support desktop mode
07-02 01:56:25.975  1767  2500 D BackgroundInstallControlService: Package event received: 0
07-02 01:56:25.975  1767  2500 D BackgroundInstallControlService: Package event received: 0
07-02 01:56:25.975  1767  2500 D BackgroundInstallControlService: Package event received: 0
07-02 01:56:25.975  1528  1939 D AidlBufferPool: bufferpool2 0xb400006f6bab0a38 : 0(0 size) total buffers - 0(0 size) used buffers - 1/6 (recycle/alloc) - 2/2 (fetch/transfer)
07-02 01:56:25.976  1544 14341 D AidlBufferPool: bufferpool2 0xb400006e270695c8 : 0(0 size) total buffers - 0(0 size) used buffers - 0/2 (recycle/alloc) - 0/0 (fetch/transfer)
07-02 01:56:25.976  1544 14341 D AidlBufferPool: Destruction - bufferpool2 0xb400006e270695c8 cached: 0/0M, 0/0% in use; allocs: 2, 0% recycled; transfers: 0, 0% unfetched
07-02 01:56:25.977  2105  2105 I pixel-thermal: VIRTUAL-USB-UI:0 raw data: USB-MINUS-CHARGER:-4096 VIRTUAL-USB-UI:0 charger_therm:38183 usb_conn_therm:34087 
07-02 01:56:25.978  2105  2105 I pixel-thermal: VIRTUAL-USB-THROTTLING:0 raw data: USB-MINUS-CHARGER:-4096 VIRTUAL-USB-THROTTLING:0 usb_conn_therm:34087 
07-02 01:56:25.978  1528  2044 D CCodec  : allocate(c2.exynos.h264.decoder)
07-02 01:56:25.978  2105  2105 I pixel-thermal: VIRTUAL-SKIN-SPEAKER:35.1601 raw data: VIRTUAL-SKIN-SPEAKER:35160.1 VIRTUAL-SKIN-SPEAKER-SUB-1:32696 VIRTUAL-SKIN-SPEAKER-SUB-2:35160.1 battery:34300 gnss_tcxo_therm:36091 quiet_therm:35111 soc_therm:35935 usb_conn_therm:34087 
07-02 01:56:25.979  2105  2105 I pixel-thermal: cellular-emergency:35.7128 raw data: VIRTUAL-SKIN:35712.8 VIRTUAL-SKIN-SUB-1:35712.8 VIRTUAL-SKIN-SUB-2:31941.5 VIRTUAL-SKIN-SUB-3:34014.5 cellular-emergency:35712.8 charger_therm:38183 gnss_tcxo_therm:36091 modem_therm:36892 quiet_therm:35111 rffe_therm:34377 soc_therm:35935 usb_conn_therm:34087 
07-02 01:56:25.979  2105  2105 I pixel-thermal: VIRTUAL-SKIN-CHARGE:36.035 raw data: VIRTUAL-SKIN-CHARGE:36035 VIRTUAL-SKIN-CHARGE-SUB-1:35614.9 VIRTUAL-SKIN-CHARGE-SUB-2:36035 charger_therm:38183 modem_therm:36892 quiet_therm:35111 rffe_therm:34377 soc_therm:35935 
07-02 01:56:25.979  2105  2105 I pixel-thermal: charger_therm:38.183 raw data: charger_therm:38183 
07-02 01:56:25.979  2105  2105 I pixel-thermal: VIRTUAL-SKIN-CHARGE-WLC:36.2119 raw data: VIRTUAL-SKIN-CHARGE-WLC:36211.9 charger_therm:38183 modem_therm:36892 rffe_therm:34377 soc_therm:35935 
07-02 01:56:25.979  2105  2105 I pixel-thermal: usb_conn_therm:34.087 raw data: usb_conn_therm:34087 
07-02 01:56:25.979  2105  2105 I pixel-thermal: soc_therm:35.935 raw data: soc_therm:35935 
07-02 01:56:25.979  2105  2105 I pixel-thermal: VIRTUAL-SKIN:35.7128 raw data: VIRTUAL-SKIN:35712.8 
07-02 01:56:25.979  1528  2044 I CCodec  : setting up 'default' as default (vendor) store
07-02 01:56:25.980  1376  1481 I samsung.hardware.media.c2@1.2-service: missing struct descriptor #Param::CoreIndex(--002) for field mastering of struct #Param::CoreIndex(--180a)
07-02 01:56:25.980  1376  1481 I samsung.hardware.media.c2@1.2-service: missing struct descriptor #Param::CoreIndex(--002) for field mastering of struct #Param::CoreIndex(--180a)
07-02 01:56:25.980  1376  1481 W ColorUtils: expected specified color aspects (0:0:0:0)
07-02 01:56:25.981  1528  2044 W mediaserver: AIBinder_linkToDeath is being called with a non-null cookie and no onUnlink callback set. Use AIBinder_DeathRecipient_setOnUnlinked to manage the lifetime of the cookie. This will become an abort.
07-02 01:56:25.981  1528  2044 I CCodec  : Created component [c2.exynos.h264.decoder] for [c2.exynos.h264.decoder]
07-02 01:56:25.981  1528  2044 D CCodecConfig: read media type: video/avc
07-02 01:56:25.983  1528  2044 D ReflectedParamUpdater: extent() != 1 for single value type: output.subscribed-indices.values
07-02 01:56:25.983  1528  2044 D ReflectedParamUpdater: extent() != 1 for single value type: input.buffers.allocator-ids.values
07-02 01:56:25.983  1528  2044 D ReflectedParamUpdater: extent() != 1 for single value type: output.buffers.allocator-ids.values
07-02 01:56:25.983  1528  2044 D ReflectedParamUpdater: extent() != 1 for single value type: output.buffers.pool-ids.values
07-02 01:56:25.984  1528  2044 D ReflectedParamUpdater: ignored struct field coded.color-format.locations
07-02 01:56:25.985  1528  2044 D CCodecConfig: ignoring local param raw.size (0xd2001800) as it is already supported
07-02 01:56:25.986  1528  2044 D CCodecConfig: ignoring local param default.color (0x5200180b) as it is already supported
07-02 01:56:25.986  1528  2044 D ReflectedParamUpdater: ignored struct field raw.hdr-static-info.mastering
07-02 01:56:25.986  1528  2044 I CCodecConfig: query failed after returning 15 values (BAD_INDEX)
07-02 01:56:25.987  1528  2044 D CCodecConfig: c2 config diff is Dict {
07-02 01:56:25.987  1528  2044 D CCodecConfig:   c2::u32 algo.low-latency.value = 0
07-02 01:56:25.987  1528  2044 D CCodecConfig:   c2::i32 algo.priority.value = 0
07-02 01:56:25.987  1528  2044 D CCodecConfig:   c2::float algo.rate.value = 0
07-02 01:56:25.987  1528  2044 D CCodecConfig:   c2::u32 coded.pl.level = 20496
07-02 01:56:25.987  1528  2044 D CCodecConfig:   c2::u32 coded.pl.profile = 20481
07-02 01:56:25.987  1528  2044 D CCodecConfig:   c2::u32 coded.vui.color.matrix = 0
07-02 01:56:25.987  1528  2044 D CCodecConfig:   c2::u32 coded.vui.color.primaries = 0
07-02 01:56:25.987  1528  2044 D CCodecConfig:   c2::u32 coded.vui.color.range = 0
07-02 01:56:25.987  1528  2044 D CCodecConfig:   c2::u32 coded.vui.color.transfer = 0
07-02 01:56:25.987  1528  2044 D CCodecConfig:   c2::u32 default.color.matrix = 0
07-02 01:56:25.987  1528  2044 D CCodecConfig:   c2::u32 default.color.primaries = 0
07-02 01:56:25.987  1528  2044 D CCodecConfig:   c2::u32 default.color.range = 0
07-02 01:56:25.987  1528  2044 D CCodecConfig:   c2::u32 default.color.transfer = 0
07-02 01:56:25.987  1528  2044 D CCodecConfig:   c2::u32 input.buffers.max-size.value = 7340032
07-02 01:56:25.987  1528  2044 D CCodecConfig:   string input.media-type.value = "video/avc"
07-02 01:56:25.987  1528  2044 D CCodecConfig:   c2::u32 output.delay.value = 3
07-02 01:56:25.987  1528  2044 D CCodecConfig:   string output.media-type.value = "video/raw"
07-02 01:56:25.987  1528  2044 D CCodecConfig:   c2::u32 raw.color.matrix = 0
07-02 01:56:25.987  1528  2044 D CCodecConfig:   c2::u32 raw.color.primaries = 0
07-02 01:56:25.987  1528  2044 D CCodecConfig:   c2::u32 raw.color.range = 0
07-02 01:56:25.987  1528  2044 D CCodecConfig:   c2::u32 raw.color.transfer = 0
07-02 01:56:25.987  1528  2044 D CCodecConfig:   c2::float raw.hdr-static-info.max-cll = 0
07-02 01:56:25.987  1528  2044 D CCodecConfig:   c2::float raw.hdr-static-info.max-fall = 0
07-02 01:56:25.987  1528  2044 D CCodecConfig:   c2::u32 raw.max-size.height = 240
07-02 01:56:25.987  1528  2044 D CCodecConfig:   c2::u32 raw.max-size.width = 320
07-02 01:56:25.987  1528  2044 D CCodecConfig:   c2::u32 raw.pixel-format.value = 34
07-02 01:56:25.987  1528  2044 D CCodecConfig:   c2::i32 raw.rotation.flip = 
07-02 01:56:25.987  1528  2044 W ColorUtils: expected specified color aspects (0:0:0:0)
07-02 01:56:25.988  1528 32642 I MediaCodec: media_quality service unavailable, skipping updatePictureProfile
07-02 01:56:25.988  1528  2044 D CCodec  : [c2.exynos.h264.decoder] buffers are bound to CCodec for this session
07-02 01:56:25.988  1528  2044 D CCodecConfig: no c2 equivalents for thumbnail-time
07-02 01:56:25.988  1528  2044 D CCodecConfig: no c2 equivalents for durationUs
07-02 01:56:25.988  1528  2044 D CCodecConfig: no c2 equivalents for language
07-02 01:56:25.988  1528  2044 D CCodecConfig: no c2 equivalents for display-width
07-02 01:56:25.988  1528  2044 D CCodecConfig: no c2 equivalents for display-height
07-02 01:56:25.988  1528  2044 D CCodecConfig: no c2 equivalents for csd-1
07-02 01:56:25.988  1528  2044 D CCodecConfig: no c2 equivalents for color-format
07-02 01:56:25.988  1528  2044 D CCodecConfig: no c2 equivalents for importance
07-02 01:56:25.988  1528  2044 D CCodecConfig: no c2 equivalents for flags
07-02 01:56:25.989  1528  2044 D CCodecConfig: c2 config diff is   c2::u32 coded.pl.level = 20492
07-02 01:56:25.989  1528  2044 D CCodecConfig:   c2::u32 coded.pl.profile = 20484
07-02 01:56:25.989  1528  2044 D CCodecConfig:   c2::u32 raw.pixel-format.value = 291
07-02 01:56:25.989  1528  2044 D CCodecConfig:   c2::u32 raw.size.height = 814
07-02 01:56:25.989  1528  2044 D CCodecConfig:   c2::u32 raw.size.width = 1914
07-02 01:56:25.989  1528  2044 W ColorUtils: expected specified color aspects (0:0:0:0)
07-02 01:56:25.989  1528  2044 D CCodec  : encoding statistics level = 0
07-02 01:56:25.989  1528  2044 D CCodec  : setup formats input: AMessage(what = 0x00000000) = {
07-02 01:56:25.989  1528  2044 D CCodec  :   int32_t height = 814
07-02 01:56:25.989  1528  2044 D CCodec  :   int32_t level = 4096
07-02 01:56:25.989  1528  2044 D CCodec  :   int32_t max-input-size = 7340032
07-02 01:56:25.989  1528  2044 D CCodec  :   string mime = "video/avc"
07-02 01:56:25.989  1528  2044 D CCodec  :   int32_t priority = 0
07-02 01:56:25.989  1528  2044 D CCodec  :   int32_t profile = 8
07-02 01:56:25.989  1528  2044 D CCodec  :   int32_t width = 1914
07-02 01:56:25.989  1528  2044 D CCodec  :   Rect crop(0, 0, 1913, 813)
07-02 01:56:25.989  1528  2044 D CCodec  : }
07-02 01:56:25.989  1528  2044 D CCodec  : setup formats output: AMessage(what = 0x00000000) = {
07-02 01:56:25.989  1528  2044 D CCodec  :   int32_t android._color-format = 291
07-02 01:56:25.989  1528  2044 D CCodec  :   int32_t android._video-scaling = 1
07-02 01:56:25.989  1528  2044 D CCodec  :   int32_t rotation-degrees = 0
07-02 01:56:25.989  1528  2044 D CCodec  :   int32_t color-standard = 0
07-02 01:56:25.989  1528  2044 D CCodec  :   int32_t color-range = 0
07-02 01:56:25.989  1528  2044 D CCodec  :   int32_t color-transfer = 0
07-02 01:56:25.989  1528  2044 D CCodec  :   float cta861.max-cll = 0.000000
07-02 01:56:25.989  1528  2044 D CCodec  :   float cta861.max-fall = 0.000000
07-02 01:56:25.989  1528  2044 D CCodec  :   int32_t sar-height = 1
07-02 01:56:25.989  1528  2044 D CCodec  :   int32_t sar-width = 1
07-02 01:56:25.989  1528  2044 D CCodec  :   Rect crop(0, 0, 1913, 813)
07-02 01:56:25.989  1528  2044 D CCodec  :   int32_t width = 1914
07-02 01:56:25.989  1528  2044 D CCodec  :   int32_t height = 814
07-02 01:56:25.989  1528  2044 D CCodec  :   int32_t max-height = 240
07-02 01:56:25.989  1528  2044 D CCodec  :   int32_t max-width = 320
07-02 01:56:25.989  1528  2044 D CCodec  :   string mime = "video/raw"
07-02 01:56:25.989  1528  2044 D CCodec  :   int32_t priority = 0
07-02 01:56:25.989  1528  2044 D CCodec  :   int32_t android._dataspace = 0
07-02 01:56:25.989  1528  2044 D CCodec  :   int32_t color-format = 2135033992
07-02 01:56:25.989  1528  2044 D CCodec  : }
07-02 01:56:25.989  1528  2044 I CCodecConfig: query failed after returning 15 values (BAD_INDEX)
07-02 01:56:25.989  1528  2044 D CCodecConfig: c2 config diff is   c2::u32 raw.max-size.height = 814
07-02 01:56:25.989  1528  2044 D CCodecConfig:   c2::u32 raw.max-size.width = 1914
07-02 01:56:25.989  1528  2044 W ColorUtils: expected specified color aspects (0:0:0:0)
07-02 01:56:25.990  1528  2044 E mediaserver: Failed to query component interface for required system resources: 6
07-02 01:56:25.990  1376  2045 I ExynosC2H264DecComponent: [onStart] resource is obtained (2)
07-02 01:56:25.990  1376  2046 D libexynosv4l2: try node: /dev/video6
07-02 01:56:25.990  1376  2046 I libexynosv4l2: node found for device s5p-mfc-dec: /dev/video6
07-02 01:56:25.995  1376  2046 I libexynosv4l2: open video device /dev/video6
07-02 01:56:25.997  1528  2044 D AidlBufferPool: bufferpool2 0xb400006f6baaee78 : 0(0 size) total buffers - 0(0 size) used buffers - 0/4000 (recycle/alloc) - 4000/4621 (fetch/transfer)
07-02 01:56:25.997  1528  2044 D CCodecBufferChannel: [c2.exynos.h264.decoder#486] Created input block pool with allocatorID 16 => poolID 2703 - OK (0)
07-02 01:56:25.998  1376  1481 I libbinder.BpBinder: onLastStrongRef automatically unlinking death recipients for binder (0xb40000718fd59440) with descriptor: 'android.hardware.media.bufferpool2.IAccessor'
07-02 01:56:25.998  1528  2044 I CCodecBufferChannel: [c2.exynos.h264.decoder#486] Created output block pool with allocatorID 17 => poolID 1355 - OK
07-02 01:56:25.998  1312  1382 D AidlBufferPool: bufferpool2 0xb4000073f1056b78 : 0(0 size) total buffers - 0(0 size) used buffers - 5/10 (recycle/alloc) - 2/2 (fetch/transfer)
07-02 01:56:25.998  1528  2044 D CCodecBufferChannel: [c2.exynos.h264.decoder#486] Configured output block pool ids 1355 => OK
07-02 01:56:25.998  1312  1382 D AidlBufferPool: Destruction - bufferpool2 0xb4000073f1056b78 cached: 0/0M, 0/0% in use; allocs: 10, 50% recycled; transfers: 2, 0% unfetched
07-02 01:56:25.999  1528  2043 W ResourceManagerServiceUtils: Ignoring request to add new resource entry with value <= 0
07-02 01:56:26.000  1376  2730 W samsung.hardware.media.c2@1.2-service: AIBinder_linkToDeath is being called with a non-null cookie and no onUnlink callback set. Use AIBinder_DeathRecipient_setOnUnlinked to manage the lifetime of the cookie. This will become an abort.
07-02 01:56:26.000  1528  2043 W mediaserver: AIBinder_linkToDeath is being called with a non-null cookie and no onUnlink callback set. Use AIBinder_DeathRecipient_setOnUnlinked to manage the lifetime of the cookie. This will become an abort.
07-02 01:56:26.001  1521 18446 E MatroskaExtractor: Did not locate the video track for seeking
07-02 01:56:26.001  1312  1457 W SmbMediaDataSource: readAt failed at position 81290, nouvelle tentative avec un handle/share frais (budget restant: 18)
07-02 01:56:26.001  1312  1457 W SmbMediaDataSource: com.hierynomus.smbj.common.SMBRuntimeException: DiskShare has already been closed
07-02 01:56:26.001  1312  1457 W SmbMediaDataSource: 	at com.hierynomus.smbj.share.Share.send(Share.java:364)
07-02 01:56:26.001  1312  1457 W SmbMediaDataSource: 	at com.hierynomus.smbj.share.Share.readAsync(Share.java:220)
07-02 01:56:26.001  1312  1457 W SmbMediaDataSource: 	at com.hierynomus.smbj.share.Share.read(Share.java:214)
07-02 01:56:26.001  1312  1457 W SmbMediaDataSource: 	at com.hierynomus.smbj.share.File.read(File.java:162)
07-02 01:56:26.001  1312  1457 W SmbMediaDataSource: 	at fr.retrospare.blazeplayer.player.SmbMediaDataSource.readAt(SmbMediaDataSource.kt:61)
07-02 01:56:26.001  1312  1457 W SmbMediaDataSource: 	at android.media.MediaMetadataRetriever._getFrameAtTime(Native Method)
07-02 01:56:26.001  1312  1457 W SmbMediaDataSource: 	at android.media.MediaMetadataRetriever.getFrameAtTime(MediaMetadataRetriever.java:574)
07-02 01:56:26.001  1312  1457 W SmbMediaDataSource: 	at fr.retrospare.blazeplayer.ui.ThumbnailUtils$loadThumbnail$2.invokeSuspend(ThumbnailUtils.kt:200)
07-02 01:56:26.001  1312  1457 W SmbMediaDataSource: 	at kotlin.coroutines.jvm.internal.BaseContinuationImpl.resumeWith(ContinuationImpl.kt:34)
07-02 01:56:26.001  1312  1457 W SmbMediaDataSource: 	at kotlinx.coroutines.DispatchedTask.run(DispatchedTask.kt:100)
07-02 01:56:26.001  1312  1457 W SmbMediaDataSource: 	at kotlinx.coroutines.internal.LimitedDispatcher$Worker.run(LimitedDispatcher.kt:124)
07-02 01:56:26.001  1312  1457 W SmbMediaDataSource: 	at kotlinx.coroutines.scheduling.TaskImpl.run(Tasks.kt:89)
07-02 01:56:26.001  1312  1457 W SmbMediaDataSource: 	at kotlinx.coroutines.scheduling.CoroutineScheduler.runSafely(CoroutineScheduler.kt:586)
07-02 01:56:26.001  1312  1457 W SmbMediaDataSource: 	at kotlinx.coroutines.scheduling.CoroutineScheduler$Worker.executeTask(CoroutineScheduler.kt:820)
07-02 01:56:26.001  1312  1457 W SmbMediaDataSource: 	at kotlinx.coroutines.scheduling.CoroutineScheduler$Worker.runWorker(CoroutineScheduler.kt:717)
07-02 01:56:26.001  1312  1457 W SmbMediaDataSource: 	at kotlinx.coroutines.scheduling.CoroutineScheduler$Worker.run(CoroutineScheduler.kt:704)
07-02 01:56:26.005  1376  2046 D ExynosVideoDecoder: MFC_Decoder_Enqueue_Inbuf: DATA with flags(0x20000000)
07-02 01:56:26.007  1376  2046 I ExynosVideoCodecDec-H264Dec: [updateResolution] resolution info : 1920 x 816 (0, 0, 1914, 814)
07-02 01:56:26.008  1376  2045 I ExynosC2H264DecComponent: [updateC2Config_OutputDelay] output delay(6)
07-02 01:56:26.008  1376  2045 I ExynosC2H264DecComponent: [updateC2Config_OutputDelay] reorder key(0)
07-02 01:56:26.008  1376  2045 I ExynosC2DecComponent: [processCSDInfo] update configurations on c2work(0xb40000718fd60920)
07-02 01:56:26.008  1528  2044 D CCodecConfig: c2 config diff is   c2::u32 output.delay.value = 6
07-02 01:56:26.008  1376  2048 D ExynosVideoDecoder: MFC_Decoder_Enqueue_Inbuf: DATA with flags(0x20000000)
07-02 01:56:26.008  1528  2044 W ColorUtils: expected specified color aspects (0:0:0:0)
07-02 01:56:26.010  1376  2048 D ExynosVideoDecoder: MFC_Decoder_Enqueue_Inbuf: DATA with flags(0x20000000)
07-02 01:56:26.014  1312  1312 I MediaController: Init f0395f8 [AndroidXMedia3/1.9.0] [akita, Pixel 8a, Google, 36]
07-02 01:56:26.015  1528 21926 D CCodecBufferChannel: [c2.exynos.h264.decoder#486] Ignoring stale input buffer done callback: last flush index = 0, frameIndex = 0
07-02 01:56:26.016  1376  2045 I ExynosC2H264DecComponent: [updateC2Config_OutputDelay] output delay(6)
07-02 01:56:26.016  1376  2045 I ExynosC2H264DecComponent: [updateC2Config_OutputDelay] reorder key(0)
07-02 01:56:26.016  1312  1312 I MediaController: Init c75037 [AndroidXMedia3/1.9.0] [akita, Pixel 8a, Google, 36]
07-02 01:56:26.017  1376  2045 I ExynosC2H264DecComponent: [updateC2Config_OutputDelay] output delay(6)
07-02 01:56:26.017  1376  2045 I ExynosC2H264DecComponent: [updateC2Config_OutputDelay] reorder key(0)
07-02 01:56:26.019  1312  1312 I ContentCaptureHelper: Setting logging level to OFF
07-02 01:56:26.019  1330  1361 D CHRE.HAL: Received a nanoapp message from 0x476f6f676c001019 endpoint 0x1: Type 0x1f4 size 12 
07-02 01:56:26.020  1312  1312 D InsetsController: Setting requestedVisibleTypes to 498 (was 503)
07-02 01:56:26.023  1312  1312 D WindowOnBackDispatcher: setTopOnBackInvokedCallback (unwrapped): android.app.Activity$$ExternalSyntheticLambda0@34733d4
07-02 01:56:26.023  1312  1312 D WindowOnBackDispatcher: setTopOnBackInvokedCallback (unwrapped): androidx.navigationevent.OnBackInvokedInput$createOnBackAnimationCallback$1@565e072
07-02 01:56:26.023  1767  2333 D CoreBackPreview: Window{34c741d u0 fr.retrospare.blazeplayer/fr.retrospare.blazeplayer.player.PlayerActivity}: Setting back callback OnBackInvokedCallbackInfo{mCallback=android.window.IOnBackInvokedCallback$Stub$Proxy@3808c60, mPriority=-1, mIsAnimationCallback=false, mOverrideBehavior=0}
07-02 01:56:26.023  1767  2333 D CoreBackPreview: Window{34c741d u0 fr.retrospare.blazeplayer/fr.retrospare.blazeplayer.player.PlayerActivity}: Setting back callback OnBackInvokedCallbackInfo{mCallback=android.window.IOnBackInvokedCallback$Stub$Proxy@ac13519, mPriority=0, mIsAnimationCallback=true, mOverrideBehavior=0}
07-02 01:56:26.024  1312  1312 D VRI[PlayerActivity]: WindowInsets changed: 1080x2400 statusBars:[0,121,0,0] navigationBars:[0,0,0,126] mandatorySystemGestures:[0,153,0,126] 
07-02 01:56:26.028  1312  1312 D VRI[PlayerActivity]: WindowInsets changed: statusBars:null 
07-02 01:56:26.028  1330  1361 D CHRE.HAL: Received a nanoapp message from 0x476f6f676c001019 endpoint 0x1: Type 0x1f4 size 12 
07-02 01:56:26.034  1312  1312 W TextView: onProvideContentCaptureStructure(): calling assumeLayout()
07-02 01:56:26.034  1312  1312 W TextView: onProvideContentCaptureStructure(): calling assumeLayout()
07-02 01:56:26.034  1312  1312 W TextView: onProvideContentCaptureStructure(): calling assumeLayout()
07-02 01:56:26.037  1767  1832 I ActivityTaskManager: Displayed fr.retrospare.blazeplayer/.player.PlayerActivity for user 0: +72ms
07-02 01:56:26.039  2621  3284 V WindowManagerShell: onTransitionReady(transaction=7589208088941)
07-02 01:56:26.039  2621  2653 V WindowManagerShell: onTransitionReady (#6148) android.os.BinderProxy@58a99f3: {id=6148 t=OPEN f=0x0 trk=0 r=[0@Point(0, 0)] c=[
07-02 01:56:26.039  2621  2653 V WindowManagerShell:         {m=OPEN f=FILLS_TASK leash=Surface(name=ActivityRecord{129117391 u0 fr.retrospare.blazeplayer/.player.PlayerActivity t12392}#85809)/@0xc176929 sb=Rect(0, 0 - 0, 0) eb=Rect(0, 0 - 1080, 2400) epz=Point(1080, 2400) d=-1->0 r=-1->0:-1 bc=ff000000 activity=ActivityTransitionInfo { component = ComponentInfo{fr.retrospare.blazeplayer/fr.retrospare.blazeplayer.player.PlayerActivity}, taskId = 12392, appCompatTransitionInfo = null } opt={t=FROM_STYLE mUserId=0}},
07-02 01:56:26.039  2621  2653 V WindowManagerShell:         {m=TO_BACK f=FILLS_TASK leash=Surface(name=ActivityRecord{130276109 u0 fr.retrospare.blazeplayer/.MainActivity t12392}#85792)/@0x6b874ae sb=Rect(0, 0 - 1080, 2400) eb=Rect(0, 0 - 1080, 2400) epz=Point(1080, 2400) d=0 bc=ff000000 activity=ActivityTransitionInfo { component = ComponentInfo{fr.retrospare.blazeplayer/fr.retrospare.blazeplayer.MainActivity}, taskId = 12392, appCompatTransitionInfo = null } opt={t=FROM_STYLE mUserId=0}}
07-02 01:56:26.039  2621  2653 V WindowManagerShell:     ]}
07-02 01:56:26.039  2621  2653 V ShellDesktopMode: DesktopModeLogger: taskInfo map after processing changes 0
07-02 01:56:26.039  2621  2653 V WindowManagerShell: Playing animation for (#6148) android.os.BinderProxy@58a99f3@0
07-02 01:56:26.039  2621  2653 D ShellSplitScreen: startAnimation: transition=6148 isSplitActive=false
07-02 01:56:26.039  2621  2653 V ShellRecents: RecentsTransitionHandler.startAnimation: no controller found
07-02 01:56:26.039  2621  2653 V ShellDesktopMode: DesktopMixedTransitionHandler: No pending desktop transition
07-02 01:56:26.039  2621  2653 V WindowManagerShell: Transition doesn't have explicit remote, search filters for match for {id=6148 t=OPEN f=0x0 trk=0 r=[0@Point(0, 0)] c=[{m=OPEN f=FILLS_TASK leash=Surface(name=ActivityRecord{129117391 u0 fr.retrospare.blazeplayer/.player.PlayerActivity t12392}#85809)/@0xc176929 sb=Rect(0, 0 - 0, 0) eb=Rect(0, 0 - 1080, 2400) epz=Point(1080, 2400) d=-1->0 r=-1->0:-1 bc=ff000000 activity=ActivityTransitionInfo { component = ComponentInfo{fr.retrospare.blazeplayer/fr.retrospare.blazeplayer.player.PlayerActivity}, taskId = 12392, appCompatTransitionInfo = null } opt={t=FROM_STYLE mUserId=0}},{m=TO_BACK f=FILLS_TASK leash=Surface(name=ActivityRecord{130276109 u0 fr.retrospare.blazeplayer/.MainActivity t12392}#85792)/@0x6b874ae sb=Rect(0, 0 - 1080, 2400) eb=Rect(0, 0 - 1080, 2400) epz=Point(1080, 2400) d=0 bc=ff000000 activity=ActivityTransitionInfo { component = ComponentInfo{fr.retrospare.blazeplayer/fr.retrospare.blazeplayer.MainActivity}, taskId = 12392, appCompatTransitionInfo = null } opt={t=FROM_STYLE mUserId=0}}]}
07-02 01:56:26.039  2621  2653 V WindowManagerShell:  Checking filter Pair{{types=[] flags=0x0] notFlags=0x0 checks=[{atype=dream independent=true modes=[OPEN,TO_FRONT] flags=NONE mustBeTask=false order=ANY topActivity=null launchCookie=null windowingMode=undefined isCrossDisplayMove=false},{atype=home independent=true modes=[CLOSE,TO_BACK] flags=NONE mustBeTask=false order=ANY topActivity=null launchCookie=null windowingMode=undefined isCrossDisplayMove=false}]} RemoteTransition { remoteTransition = android.window.IRemoteTransition$Stub$Proxy@9c3e75c, appThread = android.app.IApplicationThread$Stub$Proxy@60fba65, debugName = LauncherToDream, filter = null }}
07-02 01:56:26.039  2621  2653 V WindowManagerShell:  Checking filter Pair{{types=[] flags=0x0] notFlags=0x0 checks=[{atype=standard independent=false modes=[CHANGE] flags=NONE mustBeTask=true order=ANY topActivity=null launchCookie=null windowingMode=undefined isCrossDisplayMove=true}]} RemoteTransition { remoteTransition = android.window.IRemoteTransition$Stub$Proxy@e9b533a, appThread = android.app.IApplicationThread$Stub$Proxy@45a4beb, debugName = QuickstepDisplayMove, filter = null }}
07-02 01:56:26.039  2621  2653 V WindowManagerShell:  Checking filter Pair{{types=[] flags=0x0] notFlags=0x100 checks=[{atype=home independent=true modes=[OPEN,TO_FRONT] flags=NONE mustBeTask=false order=ANY topActivity=ComponentInfo{com.google.android.apps.nexuslauncher/com.google.android.apps.nexuslauncher.NexusLauncherActivity} launchCookie=null windowingMode=undefined isCrossDisplayMove=false},{atype=standard independent=true modes=[CLOSE,TO_BACK] flags=NONE mustBeTask=false order=ANY topActivity=null launchCookie=null windowingMode=undefined isCrossDisplayMove=false},{NOT atype=undefined independent=true modes=[] flags=NONE mustBeTask=true order=ANY topActivity=null launchCookie=null customAnim=true windowingMode=undefined isCrossDisplayMove=false}]} RemoteTransition { remoteTransition = android.window.IRemoteTransition$Stub$Proxy@561d48, appThread = android.app.IApplicationThread$Stub$Proxy@f4697e1, debugName = QuickstepLaunchHome, filter = null }}
07-02 01:56:26.040  2621  2653 V WindowManagerShell:  Checking filter Pair{{types=[OPEN,TO_FRONT] flags=0x0] notFlags=0x0 checks=[{atype=standard independent=true modes=[OPEN,TO_FRONT] flags=NONE mustBeTask=true order=ANY topActivity=null launchCookie=null windowingMode=freeform isCrossDisplayMove=false}]} RemoteTransition { remoteTransition = android.window.IRemoteTransition$Stub$Proxy@c5b6906, appThread = null, debugName = DesktopWindowLimitUnminimize, filter = null }}
07-02 01:56:26.040  2621  2653 V WindowManagerShell:  Delegate animation for (#6148) to null
07-02 01:56:26.040  2621  2653 V WindowManagerShell: start default transition animation, info = {id=6148 t=OPEN f=0x0 trk=0 r=[0@Point(0, 0)] c=[{m=OPEN f=FILLS_TASK leash=Surface(name=ActivityRecord{129117391 u0 fr.retrospare.blazeplayer/.player.PlayerActivity t12392}#85809)/@0xc176929 sb=Rect(0, 0 - 0, 0) eb=Rect(0, 0 - 1080, 2400) epz=Point(1080, 2400) d=-1->0 r=-1->0:-1 bc=ff000000 activity=ActivityTransitionInfo { component = ComponentInfo{fr.retrospare.blazeplayer/fr.retrospare.blazeplayer.player.PlayerActivity}, taskId = 12392, appCompatTransitionInfo = null } opt={t=FROM_STYLE mUserId=0}},{m=TO_BACK f=FILLS_TASK leash=Surface(name=ActivityRecord{130276109 u0 fr.retrospare.blazeplayer/.MainActivity t12392}#85792)/@0x6b874ae sb=Rect(0, 0 - 1080, 2400) eb=Rect(0, 0 - 1080, 2400) epz=Point(1080, 2400) d=0 bc=ff000000 activity=ActivityTransitionInfo { component = ComponentInfo{fr.retrospare.blazeplayer/fr.retrospare.blazeplayer.MainActivity}, taskId = 12392, appCompatTransitionInfo = null } opt={t=FROM_STYLE mUserId=0}}]}
07-02 01:56:26.040  2621  2653 V WindowManagerShell: loadAnimation: anim=android.view.animation.AnimationSet@3dd546b animAttr=0x5 type=OPEN isEntrance=false
07-02 01:56:26.040  2621  2653 V WindowManagerShell: loadAnimation: anim=android.view.animation.AnimationSet@4be6b86 animAttr=0x4 type=OPEN isEntrance=true
07-02 01:56:26.041  2621  2653 V WindowManagerShell:  animated by com.android.wm.shell.transition.DefaultTransitionHandler@2fac514
07-02 01:56:26.046  1767  1832 V WindowManager: Sent Transition (#6148) createdAt=07-02 01:56:25.965 via request=TransitionRequestInfo { type = OPEN, triggerTask = TaskInfo{userId=0 taskId=12392 effectiveUid=10583 displayId=0 isRunning=true baseIntent=Intent { act=android.intent.action.MAIN cat=[android.intent.category.LAUNCHER] flg=0x10200000 cmp=fr.retrospare.blazeplayer/.MainActivity } baseActivity=ComponentInfo{fr.retrospare.blazeplayer/fr.retrospare.blazeplayer.MainActivity} topActivity=ComponentInfo{fr.retrospare.blazeplayer/fr.retrospare.blazeplayer.player.PlayerActivity} origActivity=null realActivity=ComponentInfo{fr.retrospare.blazeplayer/fr.retrospare.blazeplayer.MainActivity} realActivityIsAppLockEnabled=false numActivities=2 lastActiveTime=539186202 supportsMultiWindow=true resizeMode=1 isResizeable=true minWidth=-1 minHeight=-1 defaultMinSize=220 token=WCT{RemoteToken{12ed528 Task{4306ac2 #12392 type=standard A=10583:fr.retrospare.blazeplayer}}} topActivityType=1 pictureInPictureParams=null shouldDockBigOverlays=false launchIntoPipHostTaskId=-1 lastParentTaskIdBeforePip=-1 displayCutoutSafeInsets=Rect(0, 0 - 0, 0) topActivityInfo=ActivityInfo{eb0d6b6 fr.retrospare.blazeplayer.player.PlayerActivity} launchCookies=[android.os.BinderProxy@f9b93e6] positionInParent=Point(0, 0) parentTaskId=-1 isFocused=true isVisible=true isVisibleRequested=true isTopActivityNoDisplay=false isSleeping=false locusId=null displayAreaFeatureId=1 isTopActivityTransparent=false isActivityStackTransparent=false lastNonFullscreenBounds=null leafTaskBoundsFromOptions= false capturedLink=null capturedLinkTimestamp=0 requestedVisibleTypes=503 topActivityRequestOpenInBrowserEducationTimestamp=0 appCompatTaskInfo=AppCompatTaskInfo { topActivityInSizeCompat=false isLeafTask= true eligibleForLetterboxEducation= false isLetterboxEducationEnabled= false isLetterboxDoubleTapEnabled= false eligibleForUserAspectRatioButton= false topActivityBoundsLetterboxed= false isFromLetterboxDoubleTap= false topActivityLetterboxVerticalPosition= -1 topActivityLetterboxHorizontalPosition= -1 topActivityLetterboxWidth=-1 topActivityLetterboxHeight=-1 topActivityAppBounds=Rect(0, 0 - 1080, 2400) isUserFullscreenOverrideEnabled=false isSystemFullscreenOverrideEnabled=false hasMinAspectRatioOverride=false topActivityLetterboxBounds=null topNonResizableActivityAspectRatio=-1.0} topActivityMainWindowFrame=null isAppBubble=false}, pipChange = null, remoteTransitionInfo = null, displayChange = null, requestedLocation = null, userChange = null, windowingLayerChange = null, fullscreenRequestChange = null, flags = 0, debugId = 6148 }
07-02 01:56:26.046  1767  1832 V WindowManager:     startWCT=WindowContainerTransaction { changes= {} hops= [] flags= 0 errorCallbackToken=null taskFragmentOrganizer=null }
07-02 01:56:26.046  1767  1832 V WindowManager:     info={id=6148 t=OPEN f=0x0 trk=0 r=[0@Point(0, 0)] c=[
07-02 01:56:26.046  1767  1832 V WindowManager:         {m=OPEN f=FILLS_TASK leash=Surface(name=ActivityRecord{129117391 u0 fr.retrospare.blazeplayer/.player.PlayerActivity t12392}#85809)/@0xd9340db sb=Rect(0, 0 - 0, 0) eb=Rect(0, 0 - 1080, 2400) epz=Point(1080, 2400) d=-1->0 r=-1->0:-1 bc=ff000000 activity=ActivityTransitionInfo { component = ComponentInfo{fr.retrospare.blazeplayer/fr.retrospare.blazeplayer.player.PlayerActivity}, taskId = 12392, appCompatTransitionInfo = null } opt={t=FROM_STYLE mUserId=0}},
07-02 01:56:26.046  1767  1832 V WindowManager:         {m=TO_BACK f=FILLS_TASK leash=Surface(name=ActivityRecord{130276109 u0 fr.retrospare.blazeplayer/.MainActivity t12392}#85792)/@0xc5c45ea sb=Rect(0, 0 - 1080, 2400) eb=Rect(0, 0 - 1080, 2400) epz=Point(1080, 2400) d=0 bc=ff000000 activity=ActivityTransitionInfo { component = ComponentInfo{fr.retrospare.blazeplayer/fr.retrospare.blazeplayer.MainActivity}, taskId = 12392, appCompatTransitionInfo = null } opt={t=FROM_STYLE mUserId=0}}
07-02 01:56:26.046  1767  1832 V WindowManager:     ]}
07-02 01:56:26.048  1767  2333 I WifiService: acquireWifiLock uid=10583 lockMode=3 packageName=fr.retrospare.blazeplayer
07-02 01:56:26.048  1388  2514 D WifiHAL : Setting Wifi Latency mode, halHandle = 0xb400007546ddb350 LatencyMode = 1
07-02 01:56:26.062  1767  5356 D WifiNl80211Manager: Scan result ready event
07-02 01:56:26.062  1767  5356 D WifiNative: Scan result ready event
07-02 01:56:26.063  1312  1312 I ExoPlayerImpl: Init f331bed [AndroidXMedia3/1.9.0] [akita, Pixel 8a, Google, 36]
07-02 01:56:26.063  1312  1312 I DefaultRenderersFactory: Loaded FfmpegVideoRenderer.
07-02 01:56:26.063  3056  3643 I WifiScanner: onFullResults
07-02 01:56:26.063  3056  4290 I WifiScanner: onFullResults
07-02 01:56:26.063  1312  1312 I DefaultRenderersFactory: Loaded FfmpegAudioRenderer.
07-02 01:56:26.065  1312  1312 I RemoteCastPlayer: Init 1934a22 [AndroidXMedia3/1.9.0] [akita, Pixel 8a, Google, 36]
07-02 01:56:26.066  1312  1312 I MediaSessionImpl: Init 13289e9 [AndroidXMedia3/1.9.0] [akita, Pixel 8a, Google, 36]
07-02 01:56:26.066  1312  1312 I MediaSessionCompat: Couldn't find a unique registered media button receiver in the given context.
07-02 01:56:26.067  1767  2333 I MediaSessionStack: addSession to bottom of stack | record: fr.retrospare.blazeplayer/androidx.media3.session.id.BlazeVideo/1949 (userId=0)
07-02 01:56:26.067  1767  2445 D PasspointManager: ANQP entry not found for: 70:fc:8f:bf:8a:c8:<BERNAY>
07-02 01:56:26.068  1388  2514 I WifiHAL : Creating message to get link statistics; iface = 47
07-02 01:56:26.069  3056  3056 I Dtdi    : (REDACTED) [MediaControllerFilter] packageName=%s resolved=%s
07-02 01:56:26.070  3339  3339 I MediaPlayerList: sendMediaUpdate: Creating a one item queue for a player with no queue
07-02 01:56:26.070  3056  3056 I Dtdi    : (REDACTED) [MediaControllerFilter] packageName=%s resolved=%s
07-02 01:56:26.070  3339  3339 W MediaControlGattService: Feature PLAYER_NAME support: true
07-02 01:56:26.070  3339  3339 W MediaControlGattService: Feature MEDIA_STATE support: true
07-02 01:56:26.070  1767  4679 D MediaSessionService: onSessionPlaybackStateChanged: record=fr.retrospare.blazeplayer/androidx.media3.session.id.BlazeVideo/1949 (userId=0) playbackState=PlaybackState {state=NONE(0), position=0, buffered position=0, speed=0.0, updated=539186304, actions=7339653, custom actions=[], active item id=0, error=null}
07-02 01:56:26.070  1767  2492 D MediaSessionService: setFgsIfSessionIsLinkedToNotification: record=fr.retrospare.blazeplayer/androidx.media3.session.id.BlazeVideo/1949 (userId=0)
07-02 01:56:26.070  1767  4679 D MediaSessionService: onSessionActiveStateChanged: record=fr.retrospare.blazeplayer/androidx.media3.session.id.BlazeVideo/1949 (userId=0) active=true
07-02 01:56:26.071  1767  4679 D MediaSessionService: onSessionPlaybackStateChanged: record=fr.retrospare.blazeplayer/androidx.media3.session.id.BlazeVideo/1949 (userId=0) playbackState=PlaybackState {state=NONE(0), position=0, buffered position=0, speed=0.0, updated=539186305, actions=7339653, custom actions=[], active item id=0, error=null}
07-02 01:56:26.071  3339  3339 I PlayerSettingsManager: activePlayerChanged - current active app uid=10583 isNotFrozen=true
07-02 01:56:26.071  3339  3339 I PlayerSettingsManager: activePlayerChanged - unregistering the MediaControllerCallback
07-02 01:56:26.073  3339  3339 I PlayerSettingsManager: activePlayerChanged to fr.retrospare.blazeplayer
07-02 01:56:26.073  3339  3339 I PlayerSettingsManager: updateRemoteDevice: repeat (STATE_REPEAT_OFF -> STATE_REPEAT_OFF), shuffle (STATE_SHUFFLE_OFF -> STATE_SHUFFLE_OFF)
07-02 01:56:26.074  3339  3339 I MediaPlayerList: sendMediaUpdate: Creating a one item queue for a player with no queue
07-02 01:56:26.075 10524 10524 D b/417220811: invalidateLoadedTasks - previous requestLoadId: -1
07-02 01:56:26.075  3339  3339 I PlayerSettingsManager: activePlayerChanged - current active app uid=10583 isNotFrozen=true
07-02 01:56:26.075  3339  3339 I PlayerSettingsManager: activePlayerChanged - unregistering the MediaControllerCallback
07-02 01:56:26.076  3339  3339 I PlayerSettingsManager: activePlayerChanged to fr.retrospare.blazeplayer
07-02 01:56:26.076  3056  3056 I Dtdi    : (REDACTED) [MediaControllerFilter] packageName=%s resolved=%s
07-02 01:56:26.077  3339  3339 I PlayerSettingsManager: updateRemoteDevice: repeat (STATE_REPEAT_OFF -> STATE_REPEAT_OFF), shuffle (STATE_SHUFFLE_OFF -> STATE_SHUFFLE_OFF)
07-02 01:56:26.077  3056  3056 I Dtdi    : (REDACTED) [MediaControllerFilter] packageName=%s resolved=%s
07-02 01:56:26.078  3056  3056 I Dtdi    : (REDACTED) [MediaControllerFilter] packageName=%s resolved=%s
07-02 01:56:26.078  3056  3056 I Dtdi    : (REDACTED) [MediaControllerFilter] packageName=%s resolved=%s
07-02 01:56:26.080  1312  1312 I MediaController: Release f0395f8 [AndroidXMedia3/1.9.0] [akita, Pixel 8a, Google, 36] [media3.common, media3.session, media3.exoplayer, media3.decoder, media3.database, media3.ui, media3.cast, media3.datasource, media3.extractor, media3.decoder.ffmpeg]
07-02 01:56:26.081  3339  3339 I MediaPlayerList: sendMediaUpdate: Creating a one item queue for a player with no queue
07-02 01:56:26.083  3339  3339 I MediaPlayerList: sendMediaUpdate: Creating a one item queue for a player with no queue
07-02 01:56:26.083  3339  3339 W MediaControlGattService: Feature PLAYER_NAME support: true
07-02 01:56:26.083  3339  3339 W MediaControlGattService: Feature MEDIA_STATE support: true
07-02 01:56:26.084  1312  1312 I MediaController: Init 8be0091 [AndroidXMedia3/1.9.0] [akita, Pixel 8a, Google, 36]
07-02 01:56:26.084  1767  5692 D MediaSessionService: onSessionPlaybackStateChanged: record=fr.retrospare.blazeplayer/androidx.media3.session.id.BlazeVideo/1949 (userId=0) playbackState=PlaybackState {state=NONE(0), position=0, buffered position=0, speed=0.0, updated=539186319, actions=7339653, custom actions=[], active item id=0, error=null}
07-02 01:56:26.085  3339  3339 I PlayerSettingsManager: updateRemoteDevice: repeat (STATE_REPEAT_OFF -> STATE_REPEAT_OFF), shuffle (STATE_SHUFFLE_OFF -> STATE_SHUFFLE_OFF)
07-02 01:56:26.090  1312  1312 I CAST    : LOAD média path=smb://NAS-ADMIN:%401981Ag23Sept@192.168.0.97/Médias/Films/Greenland.Le.Dernier.Refuge.2020.Vff..BDRIP.mp4 uri=http://192.168.0.42:8927/stream/1782950186088 positionMs=0 remote=false
07-02 01:56:26.090  1312  1312 I CAST    : onMediaItemTransition: mediaId=smb://NAS-ADMIN:%401981Ag23Sept@192.168.0.97/Médias/Films/Greenland.Le.Dernier.Refuge.2020.Vff..BDRIP.mp4 uri=http://192.168.0.42:8927/stream/1782950186088 reason=3
07-02 01:56:26.090  1312  1312 I CAST    : onPlaybackStateChanged: STATE_BUFFERING (isRemote=false)
07-02 01:56:26.091  1388  1388 I WifiHAL : Getting cached scan results, iface handle = 0xb400007546ddb350
07-02 01:56:26.091  1388  1388 E WifiHAL : Creating message to get cached scan results
07-02 01:56:26.093  1388  1388 I WifiHAL : In GetCachedScanResultsCommand::handleResponse
07-02 01:56:26.096  1388  1388 D WifiHAL : Start debug command: mType GET_FEATURE
07-02 01:56:26.096  1388  1388 I WifiHAL : CreateRequest mType = GET_FEATURE
07-02 01:56:26.096  1388  1388 D WifiHAL : In DebugCommand::handleResponse, mType:GET_FEATURE
07-02 01:56:26.096  1388  1388 D WifiHAL : len = 4, expected len = 4
07-02 01:56:26.096  1767  2445 I HalDevMgr: bestIfaceCreationProposal is null, requestIface=STA, existingIface=[name=wlan0 type=STA]
07-02 01:56:26.097  1767  5137 D MediaSessionService: onSessionPlaybackStateChanged: record=fr.retrospare.blazeplayer/androidx.media3.session.id.BlazeVideo/1949 (userId=0) playbackState=PlaybackState {state=NONE(0), position=0, buffered position=0, speed=0.0, updated=539186331, actions=7339669, custom actions=[], active item id=0, error=null}
07-02 01:56:26.098  1767  5137 D MediaSessionService: onSessionPlaybackStateChanged: record=fr.retrospare.blazeplayer/androidx.media3.session.id.BlazeVideo/1949 (userId=0) playbackState=PlaybackState {state=NONE(0), position=0, buffered position=0, speed=0.0, updated=539186333, actions=7339669, custom actions=[], active item id=0, error=null}
07-02 01:56:26.099  1767  5137 D MediaSessionService: onSessionPlaybackStateChanged: record=fr.retrospare.blazeplayer/androidx.media3.session.id.BlazeVideo/1949 (userId=0) playbackState=PlaybackState {state=PAUSED(2), position=0, buffered position=0, speed=0.0, updated=539186334, actions=7339669, custom actions=[], active item id=0, error=null}
07-02 01:56:26.100  3056  3056 I Dtdi    : (REDACTED) [MediaControllerFilter] packageName=%s resolved=%s
07-02 01:56:26.101  3056  3056 I Dtdi    : (REDACTED) [MediaControllerFilter] packageName=%s resolved=%s
07-02 01:56:26.101  1767  2929 I MediaFocusControl: requestAudioFocus() from uid/pid 10583/1312 AA=USAGE_MEDIA/CONTENT_TYPE_MOVIE clientId=android.media.AudioManager@2b3c876androidx.media3.common.audio.AudioFocusManager$$ExternalSyntheticLambda0@1c2beda callingPack=fr.retrospare.blazeplayer req=1 flags=0x0 sdk=36
07-02 01:56:26.101  1767  2929 I AS.FadeOutManager: unfadeOutUid() uid:10583
07-02 01:56:26.101  1767  5356 I MediaSessionStack: onPlaybackStateChanged - Pushing session to top | record: fr.retrospare.blazeplayer/androidx.media3.session.id.BlazeVideo/1949 (userId=0)
07-02 01:56:26.101  1767  5356 D MediaSessionService: onSessionPlaybackStateChanged: record=fr.retrospare.blazeplayer/androidx.media3.session.id.BlazeVideo/1949 (userId=0) playbackState=PlaybackState {state=BUFFERING(6), position=0, buffered position=0, speed=0.0, updated=539186335, actions=7339667, custom actions=[], active item id=0, error=null}
07-02 01:56:26.101  3056  3056 I Dtdi    : (REDACTED) [MediaControllerFilter] packageName=%s resolved=%s
07-02 01:56:26.103  1767  5692 I WifiService: acquireWifiLock uid=10583 lockMode=3 packageName=fr.retrospare.blazeplayer
07-02 01:56:26.103  1767  2500 D BackgroundInstallControlService: Package event received: 0
07-02 01:56:26.103  3056  3056 I Dtdi    : (REDACTED) [MediaControllerFilter] packageName=%s resolved=%s
07-02 01:56:26.104  3056  3056 I Dtdi    : (REDACTED) [MediaTransferSettingController] MTSettingDebug in media transfer settings onMediaValueUpdated %s
07-02 01:56:26.104  3056  3056 I Dtdi    : (REDACTED) [MediaControllerFilter] packageName=%s resolved=%s
07-02 01:56:26.105  3056  3056 I Dtdi    : (REDACTED) [MediaControllerFilter] packageName=%s resolved=%s
07-02 01:56:26.105  3056  3056 I Dtdi    : (REDACTED) [MediaControllerFilter] packageName=%s resolved=%s
07-02 01:56:26.106  1767  5692 I ActivityManager: Background started FGS: Allowed [callingPackage: fr.retrospare.blazeplayer; callingUid: 10583; uidState: TOP ; uidBFSL: [BFSL]; intent: Intent { act=androidx.media3.session.MediaSessionService xflg=0x4 cmp=fr.retrospare.blazeplayer/.player.VideoPlaybackService }; code:PROC_STATE_TOP; tempAllowListReason:<null>; allowWiu:12; targetSdkVersion:36; callerTargetSdkVersion:36; startForegroundCount:0; bindFromPackage:null: isBindService:true]
07-02 01:56:26.106  3056  3056 I Dtdi    : (REDACTED) [MediaControllerFilter] packageName=%s resolved=%s
07-02 01:56:26.106  3056  3056 I Dtdi    : (REDACTED) [MediaTransferSettingController] MTSettingDebug Found %s media routes. Max allowed=%s
07-02 01:56:26.107  3056  3056 I Dtdi    : (REDACTED) [MediaTransferSettingController] MTSettingDebug deviceIsReadyToOptIn contextSyncController: %s isMediaActive=%s
07-02 01:56:26.107  3056  3056 I Dtdi    : (REDACTED) [MediaTransferSettingController] MTSettingDebug isMediaTransferEnabled=%s setting=%s
07-02 01:56:26.107  3056  3056 I Dtdi    : (REDACTED) [OrchestrationController] MTDebug mediaTransferDiscoveryPreconditionsMet: containsMedia: %s enabled: %s mediaActive: %s
07-02 01:56:26.107  3056  3056 I Dtdi    : [OrchestrationController] MTDebug discovery preconditions are not met, stopping discovery [CONTEXT service_id=312 ]
07-02 01:56:26.107  3056  3056 I Dtdi    : [RouteScanController] stopScan: stopping route scanning [CONTEXT service_id=312 ]
07-02 01:56:26.107  3056  3056 I Dtdi    : [RouteScanController] stopScan: no active scanning sessions exist [CONTEXT service_id=312 ]
07-02 01:56:26.107  3056  3056 I Dtdi    : (REDACTED) [MediaTransferSettingController] MTSettingDebug isMediaTransferEnabled=%s setting=%s
07-02 01:56:26.107  3056  3056 I Dtdi    : (REDACTED) [OrchestrationController] MTDebug mediaTransferDiscoveryPreconditionsMet: containsMedia: %s enabled: %s mediaActive: %s
07-02 01:56:26.107  3056  3056 I Dtdi    : [OrchestrationController] Stopping discovery [CONTEXT service_id=312 ]
07-02 01:56:26.107  3056  3056 I Dtdi    : (REDACTED) [DiscoveryManager] Did not stop discovery for configuration: %s (still tracked or not found)
07-02 01:56:26.107  3056  3056 I Dtdi    : [OrchestrationController] Stopping discovery succeeded. [CONTEXT service_id=312 ]
07-02 01:56:26.107  1767  2500 D BackgroundInstallControlService: Package event received: 0
07-02 01:56:26.117  1312  1312 D META    : path=smb://NAS-ADMIN:%401981Ag23Sept@192.168.0.97/Médias/Films/Greenland.Le.Dernier.Refuge.2020.Vff..BDRIP.mp4 w=0 h=0 res= badge= dur=
07-02 01:56:26.117  1312  1312 D UI      : tvDuration=
07-02 01:56:26.120  1312  2061 I LocalStreamServer: Requête reçue de 192.168.0.42 : GET /stream/1782950186088
07-02 01:56:26.120  1312  2061 I LocalStreamServer: En-têtes : {remote-addr=192.168.0.42, icy-metadata=1, http-client-ip=192.168.0.42, host=192.168.0.42:8927, connection=Keep-Alive, accept-encoding=identity, user-agent=Dalvik/2.1.0 (Linux; U; Android 16; Pixel 8a Build/CP1A.260505.005)}
07-02 01:56:26.121  1312  1312 D META    : path=smb://NAS-ADMIN:%401981Ag23Sept@192.168.0.97/Médias/Films/Avatar.Fire.And.Ash.2025.Multi.Ca.WEBRIP.mp4 w=720 h=406 res=720×406 badge=SD dur=
07-02 01:56:26.121  1312  1312 D UI      : tvDuration= • 720×406
07-02 01:56:26.125  1312  1312 D META    : path=smb://NAS-ADMIN:%401981Ag23Sept@192.168.0.97/Médias/Films/A.Minecraft.Movie.2025.TRUEFRENCH.720p.WEB.H264-SUPPLY.mkv w=1280 h=688 res=1280×688 badge=HD dur=1:41:09
07-02 01:56:26.125  1312  1312 D UI      : tvDuration=1:41:09 • 1280×688
07-02 01:56:26.129  1312  1312 D META    : path=smb://NAS-ADMIN:%401981Ag23Sept@192.168.0.97/Médias/Films/Anaconda.2025.Multi.Vf2.720P. WEBRIP.mkv w=1280 h=720 res=1280×720 badge=HD dur=1:38:56
07-02 01:56:26.129  1312  1312 D UI      : tvDuration=1:38:56 • 1280×720
