07-02 01:56:20.555 10524 10524 D SearchTargetUtil: layoutType=empty_divider resultType=262144 packageName=
07-02 01:56:20.571  3056  1252 I GmsNetworkEngineImageFe: warmup called
07-02 01:56:20.571  3056  1252 I GmsNetworkEngineImageFe: fetchImage called
07-02 01:56:20.571  3056  1252 I GmsNetworkEngineImageFe: (REDACTED) image url: %s
07-02 01:56:20.675  3056  1252 I PlayCloudSearchServiceI: (REDACTED) getCompletions called on thread %s
07-02 01:56:20.678  3056  1252 I PlayCloudSearchServiceI: (REDACTED) Searching for query <%s> with account <%s>
07-02 01:56:20.678  3056  1252 I PlayCloudSearchServiceI: (REDACTED) result_count not specified, defaulting to %d...
07-02 01:56:20.721  3056  1996 E m55.rml : *~*~*~ Previous channel {0} was garbage collected without being shut down! ~*~*~*
07-02 01:56:20.721  3056  1996 E m55.rml :     Make sure to call shutdown()/shutdownNow()
07-02 01:56:20.721  3056  1996 E m55.rml : java.lang.RuntimeException: ManagedChannel allocation site
07-02 01:56:20.721  3056  1996 E m55.rml : 	at m55.rmk.<init>(:com.google.android.gms.optional_play_cloud_search@262434017@26.24.34 (100000-0):21)
07-02 01:56:20.721  3056  1996 E m55.rml : 	at m55.rml.<init>(:com.google.android.gms.optional_play_cloud_search@262434017@26.24.34 (100000-0):10)
07-02 01:56:20.721  3056  1996 E m55.rml : 	at m55.qwu.a(:com.google.android.gms.optional_play_cloud_search@262434017@26.24.34 (100000-0):322)
07-02 01:56:20.721  3056  1996 E m55.rml : 	at m55.inu.a(:com.google.android.gms.optional_play_cloud_search@262434017@26.24.34 (100000-0):159)
07-02 01:56:20.721  3056  1996 E m55.rml : 	at m55.nfc.a(:com.google.android.gms.optional_play_cloud_search@262434017@26.24.34 (100000-0):200)
07-02 01:56:20.721  3056  1996 E m55.rml : 	at m55.kvk.a(:com.google.android.gms.optional_play_cloud_search@262434017@26.24.34 (100000-0):13)
07-02 01:56:20.721  3056  1996 E m55.rml : 	at m55.mum.a(:com.google.android.gms.optional_play_cloud_search@262434017@26.24.34 (100000-0):3)
07-02 01:56:20.721  3056  1996 E m55.rml : 	at m55.mtp.run(:com.google.android.gms.optional_play_cloud_search@262434017@26.24.34 (100000-0):19)
07-02 01:56:20.721  3056  1996 E m55.rml : 	at m55.muo.run(:com.google.android.gms.optional_play_cloud_search@262434017@26.24.34 (100000-0):5)
07-02 01:56:20.721  3056  1996 E m55.rml : 	at m55.ala.c(:com.google.android.gms.optional_play_cloud_search@262434017@26.24.34 (100000-0):50)
07-02 01:56:20.721  3056  1996 E m55.rml : 	at m55.ala.run(:com.google.android.gms.optional_play_cloud_search@262434017@26.24.34 (100000-0):73)
07-02 01:56:20.721  3056  1996 E m55.rml : 	at java.util.concurrent.ThreadPoolExecutor.runWorker(ThreadPoolExecutor.java:1100)
07-02 01:56:20.721  3056  1996 E m55.rml : 	at java.util.concurrent.ThreadPoolExecutor$Worker.run(ThreadPoolExecutor.java:624)
07-02 01:56:20.721  3056  1996 E m55.rml : 	at blsn.run(:com.google.android.gms@262434035@26.24.34 (260400-938041327):8)
07-02 01:56:20.721  3056  1996 E m55.rml : 	at java.lang.Thread.run(Thread.java:1572)
07-02 01:56:20.749  1555  1555 D AOC     : CHRE: DRAM vote count begins
07-02 01:56:20.750  1555  1555 D AOC     : CHRE: DRAM vote count ends: 0 ms
07-02 01:56:20.757  1330  1361 D CHRE.HAL: Received a nanoapp message from 0x476f6f676c001022 endpoint 0x8082: Type 0x3 size 8 
07-02 01:56:20.758  1355  2095 I suez-nanoapp-clients: Barometric peak detected: magnitude = 0.177672 hPa (bucket: 4), duration = 80.000000 ms (bucket: 7).
07-02 01:56:20.758  1355  2244 I suez-nanoapp-clients: Vendor atom [id = 100047] reported.
07-02 01:56:20.759  1330  1361 I CHRE    : @ 539182.618: [ip] Peak detected: magnitude = 0.177672 hpa, duration = 80.000000 ms
07-02 01:56:20.935  3056  4769 I cn_CronetUrlRequestContext: destroyNativeStreamLocked org.chromium.net.impl.CronetBidirectionalStream@bceadeb
07-02 01:56:20.944  3056  1252 I PlayCloudSearchServiceI: (REDACTED) Number of app suggestions returned from xRPC call: %d
07-02 01:56:20.946  3056  1252 I PlayCloudSearchServiceI: (REDACTED) Number of app suggestions after filtering: %d
07-02 01:56:21.000  1380  1419 I grilcallback: Updating HandGrip status
07-02 01:56:21.001 10524 10524 D TaskbarManager: dispatchTouchEvent:  displayId=0 isDefaultDisplay=true
07-02 01:56:21.037  1767  2350 D ActivityManager: freezing 1312 fr.retrospare.blazeplayer
07-02 01:56:21.038  1767  2350 D ActivityManager: Reschedule freeze for process 1312 fr.retrospare.blazeplayer (outstanding txns), timeout=1000
07-02 01:56:21.047  1380  1419 I grilcallback: HandGrip status updated successfully
07-02 01:56:21.066  2612  2614 I deeptouch: I0000 00:00:1782950181.066769    2614 tf_lite_classifier.cc:415] Event stream classified as kNone
07-02 01:56:21.077  1767  4891 V GrammaticalInflectionUtils: AttributionSource: android.content.AttributionSource@93301296 does not have READ_SYSTEM_GRAMMATICAL_GENDER permission.
07-02 01:56:21.085  1767  4891 V ActivityTaskManager: TaskLaunchParamsModifier: phase=3 task=Task{4306ac2 #12392 type=standard A=10583:fr.retrospare.blazeplayer} activity=ActivityRecord{130276109 u0 fr.retrospare.blazeplayer/.MainActivity t-1} display-from-option=0 display-id=0 task-display-area-windowing-mode=1 suggested-display-area=DefaultTaskDisplayArea@65351521 inherit-from-source=fullscreen non-freeform-task-display-area display-area=DefaultTaskDisplayArea@65351521 skip-bounds-fullscreen
07-02 01:56:21.085  1767  4891 I ActivityTaskManager: START u0 {act=android.intent.action.MAIN cat=[android.intent.category.LAUNCHER] flg=0x10200000 xflg=0x4 cmp=fr.retrospare.blazeplayer/.MainActivity bnds=[285,1868][540,2150]} with LAUNCH_SINGLE_TOP from uid 10220 (com.google.android.apps.nexuslauncher) (sr=53989723) (BAL_ALLOW_VISIBLE_WINDOW) result code=0
07-02 01:56:21.085  2621  2653 V WindowManagerShell: Transition requested (#6147): android.os.BinderProxy@f429a83 TransitionRequestInfo { type = OPEN, triggerTask = TaskInfo{userId=0 taskId=12392 effectiveUid=10583 displayId=0 isRunning=true baseIntent=Intent { act=android.intent.action.MAIN cat=[android.intent.category.LAUNCHER] flg=0x10200000 cmp=fr.retrospare.blazeplayer/.MainActivity } baseActivity=ComponentInfo{fr.retrospare.blazeplayer/fr.retrospare.blazeplayer.MainActivity} topActivity=ComponentInfo{fr.retrospare.blazeplayer/fr.retrospare.blazeplayer.MainActivity} origActivity=null realActivity=ComponentInfo{fr.retrospare.blazeplayer/fr.retrospare.blazeplayer.MainActivity} realActivityIsAppLockEnabled=false numActivities=1 lastActiveTime=539181318 supportsMultiWindow=true resizeMode=1 isResizeable=true minWidth=-1 minHeight=-1 defaultMinSize=220 token=WCT{android.os.BinderProxy@ec1e400} topActivityType=1 pictureInPictureParams=null shouldDockBigOverlays=false launchIntoPipHostTaskId=-1 lastParentTaskIdBeforePip=-1 displayCutoutSafeInsets=Rect(0, 121 - 0, 0) topActivityInfo=ActivityInfo{4064439 fr.retrospare.blazeplayer.MainActivity} launchCookies=[android.os.BinderProxy@c8a9a7e] positionInParent=Point(0, 0) parentTaskId=-1 isFocused=false isVisible=false isVisibleRequested=false isTopActivityNoDisplay=false isSleeping=false locusId=null displayAreaFeatureId=1 isTopActivityTransparent=false isActivityStackTransparent=false lastNonFullscreenBounds=null leafTaskBoundsFromOptions= false capturedLink=null capturedLinkTimestamp=0 requestedVisibleTypes=503 topActivityRequestOpenInBrowserEducationTimestamp=0 appCompatTaskInfo=AppCompatTaskInfo { topActivityInSizeCompat=false isLeafTask= true eligibleForLetterboxEducation= false isLetterboxEducationEnabled= false isLetterboxDoubleTapEnabled= false eligibleForUserAspectRatioButton= false topActivityBoundsLetterboxed= false isFromLetterboxDoubleTap= false topActivityLetterboxVerticalPosition= -1 topActivityLetterboxHorizontalPosition= -1 topActivityLetterboxWidth=-1 topActivityLetterboxHeight=-1 topActivityAppBounds=Rect(0, 0 - 1080, 2400) isUserFullscreenOverrideEnabled=false isSystemFullscreenOverrideEnabled=false hasMinAspectRatioOverride=false topActivityLetterboxBounds=null topNonResizableActivityAspectRatio=-1.0} topActivityMainWindowFrame=null isAppBubble=false}, pipChange = null, remoteTransitionInfo = RemoteTransitionInfo { remoteTransition = android.window.IRemoteTransition$Stub$Proxy@d8a5bdf, debugName = QuickstepLaunch }, displayChange = null, requestedLocation = null, userChange = null, windowingLayerChange = null, fullscreenRequestChange = null, flags = 0, debugId = 6147 }
07-02 01:56:21.085  2621  2653 W DisplayDisconnectTransitionHandler: No disconnect change found in the transition, not handling request.
07-02 01:56:21.085  2621  2653 W DisplayDisconnectTransitionHandler: No disconnect change found in the transition, not handling request.
07-02 01:56:21.085  2621  2653 D ShellSplitScreen: logExit: no-op, mLoggerSessionId is null
07-02 01:56:21.085  2621  2653 V ShellDesktopMode: DesktopTasksController: skipping handleRequest reason=triggerTask's display doesn't support desktop mode
07-02 01:56:21.085  2621  2653 V WindowManagerShell: RemoteTransition directly requested for (#6147) android.os.BinderProxy@f429a83: RemoteTransition { remoteTransition = android.window.IRemoteTransition$Stub$Proxy@d8a5bdf, appThread = null, debugName = QuickstepLaunch, filter = null }
07-02 01:56:21.085  2621  2653 V WindowManagerShell: Transition (#6147): request handled by DefaultMixedHandler
07-02 01:56:21.086 10524 10524 D StatsLog: LAUNCHER_APP_LAUNCH_TAP
07-02 01:56:21.086 10524 10524 D StatsLog: LAUNCHER_HOTSEAT_RANKED
07-02 01:56:21.087 10524 10524 D RecentsView: onTaskDisplayChanged: 12392, new displayId = 0
07-02 01:56:21.088 10524 10524 D BaseActivity: Launcher flags updated: [state_started|state_resumed|state_deferred_resumed|state_window_focused|state_user_active] -[]
07-02 01:56:21.088  2621  2653 D Bubbles : BubbleTaskStackListener.onTaskMovedToFront(): taskId=12392
07-02 01:56:21.088 10524 10524 D BaseActivity: Launcher flags updated: [state_started|state_resumed|state_deferred_resumed|state_window_focused] -[state_user_active]
07-02 01:56:21.088 10524 10524 D BaseActivity: Launcher flags updated: [state_started|state_window_focused] -[state_resumed|state_deferred_resumed]
07-02 01:56:21.088 10524 10524 W SplitSelectStateCtor: Missing session instanceIds
07-02 01:56:21.088 10524 10524 D StatsLog: LAUNCHER_SPLIT_SELECTION_EXIT_INTERRUPTED
07-02 01:56:21.088  2621  2653 D WindowManagerShell: setLauncherKeepClearAreaHeight: visible=false, height=495
07-02 01:56:21.089  1767  2374 D CompatChangeReporter: Compat change id reported: 377864165; UID 10583; state: ENABLED
07-02 01:56:21.089  1767  2929 I AppsFilter: interaction: PackageSetting{c5344b8 fr.retrospare.blazeplayer/10583} -> PackageSetting{364c605 com.google.android.apps.nexuslauncher/10220} BLOCKED
07-02 01:56:21.088 10524 10541 D QuickstepModelDelegate: notifyAppTargetEvent action=1 launchLocation=all-apps
07-02 01:56:21.091 10524 10524 D b/417220811: invalidateLoadedTasks - previous requestLoadId: -1
07-02 01:56:21.092  2621  2653 D Bubbles : BubbleData.onLocusVisibilityChanged() locusId=Overview|ENABLED visible=false taskId=1
07-02 01:56:21.092  2621  2653 D Bubbles : BubbleData.onLocusVisibilityChanged() locusId=Overview|DISABLED visible=true taskId=1
07-02 01:56:21.095  1767  2500 D BackgroundInstallControlService: Package event received: 0
07-02 01:56:21.099  1767  2493 I MR2ServiceImpl: Updating composite discovery preference | preference: RouteDiscoveryRequest{ preferredFeatures={com.google.android.gms.cast.CATEGORY_CAST/CC1AD845///ALLOW_IPV6}, activeScan=false }, active routers: []
07-02 01:56:21.100  3056  3056 W DiscoveryManager: BroadcastReceiver is already registered
07-02 01:56:21.100  1767  1835 I DisplayDeviceRepository: Display device changed render timings: "Écran intégré", renderFrameRate=120.00001, presentationDeadlineNanos=11500000, appVsyncOffsetNanos=6233332, frameRateOverrides=[]
07-02 01:56:21.101  3056  1996 I DiscoveryManager: Discovery state (DiscoveryState{filterCriteria=[CC1AD845, %urn:x-cast:com.google.cast.media, CFE7FEDA], categoryToCriteria={com.google.android.gms.cast.CATEGORY_CAST//urn:x-cast:com.google.cast.media//ALLOW_IPV6=[%urn:x-cast:com.google.cast.media], com.google.android.gms.cast.CATEGORY_CAST/CC1AD845///ALLOW_IPV6=[CC1AD845], com.google.android.gms.cast.CATEGORY_CAST/CFE7FEDA/urn:x-cast:com.google.cast.media//ALLOW_IPV6=[CFE7FEDA, %urn:x-cast:com.google.cast.media]}, activeScan=false, activeScanWithScreenOff=false, discoveryRequestSupportsDynamicSession=false, eventFlowId=-1})
07-02 01:56:21.101  1767  2500 D BackgroundInstallControlService: Package event received: 0
07-02 01:56:21.101  1767  2500 D BackgroundInstallControlService: Package event received: 0
07-02 01:56:21.101  1767  2500 D BackgroundInstallControlService: Package event received: 0
07-02 01:56:21.110  3056  3056 I CastMediaRouteProvider: Published 4 routes
07-02 01:56:21.111  1767  1832 V WindowManager: Sent Transition (#6147) createdAt=07-02 01:56:21.078 via request=TransitionRequestInfo { type = OPEN, triggerTask = TaskInfo{userId=0 taskId=12392 effectiveUid=10583 displayId=0 isRunning=true baseIntent=Intent { act=android.intent.action.MAIN cat=[android.intent.category.LAUNCHER] flg=0x10200000 cmp=fr.retrospare.blazeplayer/.MainActivity } baseActivity=ComponentInfo{fr.retrospare.blazeplayer/fr.retrospare.blazeplayer.MainActivity} topActivity=ComponentInfo{fr.retrospare.blazeplayer/fr.retrospare.blazeplayer.MainActivity} origActivity=null realActivity=ComponentInfo{fr.retrospare.blazeplayer/fr.retrospare.blazeplayer.MainActivity} realActivityIsAppLockEnabled=false numActivities=1 lastActiveTime=539181318 supportsMultiWindow=true resizeMode=1 isResizeable=true minWidth=-1 minHeight=-1 defaultMinSize=220 token=WCT{RemoteToken{12ed528 Task{4306ac2 #12392 type=standard A=10583:fr.retrospare.blazeplayer}}} topActivityType=1 pictureInPictureParams=null shouldDockBigOverlays=false launchIntoPipHostTaskId=-1 lastParentTaskIdBeforePip=-1 displayCutoutSafeInsets=Rect(0, 121 - 0, 0) topActivityInfo=ActivityInfo{ad32241 fr.retrospare.blazeplayer.MainActivity} launchCookies=[android.os.BinderProxy@f9b93e6] positionInParent=Point(0, 0) parentTaskId=-1 isFocused=false isVisible=false isVisibleRequested=false isTopActivityNoDisplay=false isSleeping=false locusId=null displayAreaFeatureId=1 isTopActivityTransparent=false isActivityStackTransparent=false lastNonFullscreenBounds=null leafTaskBoundsFromOptions= false capturedLink=null capturedLinkTimestamp=0 requestedVisibleTypes=503 topActivityRequestOpenInBrowserEducationTimestamp=0 appCompatTaskInfo=AppCompatTaskInfo { topActivityInSizeCompat=false isLeafTask= true eligibleForLetterboxEducation= false isLetterboxEducationEnabled= false isLetterboxDoubleTapEnabled= false eligibleForUserAspectRatioButton= false topActivityBoundsLetterboxed= false isFromLetterboxDoubleTap= false topActivityLetterboxVerticalPosition= -1 topActivityLetterboxHorizontalPosition= -1 topActivityLetterboxWidth=-1 topActivityLetterboxHeight=-1 topActivityAppBounds=Rect(0, 0 - 1080, 2400) isUserFullscreenOverrideEnabled=false isSystemFullscreenOverrideEnabled=false hasMinAspectRatioOverride=false topActivityLetterboxBounds=null topNonResizableActivityAspectRatio=-1.0} topActivityMainWindowFrame=null isAppBubble=false}, pipChange = null, remoteTransitionInfo = RemoteTransitionInfo { remoteTransition = android.window.IRemoteTransition$Stub$Proxy@6323d27, debugName = QuickstepLaunch }, displayChange = null, requestedLocation = null, userChange = null, windowingLayerChange = null, fullscreenRequestChange = null, flags = 0, debugId = 6147 }
07-02 01:56:21.111  1767  1832 V WindowManager:     startWCT=WindowContainerTransaction { changes= {} hops= [] flags= 0 errorCallbackToken=null taskFragmentOrganizer=null }
07-02 01:56:21.111  1767  1832 V WindowManager:     info={id=6147 t=OPEN f=0x0 trk=0 r=[0@Point(0, 0)] c=[
07-02 01:56:21.111  1767  1832 V WindowManager:         {WCT{RemoteToken{12ed528 Task{4306ac2 #12392 type=standard A=10583:fr.retrospare.blazeplayer}}} m=OPEN f=NONE leash=Surface(name=Task=12392#85791)/@0xbd4901a sb=Rect(0, 0 - 1080, 2400) eb=Rect(0, 0 - 1080, 2400) epz=Point(1080, 2400) d=0 taskParent=-1 winMode=1 userId=0},
07-02 01:56:21.111  1767  1832 V WindowManager:         {WCT{RemoteToken{dea04c Task{73d10d3 #1 type=home}}} m=TO_BACK f=SHOW_WALLPAPER leash=Surface(name=Task=1#44)/@0x3878d6f sb=Rect(0, 0 - 1080, 2400) eb=Rect(0, 0 - 1080, 2400) epz=Point(1080, 2400) d=0 taskParent=-1 winMode=1 userId=0},
07-02 01:56:21.111  1767  1832 V WindowManager:         {m=TO_BACK f=IS_WALLPAPER leash=Surface(name=WallpaperWindowToken{fe32e67}#55)/@0xe3e1749 sb=Rect(0, 0 - 1080, 2400) eb=Rect(0, 0 - 1080, 2400) epz=Point(1080, 2400) d=0}
07-02 01:56:21.111  1767  1832 V WindowManager:     ]}
07-02 01:56:21.112  2621 16800 V WindowManagerShell: onTransitionReady(transaction=7589208088839)
07-02 01:56:21.112  2621  2653 V WindowManagerShell: onTransitionReady (#6147) android.os.BinderProxy@f429a83: {id=6147 t=OPEN f=0x0 trk=0 r=[0@Point(0, 0)] c=[
07-02 01:56:21.112  2621  2653 V WindowManagerShell:         {m=OPEN f=NONE leash=Surface(name=Task=12392#85791)/@0xd3274c7 sb=Rect(0, 0 - 1080, 2400) eb=Rect(0, 0 - 1080, 2400) epz=Point(1080, 2400) d=0 taskParent=-1 winMode=1 userId=0},
07-02 01:56:21.112  2621  2653 V WindowManagerShell:         {m=TO_BACK f=SHOW_WALLPAPER leash=Surface(name=Task=1#44)/@0x6fa8af4 sb=Rect(0, 0 - 1080, 2400) eb=Rect(0, 0 - 1080, 2400) epz=Point(1080, 2400) d=0 taskParent=-1 winMode=1 userId=0},
07-02 01:56:21.112  2621  2653 V WindowManagerShell:         {m=TO_BACK f=IS_WALLPAPER leash=Surface(name=WallpaperWindowToken{fe32e67}#55)/@0xbbbb21d sb=Rect(0, 0 - 1080, 2400) eb=Rect(0, 0 - 1080, 2400) epz=Point(1080, 2400) d=0}
07-02 01:56:21.112  2621  2653 V WindowManagerShell:     ]}
07-02 01:56:21.113  2621  2653 V ShellDesktopMode: DesktopModeLogger: taskInfo map after processing changes 0
07-02 01:56:21.113  2621  2653 D ShellDesktopMode: DesktopTaskChangeListener: onTaskMovingToBack for taskId=1, displayId=0 - desktop not supported
07-02 01:56:21.113  2621  2653 D ShellDesktopMode: DesktopTaskChangeListener: onTaskOpening for taskId=12392, displayId=0 userId=0 currentUserId=0 parentTaskId=-1 isFreeform=false isActive=false isPinned=false
07-02 01:56:21.113  2621  2653 D ShellDesktopMode: DesktopTaskChangeListener: onTaskOpening for taskId=12392, displayId=0 - desktop not supported
07-02 01:56:21.113  2621  2653 V WindowManagerShell: Playing animation for (#6147) android.os.BinderProxy@f429a83@0
07-02 01:56:21.113  2621  2653 V WindowManagerShell:  try firstHandler com.android.wm.shell.transition.DefaultMixedHandler@8ad879c
07-02 01:56:21.113  2621  2653 V WindowManagerShell: Mixed transition for opening an intent with a remote transition and PIP or Desktop #6147
07-02 01:56:21.113  2621  2653 V WindowManagerShell: tryAnimateOpenIntentWithRemoteAndPipOrDesktop
07-02 01:56:21.113  2621  2653 V WindowManagerShell:  Delegate animation for (#6147) to RemoteTransition { remoteTransition = android.window.IRemoteTransition$Stub$Proxy@d8a5bdf, appThread = null, debugName = QuickstepLaunch, filter = null }
07-02 01:56:21.113 10524 10524 D BaseActivity: Launcher flags updated: [state_started] -[state_window_focused]
07-02 01:56:21.113  2621  2653 V WindowManagerShell:  animated by firstHandler
07-02 01:56:21.114  3056  3606 I CastService: [instance-1288] [com.google.android.gms] follow session disabled, with outputSwitcher: disabled
07-02 01:56:21.114  2105  2105 I pixel-thermal: VIRTUAL-USB-UI:0 raw data: USB-MINUS-CHARGER:-4096 VIRTUAL-USB-UI:0 charger_therm:38183 usb_conn_therm:34087 
07-02 01:56:21.114  3056  3606 I CastService: [instance-1288] [com.google.android.gms] acquireDeviceController: Google Play services client: 262434000 and APK: 262434000
07-02 01:56:21.114  2105  2105 I pixel-thermal: VIRTUAL-USB-THROTTLING:0 raw data: USB-MINUS-CHARGER:-4096 VIRTUAL-USB-THROTTLING:0 usb_conn_therm:34087 
07-02 01:56:21.115  1767  2374 I MediaSessionStack: addSession to bottom of stack | record: com.google.android.gms/cast_rcn_media_session/1948 (userId=0)
07-02 01:56:21.115  1767  2374 D MediaSessionService: Media button session is changed to fr.retrospare.blazeplayer/androidx.media3.session.id./1943 (userId=0)
07-02 01:56:21.115  2105  2105 I pixel-thermal: VIRTUAL-SKIN-SPEAKER:35.1584 raw data: VIRTUAL-SKIN-SPEAKER:35158.4 VIRTUAL-SKIN-SPEAKER-SUB-1:32696 VIRTUAL-SKIN-SPEAKER-SUB-2:35158.4 battery:34200 gnss_tcxo_therm:36091 quiet_therm:35111 soc_therm:35935 usb_conn_therm:34087 
07-02 01:56:21.116  2105  2105 I pixel-thermal: cellular-emergency:35.7128 raw data: VIRTUAL-SKIN:35712.8 VIRTUAL-SKIN-SUB-1:35712.8 VIRTUAL-SKIN-SUB-2:31941.5 VIRTUAL-SKIN-SUB-3:34014.5 cellular-emergency:35712.8 charger_therm:38183 gnss_tcxo_therm:36091 modem_therm:36892 quiet_therm:35111 rffe_therm:34377 soc_therm:35935 usb_conn_therm:34087 
07-02 01:56:21.116  2105  2105 I pixel-thermal: VIRTUAL-SKIN-CHARGE:36.035 raw data: VIRTUAL-SKIN-CHARGE:36035 VIRTUAL-SKIN-CHARGE-SUB-1:35614.9 VIRTUAL-SKIN-CHARGE-SUB-2:36035 charger_therm:38183 modem_therm:36892 quiet_therm:35111 rffe_therm:34377 soc_therm:35935 
07-02 01:56:21.116  2105  2105 I pixel-thermal: charger_therm:38.183 raw data: charger_therm:38183 
07-02 01:56:21.116  2105  2105 I pixel-thermal: VIRTUAL-SKIN-CHARGE-WLC:36.2119 raw data: VIRTUAL-SKIN-CHARGE-WLC:36211.9 charger_therm:38183 modem_therm:36892 rffe_therm:34377 soc_therm:35935 
07-02 01:56:21.116  2105  2105 I pixel-thermal: usb_conn_therm:34.087 raw data: usb_conn_therm:34087 
07-02 01:56:21.116  2105  2105 I pixel-thermal: soc_therm:35.935 raw data: soc_therm:35935 
07-02 01:56:21.116  2105  2105 I pixel-thermal: VIRTUAL-SKIN:35.7128 raw data: VIRTUAL-SKIN:35712.8 
07-02 01:56:21.116 10524 10524 D LauncherStateManager: StateManager.cancelAnimation: animation ongoing: false, partial trace:
07-02 01:56:21.116 10524 10524 D LauncherStateManager: 	at com.android.launcher3.statemanager.StateManager.setCurrentAnimation(go/retraceme e7cd309963814d9065d6a536389605fbebe82217e83d1c01d8c604122a56f12e:60)
07-02 01:56:21.116 10524 10524 D LauncherStateManager: 	at com.android.launcher3.QuickstepTransitionManager$AppLaunchAnimationRunner.onAnimationStart(go/retraceme e7cd309963814d9065d6a536389605fbebe82217e83d1c01d8c604122a56f12e:428)
07-02 01:56:21.116 10524 10524 D LauncherStateManager: 	at com.android.launcher3.LauncherAnimationRunner$$ExternalSyntheticLambda2.run(go/retraceme e7cd309963814d9065d6a536389605fbebe82217e83d1c01d8c604122a56f12e:72)
07-02 01:56:21.117  1767  2333 W PendingIntentHolder: Unresolvable implicit intent is set, pi=PendingIntent{5301bd4: PendingIntentRecord{61dc0fb com.google.android.gms/com.google.android.gms.cast broadcastIntent}}
07-02 01:56:21.117  3339  3339 I MediaPlayerList: onMediaKeyEventSessionChanged: token=fr.retrospare.blazeplayer
07-02 01:56:21.119  2621  2653 V ShellTaskOrganizer: Task appeared taskId=12392 listener=FullscreenTaskListener
07-02 01:56:21.119  2621  2653 V ShellTaskOrganizer: Fullscreen Task Appeared: #12392
07-02 01:56:21.119  1767  2333 D MediaSessionService: onSessionPlaybackStateChanged: record=com.google.android.gms/cast_rcn_media_session/1948 (userId=0) playbackState=PlaybackState {state=NONE(0), position=0, buffered position=0, speed=1.0, updated=539181353, actions=0, custom actions=[], active item id=-1, error=null}
07-02 01:56:21.119  3112  3112 W HomeApp|ahkp: Trying to update a route (com.google.android.gms/.cast.media.CastMediaRoute2ProviderService_Persistent:6f0e91c6-e81c-4e88-bf5d-e7693bd7933d) that hasn't been discovered before!
07-02 01:56:21.119  1767  2492 D MediaSessionService: setFgsIfSessionIsLinkedToNotification: record=com.google.android.gms/cast_rcn_media_session/1948 (userId=0)
07-02 01:56:21.119  3112  3112 W HomeApp|ahkp: Trying to update a route (com.google.android.gms/.cast.media.CastMediaRoute2ProviderService_Persistent:8e822b3afbd36b8bc32e9874228dacea) that hasn't been discovered before!
07-02 01:56:21.119  3112  3112 W HomeApp|ahkp: Trying to update a route (com.google.android.gms/.cast.media.CastMediaRoute2ProviderService_Persistent:7cabc658c39a7aeff798f6f4b8022d08) that hasn't been discovered before!
07-02 01:56:21.119  3112  3112 W HomeApp|ahkp: Trying to update a route (com.google.android.gms/.cast.media.CastMediaRoute2ProviderService_Persistent:ab52e200-cbc6-4156-8d39-f674bfb9bb81) that hasn't been discovered before!
07-02 01:56:21.121 10524 10524 D b/417220811: invalidateLoadedTasks - previous requestLoadId: -1
07-02 01:56:21.122  1312  1312 I MediaController: Init dce6097 [AndroidXMedia3/1.9.0] [akita, Pixel 8a, Google, 36]
07-02 01:56:21.122  3339  3339 I MediaPlayerList: sendMediaUpdate: Creating a one item queue for a player with no queue
07-02 01:56:21.122  3339  3339 E MediaControlProfile: onCurrentPlayerStateUpdated: base actions not supported, player actions= 6ffe85, expected at least= 7f
07-02 01:56:21.122  3339  3339 W MediaControlGattService: Feature MEDIA_STATE support: true
07-02 01:56:21.123  3339  3339 W MediaControlGattService: Feature PLAYER_NAME support: true
07-02 01:56:21.123  3339  3339 W MediaControlGattService: Feature PLAYER_ICON_URL support: false
07-02 01:56:21.123  3339  3339 W MediaControlGattService: Feature PLAYER_ICON_OBJ_ID support: false
07-02 01:56:21.123  3339  3339 W MediaControlGattService: Feature CURRENT_TRACK_SEGMENT_OBJ_ID support: false
07-02 01:56:21.123  3339  3339 W MediaControlGattService: Feature CURRENT_TRACK_OBJ_ID support: false
07-02 01:56:21.123  3339  3339 W MediaControlGattService: Feature NEXT_TRACK_OBJ_ID support: false
07-02 01:56:21.123  3339  3339 W MediaControlGattService: Feature CURRENT_GROUP_OBJ_ID support: false
07-02 01:56:21.123  3339  3339 W MediaControlGattService: Feature PARENT_GROUP_OBJ_ID support: false
07-02 01:56:21.123  3339  3339 W MediaControlGattService: Feature SEARCH_RESULT_OBJ_ID support: false
07-02 01:56:21.123  3339  3339 W MediaControlGattService: Feature TRACK_TITLE support: true
07-02 01:56:21.123  3339  3339 W MediaControlGattService: Feature TRACK_DURATION support: true
07-02 01:56:21.123  3339  3339 W MediaControlGattService: Feature TRACK_POSITION support: true
07-02 01:56:21.123  3339  3339 W MediaControlGattService: Feature TRACK_POSITION_NOTIFY support: true
07-02 01:56:21.123  3339  3339 W MediaControlGattService: Feature MEDIA_STATE support: true
07-02 01:56:21.123  3339  3339 W MediaControlGattService: Feature MEDIA_STATE support: true
07-02 01:56:21.123  3339  3339 W MediaControlGattService: Feature PLAYBACK_SPEED support: true
07-02 01:56:21.123  3339  3339 W MediaControlGattService: Feature PLAYBACK_SPEED support: true
07-02 01:56:21.123  3339  3339 W MediaControlGattService: Feature PLAYBACK_SPEED support: true
07-02 01:56:21.123  3339  3339 W MediaControlGattService: Feature SEEKING_SPEED support: true
07-02 01:56:21.123  3339  3339 W MediaControlGattService: Feature SEEKING_SPEED support: true
07-02 01:56:21.123  3339  3339 W MediaControlGattService: Feature SEEKING_SPEED support: true
07-02 01:56:21.123  3339  3339 W MediaControlGattService: Feature PLAYING_ORDER_SUPPORTED support: true
07-02 01:56:21.123  3339  3339 W MediaControlGattService: Feature PLAYING_ORDER support: true
07-02 01:56:21.123  3339  3339 W MediaControlGattService: Feature MEDIA_CONTROL_POINT_OPCODES_SUPPORTED support: true
07-02 01:56:21.123  3339  3339 W MediaControlGattService: Feature PLAYER_NAME support: true
07-02 01:56:21.123  3339  3339 W MediaControlGattService: Feature PLAYER_NAME support: true
07-02 01:56:21.123  3339  3339 W MediaControlGattService: Feature PLAYER_NAME_NOTIFY support: true
07-02 01:56:21.123  1330  1361 D CHRE.HAL: Received a nanoapp message from 0x476f6f676c001019 endpoint 0x1: Type 0x1f4 size 12 
07-02 01:56:21.124  3339  3339 W MediaControlGattService: Feature MEDIA_CONTROL_POINT_OPCODES_SUPPORTED support: true
07-02 01:56:21.124  3339  3339 W MediaControlGattService: Feature PLAYING_ORDER_SUPPORTED support: true
07-02 01:56:21.124  3339  3339 W MediaControlGattService: Feature PLAYING_ORDER support: true
07-02 01:56:21.124  3339  3339 W MediaControlGattService: Feature PLAYER_ICON_OBJ_ID support: false
07-02 01:56:21.124  3339  3339 W MediaControlGattService: Feature PLAYER_ICON_URL support: false
07-02 01:56:21.124  3339  3339 W MediaControlGattService: Feature MEDIA_CONTROL_POINT_OPCODES_SUPPORTED support: true
07-02 01:56:21.124  3339  3339 W MediaControlGattService: Feature MEDIA_STATE support: true
07-02 01:56:21.124  3339  3339 W MediaControlGattService: Feature PLAYING_ORDER_SUPPORTED support: true
07-02 01:56:21.124  3339  3339 W MediaControlGattService: Feature PLAYING_ORDER support: true
07-02 01:56:21.124  3339  3339 W MediaControlGattService: Feature PLAYING_ORDER_NOTIFY support: true
07-02 01:56:21.124  3056  3056 W ChimeraUtils: Module com.google.android.gms.cast missing resource cast_module_display_name(0)
07-02 01:56:21.124  3339  3339 W MediaControlGattService: Feature TRACK_DURATION support: true
07-02 01:56:21.124  1312  1312 I AppVisibilityProxy: onAppEnteredForeground
07-02 01:56:21.124  3339  3339 W MediaControlGattService: Feature TRACK_DURATION support: true
07-02 01:56:21.124  3339  3339 W MediaControlGattService: Feature TRACK_DURATION_NOTIFY support: true
07-02 01:56:21.125  3339  3339 W MediaControlGattService: Feature MEDIA_STATE support: true
07-02 01:56:21.125  3339  3339 W MediaControlGattService: Feature TRACK_CHANGED support: true
07-02 01:56:21.126  3339  3339 I MediaPlayerList: onMediaKeyEventSessionChanged: token=fr.retrospare.blazeplayer
07-02 01:56:21.126  3339  3339 W MediaPlayerList: fr.retrospare.blazeplayer is already the active player
07-02 01:56:21.127  3339  3339 I PlayerSettingsManager: activePlayerChanged - current active app uid=10583 isNotFrozen=true
07-02 01:56:21.127  3339  3339 I PlayerSettingsManager: activePlayerChanged - unregistering the MediaControllerCallback
07-02 01:56:21.127  3339  3339 I PlayerSettingsManager: activePlayerChanged to fr.retrospare.blazeplayer
07-02 01:56:21.128  3056  3056 I Dtdi    : (REDACTED) [MediaControllerFilter] packageName=%s resolved=%s
07-02 01:56:21.128  3339  3339 I PlayerSettingsManager: updateRemoteDevice: repeat (STATE_REPEAT_OFF -> STATE_REPEAT_OFF), shuffle (STATE_SHUFFLE_OFF -> STATE_SHUFFLE_OFF)
07-02 01:56:21.128  3339  3339 I MediaPlayerList: sendMediaUpdate: Creating a one item queue for a player with no queue
07-02 01:56:21.128  3056  3056 I Dtdi    : (REDACTED) [MediaControllerFilter] packageName=%s resolved=%s
07-02 01:56:21.129  3339  3339 I MediaPlayerList: sendMediaUpdate: Creating a one item queue for a player with no queue
07-02 01:56:21.129  3339  3339 W MediaControlGattService: Feature PLAYER_NAME support: true
07-02 01:56:21.129  3339  3339 W MediaControlGattService: Feature MEDIA_STATE support: true
07-02 01:56:21.130  1330  1361 D CHRE.HAL: Received a nanoapp message from 0x476f6f676c001019 endpoint 0x1: Type 0x1f4 size 12 
07-02 01:56:21.130  3339  3339 I PlayerSettingsManager: activePlayerChanged - current active app uid=10583 isNotFrozen=true
07-02 01:56:21.130  3339  3339 I PlayerSettingsManager: activePlayerChanged - unregistering the MediaControllerCallback
07-02 01:56:21.131  3339  3339 I PlayerSettingsManager: activePlayerChanged to fr.retrospare.blazeplayer
07-02 01:56:21.131  3339  3339 I PlayerSettingsManager: updateRemoteDevice: repeat (STATE_REPEAT_OFF -> STATE_REPEAT_OFF), shuffle (STATE_SHUFFLE_OFF -> STATE_SHUFFLE_OFF)
07-02 01:56:21.131  1767  2455 I serviceDiscovery: [MdnsDiscoveryManager] Unregistering listener for serviceType:_googlecast._tcp.local
07-02 01:56:21.132  3339  3339 I MediaPlayerList: sendMediaUpdate: Creating a one item queue for a player with no queue
07-02 01:56:21.132  3056  1996 I CastService: [instance-1288] [com.google.android.gms] Connecting to device ("B4u" (7cabc658c39a7aeff798f6f4b8022d08) )
07-02 01:56:21.132  1767  2455 I serviceDiscovery: [MdnsDiscoveryManager] Unregistering listener for serviceType:_googlecast._tcp.local
07-02 01:56:21.132  3056  1996 I CDC     : [API-CSC-2840-CDC-2841-com.google.android.gms] Creating a new CastDeviceController from com.google.android.gms for "B4u" (7cabc658c39a7aeff798f6f4b8022d08) 
07-02 01:56:21.132  1767  2333 I WifiService: releaseMulticastLock uid=10178 lockTag=MdnsServiceBrowserImpl
07-02 01:56:21.132  1767  2455 I serviceDiscovery: [MdnsDiscoveryManager] Unregistering listener for serviceType:_googlecast._tcp.local
07-02 01:56:21.132  3056  3056 I Dtdi    : (REDACTED) [MediaControllerFilter] packageName=%s resolved=%s
07-02 01:56:21.133  1767  2455 I serviceDiscovery: [MdnsDiscoveryManager] Unregistering listener for serviceType:_googlecast._tcp.local
07-02 01:56:21.133  3339  3339 I MediaPlayerList: sendMediaUpdate: Creating a one item queue for a player with no queue
07-02 01:56:21.133  3339  3339 W MediaControlGattService: Feature PLAYER_NAME support: true
07-02 01:56:21.133  3339  3339 W MediaControlGattService: Feature MEDIA_STATE support: true
07-02 01:56:21.133  1767  2455 I serviceDiscovery: [MdnsDiscoveryManager] Unregistering listener for serviceType:_googlecast._tcp.local
07-02 01:56:21.133  3056  3056 I Dtdi    : (REDACTED) [MediaControllerFilter] packageName=%s resolved=%s
07-02 01:56:21.133  1767  5356 I WifiService: acquireMulticastLock uid=10178 lockTag=MdnsServiceBrowserImpl
07-02 01:56:21.134  3056  3606 I MdnsServiceBrowser: (REDACTED) registering %s
07-02 01:56:21.134  1767  2455 I serviceDiscovery: [MdnsDiscoveryManager] Registering listener for serviceType: _googlecast._tcp.local
07-02 01:56:21.135  1767  2455 I serviceDiscovery: [MdnsDiscoveryManager] Registering listener for serviceType: _googlecast._tcp.local
07-02 01:56:21.135  1767  2455 I serviceDiscovery: [MdnsDiscoveryManager] Registering listener for serviceType: _googlecast._tcp.local
07-02 01:56:21.135  1767  2455 I serviceDiscovery: [MdnsDiscoveryManager] Registering listener for serviceType: _googlecast._tcp.local
07-02 01:56:21.136  1767  2455 I serviceDiscovery: [MdnsDiscoveryManager] Registering listener for serviceType: _googlecast._tcp.local
07-02 01:56:21.138  1767  2455 I serviceDiscovery: [MdnsDiscoveryManager] Registering listener for serviceType: _googlecast._tcp.local
07-02 01:56:21.140  3056  1996 I DeviceScanner: [MDNS] Received response from "B4u" (7cabc658c39a7aeff798f6f4b8022d08)  with result "2 Updated device"
07-02 01:56:21.140  3056  1996 I DeviceScanner: [MDNS] Received response from "F17i" (8e822b3afbd36b8bc32e9874228dacea) [cast connect] with result "2 Updated device"
07-02 01:56:21.141  1312  1312 I MediaController: Init faa85ae [AndroidXMedia3/1.9.0] [akita, Pixel 8a, Google, 36]
07-02 01:56:21.144  1312  1312 I ContentCaptureHelper: Setting logging level to OFF
07-02 01:56:21.144  1312  1312 I MediaController: Init cc9e4e0 [AndroidXMedia3/1.9.0] [akita, Pixel 8a, Google, 36]
07-02 01:56:21.154  3339  3339 I PlayerSettingsManager: updateRemoteDevice: repeat (STATE_REPEAT_OFF -> STATE_REPEAT_OFF), shuffle (STATE_SHUFFLE_OFF -> STATE_SHUFFLE_OFF)
07-02 01:56:21.156  1312  1312 D WindowOnBackDispatcher: setTopOnBackInvokedCallback (unwrapped): android.app.Activity$$ExternalSyntheticLambda0@e9bb33c
07-02 01:56:21.157  1767  5692 D CoreBackPreview: Window{e72fd46 u0 fr.retrospare.blazeplayer/fr.retrospare.blazeplayer.MainActivity}: Setting back callback OnBackInvokedCallbackInfo{mCallback=android.window.IOnBackInvokedCallback$Stub$Proxy@e323fa0, mPriority=-1, mIsAnimationCallback=false, mOverrideBehavior=0}
07-02 01:56:21.158  1312  1312 D VRI[MainActivity]: WindowInsets changed: 1080x2400 statusBars:[0,121,0,0] navigationBars:[0,0,0,126] mandatorySystemGestures:[0,153,0,126] 
07-02 01:56:21.163  3056  1999 I DeviceAuthChannel: [API-CSC-2840-CDC-2841-com.google.android.gms] Reuse old nonce: [17, -54, 40, 6, 60, 15, -106, -6, -101, -99, -82, 111, 79, 37, 68, -20]
07-02 01:56:21.179  1312  1312 W TextView: onProvideContentCaptureStructure(): calling assumeLayout()
07-02 01:56:21.181  1767  1832 I ActivityTaskManager: Displayed fr.retrospare.blazeplayer/.MainActivity for user 0: +105ms
07-02 01:56:21.191 10524 10524 D b/417220811: invalidateLoadedTasks - previous requestLoadId: -1
07-02 01:56:21.193  1312  1312 D META    : path=content://media/external/video/media/1000014734 w=424 h=282 res=424×282 badge=SD dur=1:29
07-02 01:56:21.193  1312  1312 D UI      : tvDuration=1:29 • 424×282
07-02 01:56:21.197  1312  1312 D META    : path=content://media/external/video/media/1000014727 w=564 h=304 res=564×304 badge=SD dur=0:54
07-02 01:56:21.198  1312  1312 D UI      : tvDuration=0:54 • 564×304
07-02 01:56:21.208  1767  2375 I ImeTracker: fr.retrospare.blazeplayer:97e7abad: onRequestHide at ORIGIN_SERVER reason HIDE_UNSPECIFIED_WINDOW fromUser false userId 0 displayId 0
07-02 01:56:21.208  1312  1312 D InsetsController: hide(ime())
07-02 01:56:21.208  1312  1312 I ImeTracker: fr.retrospare.blazeplayer:97e7abad: onCancelled at PHASE_CLIENT_ALREADY_HIDDEN
07-02 01:56:21.209  7745  7745 I GoogleInputMethodService: GoogleInputMethodService.onFinishInput():2274 
07-02 01:56:21.209  7745  7745 I Module  : DeviceLockedStatusModuleProvider$Module.updateDeviceLockedStatusInternal():128 repeatCheckTimes = 0, locked = false
07-02 01:56:21.209  7745  7745 I GoogleInputMethodService: GoogleInputMethodService.onStartInput():1459 onStartInput(EditorInfo{EditorInfo{packageName=fr.retrospare.blazeplayer, inputType=0, inputTypeString=NULL, enableLearning=false, autoCorrection=false, autoComplete=false, imeOptions=0, privateImeOptions=null, actionName=UNSPECIFIED, actionLabel=null, initialSelStart=-1, initialSelEnd=-1, initialCapsMode=0, label=null, fieldId=0, fieldName=null, extras=null, hintText=null, hintLocales=[]}}, false)
07-02 01:56:21.209  7745  7745 W LatinIMEBase: LatinIMEBase.updateInputViewCoverNavigation():322 Null input view, cannot update padding!
07-02 01:56:21.209  7745  7745 I Module  : DeviceLockedStatusModuleProvider$Module.updateDeviceLockedStatusInternal():128 repeatCheckTimes = 1, locked = false
07-02 01:56:21.210  1767  2929 I ImeTracker: system_server:680e402c: onRequestHide at ORIGIN_SERVER reason IME_REQUESTED_CHANGED_LISTENER fromUser false displayId 0
07-02 01:56:21.210  1767  2333 W PackageConfigPersister: App-specific configuration not found for packageName: fr.retrospare.blazeplayer and userId: 0
07-02 01:56:21.210  1767  1835 I ImeTracker: system_server:680e402c: onCancelled at PHASE_SERVER_SHOULD_HIDE
07-02 01:56:21.216  3056  3056 I CastService: [instance-1288] [com.google.android.gms] Connected to device. rejoinedApp: true
07-02 01:56:21.217  3056  1997 E CDC     : [API-CSC-2840-CDC-2841-com.google.android.gms] sendTextMessage - message discarded without payload or destination ID.
07-02 01:56:21.217  3056  1997 I CastService: [instance-1288] [com.google.android.gms] onMessageSendFailed: urn:x-cast:com.google.cast.media 2 INVALID_REQUEST
07-02 01:56:21.224  1767  2500 D BackgroundInstallControlService: Package event received: 0
07-02 01:56:21.224  1767  2500 D BackgroundInstallControlService: Package event received: 0
07-02 01:56:21.234  3056  1997 I CastService: [instance-1288] [com.google.android.gms] Disconnecting
07-02 01:56:21.234  1767  2333 I MediaSessionStack: removeSession | record: com.google.android.gms/cast_rcn_media_session/1948 (userId=0)
07-02 01:56:21.234  3056  1997 I CastService: [instance-1288] [com.google.android.gms] Disposing ConnectedClient; controller = CSC|[API-CSC-2840-CDC-2841-com.google.android.gms] .
07-02 01:56:21.235  1767  2333 D MediaSessionService: destroySessionLocked: record=com.google.android.gms/cast_rcn_media_session/1948 (userId=0)
07-02 01:56:21.235  1767  2492 D MediaSessionService: setFgsIfNoSessionIsLinkedToNotification: record=com.google.android.gms/cast_rcn_media_session/1948 (userId=0)
07-02 01:56:21.237  3339  3339 I MediaPlayerList: sendMediaUpdate: Creating a one item queue for a player with no queue
07-02 01:56:21.237  3339  3339 W MediaControlGattService: Feature PLAYER_NAME support: true
07-02 01:56:21.237  3339  3339 W MediaControlGattService: Feature MEDIA_STATE support: true
07-02 01:56:21.237  3056  3056 I Dtdi    : (REDACTED) [MediaControllerFilter] packageName=%s resolved=%s
07-02 01:56:21.238  3056  3056 I Dtdi    : (REDACTED) [MediaControllerFilter] packageName=%s resolved=%s
07-02 01:56:21.239  3339  3339 I PlayerSettingsManager: activePlayerChanged - current active app uid=10583 isNotFrozen=true
07-02 01:56:21.239  3339  3339 I PlayerSettingsManager: activePlayerChanged - unregistering the MediaControllerCallback
07-02 01:56:21.240  3339  3339 I PlayerSettingsManager: activePlayerChanged to fr.retrospare.blazeplayer
07-02 01:56:21.242  3056  2034 I CastService: [instance-1288] [com.google.android.gms] onDisconnected: status = SUCCESS
07-02 01:56:21.242  3056  2034 I CastService: [instance-1288] [com.google.android.gms] Disposing ConnectedClient; controller = CSC.
07-02 01:56:21.243  3339  3339 I PlayerSettingsManager: updateRemoteDevice: repeat (STATE_REPEAT_OFF -> STATE_REPEAT_OFF), shuffle (STATE_SHUFFLE_OFF -> STATE_SHUFFLE_OFF)
07-02 01:56:21.243  3339  3339 I MediaPlayerList: sendMediaUpdate: Creating a one item queue for a player with no queue
07-02 01:56:21.244  3339  3339 I PlayerSettingsManager: updateRemoteDevice: repeat (STATE_REPEAT_OFF -> STATE_REPEAT_OFF), shuffle (STATE_SHUFFLE_OFF -> STATE_SHUFFLE_OFF)
07-02 01:56:21.244  3056  1997 I CastSocketMultiplexer: Stopping multiplexer...
07-02 01:56:21.632  2621  3240 V WindowManagerShell: Received remote transition finished callback for (#6147)
07-02 01:56:21.632  2621  2653 V WindowManagerShell: Transition animation finished (aborted=false), notifying core (#6147) android.os.BinderProxy@f429a83@0
07-02 01:56:21.636  1767  1832 V WindowManager: Finish Transition (#6147): created at 07-02 01:56:21.078 collect-started=0.105ms request-sent=5.972ms started=9.27ms ready=11.923ms sent=32.096ms commit=11.061ms finished=557.427ms
07-02 01:56:21.637  2722  2722 D WallpaperService: onVisibilityChanged(false): com.google.android.torus.core.wallpaper.LiveWallpaper$LiveWallpaperEngineWrapper@a5b379e
07-02 01:56:21.637  2722  2722 D MagicPortraitWallpaperService: onPause
07-02 01:56:21.638  2621  2653 V WindowManagerShell: Track 0 became idle
07-02 01:56:21.638  2621  2653 V WindowManagerShell: All active transition animations finished
07-02 01:56:21.640  2722  2722 D WeatherRenderer: stopUpdateAndDrawBitmap
07-02 01:56:21.642 10524 10524 D VRI[NexusLauncherActivity]: visibilityChanged oldVisibility=true newVisibility=false
07-02 01:56:21.644  2621  2653 D Bubbles : BubbleData.onLocusVisibilityChanged() locusId=Overview|DISABLED visible=false taskId=1
07-02 01:56:21.647 10524 10524 D NexusLauncherModelDelegate: notifySmartspaceEvent: SmartspaceTargetEvent{mSmartspaceTarget=null, mSmartspaceActionId='null', mEventType=7}
07-02 01:56:21.650 11689 11751 I AiAiEcho: AmbientDataPredictorImpl No tracked ambient data found for ID: null; for event type: 7, skipping event processing.
07-02 01:56:21.653 10524 10524 D BaseActivity: Launcher flags updated: [] -[state_started]
07-02 01:56:21.653 10524 10524 D BaseDepthController: setSurface:
07-02 01:56:21.653 10524 10524 D BaseDepthController: 	mWaitingOnSurfaceValidity: false
07-02 01:56:21.653 10524 10524 D BaseDepthController: 	mBaseSurface: null
07-02 01:56:21.654 10524 10524 D BaseDepthController: mSurface is null and mCurrentBlur is: 79
07-02 01:56:21.654 10524 10524 D KeyboardStateManager: hideKeyboard
07-02 01:56:21.654 10524 10524 D KeyboardStateManager: isImeShown: false
07-02 01:56:21.654 10524 10524 D StatsLog: LAUNCHER_ONSTOP
07-02 01:56:21.654 10524 10584 D GmsPlayProvider: Shutdown the binder channel gracefully.
07-02 01:56:21.654 10524 10524 D StatsLog: LAUNCHER_GOOGLE_SEARCH_RESTORE_LIST_SIZE_AFTER_ACTIVITY_RESTART
07-02 01:56:21.655 10524 28175 I libbinder.IPCThreadState: oneway function results for code 2 on binder at 0xb4000073d10aba50 will be dropped but finished with status UNKNOWN_TRANSACTION
07-02 01:56:21.660 10524 10584 D GmsPlayProvider: Binder channel is terminated gracefully.
07-02 01:56:21.660  3056  3056 I PlayCloudSearchChimeraS: Stopping the server
07-02 01:56:21.661  3056  3056 I PlayCloudSearchLifeCycl: Stopping the GRPC server
07-02 01:56:21.665  1767  2500 D BackgroundInstallControlService: Package event received: 0
07-02 01:56:22.511  1380  1419 I grilcallback: Updating HandGrip status
07-02 01:56:22.512 10524 10524 D TaskbarManager: dispatchTouchEvent:  displayId=0 isDefaultDisplay=true
07-02 01:56:22.554  1380  1419 I grilcallback: HandGrip status updated successfully
07-02 01:56:22.565  2105  2110 I pixel-thermal: charger_therm:38.183 raw data: charger_therm:38183 
07-02 01:56:22.566  2105  2110 I pixel-thermal: VIRTUAL-SKIN-CHARGE:36.035 raw data: VIRTUAL-SKIN-CHARGE:36035 
07-02 01:56:22.566  2105  2110 I pixel-thermal: VIRTUAL-SKIN-CHARGE power_budget=4507.19 err=1.965 s_power=2200 time_elapsed_ms=7012 p=786 i=1600 d=-0 dt_per_min=nan compensation=0 budget transient=0 control target=2 excluded power budget=78.8127 (PARTIAL_SYSTEM_POWER: 1576.25 mW, cdev_weight: 0.050000)
07-02 01:56:22.566  2105  2110 I pixel-thermal: VIRTUAL-SKIN-SPEAKER:35.1584 raw data: VIRTUAL-SKIN-SPEAKER:35158.4 
07-02 01:56:22.566  2105  2110 I pixel-thermal: VIRTUAL-SKIN-CHARGE-WLC:36.2119 raw data: VIRTUAL-SKIN-CHARGE-WLC:36211.9 
07-02 01:56:22.566  2105  2110 I pixel-thermal: VIRTUAL-SKIN-CHARGE-WLC power_budget=2000 err=1.78815 s_power=1400 time_elapsed_ms=7012 p=357.629 i=400 d=-0 dt_per_min=nan compensation=0 budget transient=0 control target=2 excluded power budget=157.625 (PARTIAL_SYSTEM_POWER: 1576.25 mW, cdev_weight: 0.100000)
07-02 01:56:22.574  2612  2614 I deeptouch: I0000 00:00:1782950182.573687    2614 tf_lite_classifier.cc:415] Event stream classified as kNone
07-02 01:56:22.599  1312  1312 D META    : path=smb://NAS-ADMIN:%401981Ag23Sept@192.168.0.97/Médias/Films/Greenland.Le.Dernier.Refuge.2020.Vff..BDRIP.mp4 w=0 h=0 res= badge= dur=
07-02 01:56:22.599  1312  1312 D UI      : tvDuration=
07-02 01:56:22.608  1312  1312 D META    : path=smb://NAS-ADMIN:%401981Ag23Sept@192.168.0.97/Médias/Films/Avatar.Fire.And.Ash.2025.Multi.Ca.WEBRIP.mp4 w=720 h=406 res=720×406 badge=SD dur=
07-02 01:56:22.609  1312  1312 D UI      : tvDuration= • 720×406
07-02 01:56:22.618  1312  1312 D META    : path=smb://NAS-ADMIN:%401981Ag23Sept@192.168.0.97/Médias/Films/A.Minecraft.Movie.2025.TRUEFRENCH.720p.WEB.H264-SUPPLY.mkv w=1280 h=688 res=1280×688 badge=HD dur=1:41:09
07-02 01:56:22.618  1312  1312 D UI      : tvDuration=1:41:09 • 1280×688
07-02 01:56:22.624  1312  1366 W are.blazeplayer: Cleared Reference was only reachable from finalizer (only reported once)
07-02 01:56:22.630  1312  1312 D META    : path=smb://NAS-ADMIN:%401981Ag23Sept@192.168.0.97/Médias/Films/Anaconda.2025.Multi.Vf2.720P. WEBRIP.mkv w=1280 h=720 res=1280×720 badge=HD dur=1:38:56
07-02 01:56:22.630  1312  1312 D UI      : tvDuration=1:38:56 • 1280×720
07-02 01:56:22.712  1330  1361 D CHRE.HAL: Received a nanoapp message from 0x476f6f676c001019 endpoint 0x1: Type 0x1f4 size 12 
07-02 01:56:22.723  1330  1361 D CHRE.HAL: Received a nanoapp message from 0x476f6f676c001019 endpoint 0x1: Type 0x1f4 size 12 
07-02 01:56:23.212  1388  2514 I WifiHAL : Creating message to get link statistics; iface = 47
07-02 01:56:23.275  1388  1388 I WifiHAL : Getting cached scan results, iface handle = 0xb400007546ddb350
07-02 01:56:23.275  1388  1388 E WifiHAL : Creating message to get cached scan results
07-02 01:56:23.283  1388  1388 I WifiHAL : In GetCachedScanResultsCommand::handleResponse
07-02 01:56:23.331  1388  1388 D WifiHAL : Start debug command: mType GET_FEATURE
07-02 01:56:23.331  1388  1388 I WifiHAL : CreateRequest mType = GET_FEATURE
07-02 01:56:23.331  1388  1388 D WifiHAL : In DebugCommand::handleResponse, mType:GET_FEATURE
07-02 01:56:23.331  1388  1388 D WifiHAL : len = 4, expected len = 4
07-02 01:56:23.334  3192  3222 D IwlanDataService: onCapabilitiesChanged: 140 [ Transports: WIFI Capabilities: NOT_METERED&INTERNET&NOT_RESTRICTED&TRUSTED&NOT_VPN&VALIDATED&NOT_ROAMING&FOREGROUND&NOT_CONGESTED&NOT_SUSPENDED&NOT_VCN_MANAGED&NOT_BANDWIDTH_CONSTRAINED LinkUpBandwidth>=59890Kbps LinkDnBandwidth>=79087Kbps TransportInfo: <SSID: "Panda", BSSID: e4:fa:c4:48:ff:b2, MAC: b2:8d:d7:7b:bb:a4, IP: /192.168.0.42, Security type: 2, Supplicant state: COMPLETED, Wi-Fi standard: 11ax, RSSI: -73, Link speed: 144Mbps, Tx Link speed: 144Mbps, Max Supported Tx Link speed: 1200Mbps, Calculated Tx : 243Mbps, Rx Link speed: 288Mbps, Max Supported Rx Link speed: 1200Mbps, Calculated Rx : 406Mbps, Frequency: 5180MHz, Net ID: 6, Metered hint: false, score: 100, isUsable: true, CarrierMerged: false, SubscriptionId: -1, IsPrimary: 1, Trusted: true, Restricted: false, Ephemeral: false, OEM paid: false, OEM private: false, OSU AP: false, FQDN: <none>, Provider friendly name: <none>, Requesting package name: <none>"Panda"wpa2-pskMLO Information: , Is TID-To-Link negotiation supported by the AP: false, AP MLD Address: <none>, AP MLO Link Id: <none>, AP MLO Affiliated links: <none>, Vendor Data: <none>> SignalStrength: -73 AdminUids: [10151] SSID: "Panda" UnderlyingNetworks: Null]
07-02 01:56:23.334  3192  3222 D IwlanDataService: Network 140 connected using transport WIFI
07-02 01:56:23.336  1767  2445 I HalDevMgr: bestIfaceCreationProposal is null, requestIface=STA, existingIface=[name=wlan0 type=STA]
07-02 01:56:23.338  3192  3450 D IwlanNetworkService: onCapabilitiesChanged: 140
07-02 01:56:23.339  3587  3674 I WifiSignalInfo: onCapabilitiesChanged: rssi:-73
07-02 01:56:23.340  3587  3630 D DeviceStateHelper: Wifi freq: 5180
07-02 01:56:23.341  3587  3637 D ImsPreconditionCheck: {subId=6} handleMessage: { when=-1ms what=16 target=eja async=false heapIndex=-1 }
