07-02 01:56:36.273  1528 21926 D AidlBufferPool: Destruction - bufferpool2 0xb400006f6bab0a38 cached: 0/0M, 0/0% in use; allocs: 6, 17% recycled; transfers: 2, 0% unfetched
07-02 01:56:36.276  1528  2165 I CCodecBufferChannel: [c2.android.avc.decoder#556] Created output block pool with allocatorID 17 => poolID 4570 - OK
07-02 01:56:36.277  1528  2165 D CCodecBufferChannel: [c2.android.avc.decoder#556] Configured output block pool ids 4570 => OK
07-02 01:56:36.278  1528  2157 W ResourceManagerServiceUtils: Ignoring request to add new resource entry with value <= 0
07-02 01:56:36.286  1312  1803 W SmbMediaDataSource: readAt failed at position 5747, nouvelle tentative avec un handle/share frais (budget restant: 17)
07-02 01:56:36.286  1312  1803 W SmbMediaDataSource: com.hierynomus.smbj.common.SMBRuntimeException: DiskShare has already been closed
07-02 01:56:36.286  1312  1803 W SmbMediaDataSource: 	at com.hierynomus.smbj.share.Share.send(Share.java:364)
07-02 01:56:36.286  1312  1803 W SmbMediaDataSource: 	at com.hierynomus.smbj.share.Share.readAsync(Share.java:220)
07-02 01:56:36.286  1312  1803 W SmbMediaDataSource: 	at com.hierynomus.smbj.share.Share.read(Share.java:214)
07-02 01:56:36.286  1312  1803 W SmbMediaDataSource: 	at com.hierynomus.smbj.share.File.read(File.java:162)
07-02 01:56:36.286  1312  1803 W SmbMediaDataSource: 	at fr.retrospare.blazeplayer.player.SmbMediaDataSource.readAt(SmbMediaDataSource.kt:61)
07-02 01:56:36.286  1312  1803 W SmbMediaDataSource: 	at android.media.MediaMetadataRetriever._getFrameAtTime(Native Method)
07-02 01:56:36.286  1312  1803 W SmbMediaDataSource: 	at android.media.MediaMetadataRetriever.getFrameAtTime(MediaMetadataRetriever.java:767)
07-02 01:56:36.286  1312  1803 W SmbMediaDataSource: 	at fr.retrospare.blazeplayer.ui.ThumbnailUtils$loadThumbnail$2.invokeSuspend(ThumbnailUtils.kt:202)
07-02 01:56:36.286  1312  1803 W SmbMediaDataSource: 	at kotlin.coroutines.jvm.internal.BaseContinuationImpl.resumeWith(ContinuationImpl.kt:34)
07-02 01:56:36.286  1312  1803 W SmbMediaDataSource: 	at kotlinx.coroutines.DispatchedTask.run(DispatchedTask.kt:100)
07-02 01:56:36.286  1312  1803 W SmbMediaDataSource: 	at kotlinx.coroutines.internal.LimitedDispatcher$Worker.run(LimitedDispatcher.kt:124)
07-02 01:56:36.286  1312  1803 W SmbMediaDataSource: 	at kotlinx.coroutines.scheduling.TaskImpl.run(Tasks.kt:89)
07-02 01:56:36.286  1312  1803 W SmbMediaDataSource: 	at kotlinx.coroutines.scheduling.CoroutineScheduler.runSafely(CoroutineScheduler.kt:586)
07-02 01:56:36.286  1312  1803 W SmbMediaDataSource: 	at kotlinx.coroutines.scheduling.CoroutineScheduler$Worker.executeTask(CoroutineScheduler.kt:820)
07-02 01:56:36.286  1312  1803 W SmbMediaDataSource: 	at kotlinx.coroutines.scheduling.CoroutineScheduler$Worker.runWorker(CoroutineScheduler.kt:717)
07-02 01:56:36.286  1312  1803 W SmbMediaDataSource: 	at kotlinx.coroutines.scheduling.CoroutineScheduler$Worker.run(CoroutineScheduler.kt:704)
07-02 01:56:36.287  1312  1803 E SmbMediaDataSource: readAt a échoué même après nouvelle tentative à la position 5747
07-02 01:56:36.287  1312  1803 E SmbMediaDataSource: com.hierynomus.smbj.common.SMBRuntimeException: DiskShare has already been closed
07-02 01:56:36.287  1312  1803 E SmbMediaDataSource: 	at com.hierynomus.smbj.share.Share.send(Share.java:364)
07-02 01:56:36.287  1312  1803 E SmbMediaDataSource: 	at com.hierynomus.smbj.share.Share.sendReceive(Share.java:358)
07-02 01:56:36.287  1312  1803 E SmbMediaDataSource: 	at com.hierynomus.smbj.share.Share.createFile(Share.java:156)
07-02 01:56:36.287  1312  1803 E SmbMediaDataSource: 	at com.hierynomus.smbj.share.DiskShare.createFileAndResolve(DiskShare.java:75)
07-02 01:56:36.287  1312  1803 E SmbMediaDataSource: 	at com.hierynomus.smbj.share.DiskShare.access$100(DiskShare.java:55)
07-02 01:56:36.287  1312  1803 E SmbMediaDataSource: 	at com.hierynomus.smbj.share.DiskShare$2.apply(DiskShare.java:109)
07-02 01:56:36.287  1312  1803 E SmbMediaDataSource: 	at com.hierynomus.smbj.share.DiskShare$2.apply(DiskShare.java:105)
07-02 01:56:36.287  1312  1803 E SmbMediaDataSource: 	at com.hierynomus.smbj.paths.PathResolver$1.resolve(PathResolver.java:32)
07-02 01:56:36.287  1312  1803 E SmbMediaDataSource: 	at com.hierynomus.smbj.paths.SymlinkPathResolver.resolve(SymlinkPathResolver.java:62)
07-02 01:56:36.287  1312  1803 E SmbMediaDataSource: 	at com.hierynomus.smbj.share.DiskShare.resolveAndCreateFile(DiskShare.java:105)
07-02 01:56:36.287  1312  1803 E SmbMediaDataSource: 	at com.hierynomus.smbj.share.DiskShare.open(DiskShare.java:65)
07-02 01:56:36.287  1312  1803 E SmbMediaDataSource: 	at com.hierynomus.smbj.share.DiskShare.openFile(DiskShare.java:169)
07-02 01:56:36.287  1312  1803 E SmbMediaDataSource: 	at fr.retrospare.blazeplayer.player.SmbMediaDataSource.readAt(SmbMediaDataSource.kt:78)
07-02 01:56:36.287  1312  1803 E SmbMediaDataSource: 	at android.media.MediaMetadataRetriever._getFrameAtTime(Native Method)
07-02 01:56:36.287  1312  1803 E SmbMediaDataSource: 	at android.media.MediaMetadataRetriever.getFrameAtTime(MediaMetadataRetriever.java:767)
07-02 01:56:36.287  1312  1803 E SmbMediaDataSource: 	at fr.retrospare.blazeplayer.ui.ThumbnailUtils$loadThumbnail$2.invokeSuspend(ThumbnailUtils.kt:202)
07-02 01:56:36.287  1312  1803 E SmbMediaDataSource: 	at kotlin.coroutines.jvm.internal.BaseContinuationImpl.resumeWith(ContinuationImpl.kt:34)
07-02 01:56:36.287  1312  1803 E SmbMediaDataSource: 	at kotlinx.coroutines.DispatchedTask.run(DispatchedTask.kt:100)
07-02 01:56:36.287  1312  1803 E SmbMediaDataSource: 	at kotlinx.coroutines.internal.LimitedDispatcher$Worker.run(LimitedDispatcher.kt:124)
07-02 01:56:36.287  1312  1803 E SmbMediaDataSource: 	at kotlinx.coroutines.scheduling.TaskImpl.run(Tasks.kt:89)
07-02 01:56:36.287  1312  1803 E SmbMediaDataSource: 	at kotlinx.coroutines.scheduling.CoroutineScheduler.runSafely(CoroutineScheduler.kt:586)
07-02 01:56:36.287  1312  1803 E SmbMediaDataSource: 	at kotlinx.coroutines.scheduling.CoroutineScheduler$Worker.executeTask(CoroutineScheduler.kt:820)
07-02 01:56:36.287  1312  1803 E SmbMediaDataSource: 	at kotlinx.coroutines.scheduling.CoroutineScheduler$Worker.runWorker(CoroutineScheduler.kt:717)
07-02 01:56:36.287  1312  1803 E SmbMediaDataSource: 	at kotlinx.coroutines.scheduling.CoroutineScheduler$Worker.run(CoroutineScheduler.kt:704)
07-02 01:56:36.288  1544  4747 W mediaswcodec: AIBinder_linkToDeath is being called with a non-null cookie and no onUnlink callback set. Use AIBinder_DeathRecipient_setOnUnlinked to manage the lifetime of the cookie. This will become an abort.
07-02 01:56:36.288  1528  2157 W mediaserver: AIBinder_linkToDeath is being called with a non-null cookie and no onUnlink callback set. Use AIBinder_DeathRecipient_setOnUnlinked to manage the lifetime of the cookie. This will become an abort.
07-02 01:56:36.289  1528 32642 W FrameDecoder: Input Error: err=-2147483648
07-02 01:56:36.290  1528 32642 E FrameDecoder: extractInternal error -2147483648
07-02 01:56:36.296  1544  2170 D SimpleC2Component: Using output block pool with poolID 4570 => got 4570 - 0
07-02 01:56:36.299  1528  2157 W AMessage: failed to post message as target looper for handler 0 is gone.
07-02 01:56:36.299  1528  2157 W AMessage: failed to post message as target looper for handler 0 is gone.
07-02 01:56:36.300  1528  2157 D CCodecBufferChannel: [c2.android.avc.decoder#556] MediaCodec discarded an unknown buffer
07-02 01:56:36.300  1528  2157 D CCodecBufferChannel: [c2.android.avc.decoder#556] MediaCodec discarded an unknown buffer
07-02 01:56:36.306  1528 19879 D PipelineWatcher: onInputBufferReleased: frameIndex not found (0); ignored
07-02 01:56:36.306  1528 19879 D CCodecBufferChannel: [c2.android.avc.decoder#556] Ignoring stale input buffer done callback: last flush index = 0, frameIndex = 0
07-02 01:56:36.307  1528  2165 D CCodecConfig: c2 config diff is   c2::u32 output.delay.value = 7
07-02 01:56:36.318  1528  2165 D AidlBufferPool: Destruction - bufferpool2 0xb400006f6bab2a98 cached: 0/0M, 0/0% in use; allocs: 0, 0% recycled; transfers: 0, 0% unfetched
07-02 01:56:36.319  1544 14341 D AidlBufferPool: Destruction - bufferpool2 0xb400006e27065bf8 cached: 0/0M, 0/0% in use; allocs: 2, 0% recycled; transfers: 0, 0% unfetched
07-02 01:56:36.324  1528  2178 D CCodec  : allocate(c2.exynos.h264.decoder)
07-02 01:56:36.332  1528  2178 I CCodec  : setting up 'default' as default (vendor) store
07-02 01:56:36.342  1376  2730 I samsung.hardware.media.c2@1.2-service: missing struct descriptor #Param::CoreIndex(--002) for field mastering of struct #Param::CoreIndex(--180a)
07-02 01:56:36.343  1376  2730 I samsung.hardware.media.c2@1.2-service: missing struct descriptor #Param::CoreIndex(--002) for field mastering of struct #Param::CoreIndex(--180a)
07-02 01:56:36.343  1376  2730 W ColorUtils: expected specified color aspects (0:0:0:0)
07-02 01:56:36.352  1528  2178 W mediaserver: AIBinder_linkToDeath is being called with a non-null cookie and no onUnlink callback set. Use AIBinder_DeathRecipient_setOnUnlinked to manage the lifetime of the cookie. This will become an abort.
07-02 01:56:36.353  1528  2178 I CCodec  : Created component [c2.exynos.h264.decoder] for [c2.exynos.h264.decoder]
07-02 01:56:36.355  1528  2178 D CCodecConfig: read media type: video/avc
07-02 01:56:36.364  1767  1863 W ProcessStats: Tracking association SourceState{a7099eb system/1000 BFgs #754097} whose proc state 4 is better than process ProcessState{613a10c com.google.android.apps.magicportrait/10058 pkg=com.google.android.apps.magicportrait} proc state 5 (15 skipped)
07-02 01:56:36.378  1528  2178 D ReflectedParamUpdater: extent() != 1 for single value type: output.subscribed-indices.values
07-02 01:56:36.379  1528  2178 D ReflectedParamUpdater: extent() != 1 for single value type: input.buffers.allocator-ids.values
07-02 01:56:36.380  1528  2178 D ReflectedParamUpdater: extent() != 1 for single value type: output.buffers.allocator-ids.values
07-02 01:56:36.381  1528  2178 D ReflectedParamUpdater: extent() != 1 for single value type: output.buffers.pool-ids.values
07-02 01:56:36.393  1528  2178 D ReflectedParamUpdater: ignored struct field coded.color-format.locations
07-02 01:56:36.404  1528  2178 D CCodecConfig: ignoring local param raw.size (0xd2001800) as it is already supported
07-02 01:56:36.404  1528  2178 D CCodecConfig: ignoring local param default.color (0x5200180b) as it is already supported
07-02 01:56:36.404  1528  2178 D ReflectedParamUpdater: ignored struct field raw.hdr-static-info.mastering
07-02 01:56:36.407  1528  2178 I CCodecConfig: query failed after returning 15 values (BAD_INDEX)
07-02 01:56:36.408  1528  2178 D CCodecConfig: c2 config diff is Dict {
07-02 01:56:36.408  1528  2178 D CCodecConfig:   c2::u32 algo.low-latency.value = 0
07-02 01:56:36.408  1528  2178 D CCodecConfig:   c2::i32 algo.priority.value = 0
07-02 01:56:36.408  1528  2178 D CCodecConfig:   c2::float algo.rate.value = 0
07-02 01:56:36.408  1528  2178 D CCodecConfig:   c2::u32 coded.pl.level = 20496
07-02 01:56:36.408  1528  2178 D CCodecConfig:   c2::u32 coded.pl.profile = 20481
07-02 01:56:36.408  1528  2178 D CCodecConfig:   c2::u32 coded.vui.color.matrix = 0
07-02 01:56:36.408  1528  2178 D CCodecConfig:   c2::u32 coded.vui.color.primaries = 0
07-02 01:56:36.408  1528  2178 D CCodecConfig:   c2::u32 coded.vui.color.range = 0
07-02 01:56:36.408  1528  2178 D CCodecConfig:   c2::u32 coded.vui.color.transfer = 0
07-02 01:56:36.408  1528  2178 D CCodecConfig:   c2::u32 default.color.matrix = 0
07-02 01:56:36.408  1528  2178 D CCodecConfig:   c2::u32 default.color.primaries = 0
07-02 01:56:36.408  1528  2178 D CCodecConfig:   c2::u32 default.color.range = 0
07-02 01:56:36.408  1528  2178 D CCodecConfig:   c2::u32 default.color.transfer = 0
07-02 01:56:36.408  1528  2178 D CCodecConfig:   c2::u32 input.buffers.max-size.value = 7340032
07-02 01:56:36.408  1528  2178 D CCodecConfig:   string input.media-type.value = "video/avc"
07-02 01:56:36.408  1528  2178 D CCodecConfig:   c2::u32 output.delay.value = 3
07-02 01:56:36.408  1528  2178 D CCodecConfig:   string output.media-type.value = "video/raw"
07-02 01:56:36.408  1528  2178 D CCodecConfig:   c2::u32 raw.color.matrix = 0
07-02 01:56:36.408  1528  2178 D CCodecConfig:   c2::u32 raw.color.primaries = 0
07-02 01:56:36.408  1528  2178 D CCodecConfig:   c2::u32 raw.color.range = 0
07-02 01:56:36.408  1528  2178 D CCodecConfig:   c2::u32 raw.color.transfer = 0
07-02 01:56:36.408  1528  2178 D CCodecConfig:   c2::float raw.hdr-static-info.max-cll = 0
07-02 01:56:36.408  1528  2178 D CCodecConfig:   c2::float raw.hdr-static-info.max-fall = 0
07-02 01:56:36.408  1528  2178 D CCodecConfig:   c2::u32 raw.max-size.height = 240
07-02 01:56:36.408  1528  2178 D CCodecConfig:   c2::u32 raw.max-size.width = 320
07-02 01:56:36.408  1528  2178 D CCodecConfig:   c2::u32 raw.pixel-format.value = 34
07-02 01:56:36.408  1528  2178 D CCodecConfig:   c2::i32 raw.rotation.flip = 
07-02 01:56:36.409  1528  2178 W ColorUtils: expected specified color aspects (0:0:0:0)
07-02 01:56:36.411  1528  2177 I MediaCodec: MediaCodec will operate in async mode
07-02 01:56:36.412  1528 32642 I MediaCodec: media_quality service unavailable, skipping updatePictureProfile
07-02 01:56:36.415  1528  2178 D CCodec  : [c2.exynos.h264.decoder] buffers are not bound to CCodec for this session
07-02 01:56:36.416  1528  2178 D CCodecConfig: no c2 equivalents for thumbnail-time
07-02 01:56:36.416  1528  2178 D CCodecConfig: no c2 equivalents for durationUs
07-02 01:56:36.416  1528  2178 D CCodecConfig: no c2 equivalents for display-width
07-02 01:56:36.416  1528  2178 D CCodecConfig: no c2 equivalents for display-height
07-02 01:56:36.416  1528  2178 D CCodecConfig: no c2 equivalents for color-standard
07-02 01:56:36.416  1528  2178 D CCodecConfig: no c2 equivalents for csd-1
07-02 01:56:36.416  1528  2178 D CCodecConfig: no c2 equivalents for color-format
07-02 01:56:36.416  1528  2178 D CCodecConfig: no c2 equivalents for importance
07-02 01:56:36.416  1528  2178 D CCodecConfig: no c2 equivalents for flags
07-02 01:56:36.420  1528  2178 D CCodecConfig: c2 config diff is   c2::u32 coded.pl.level = 20490
07-02 01:56:36.420  1528  2178 D CCodecConfig:   c2::u32 coded.pl.profile = 20484
07-02 01:56:36.420  1528  2178 D CCodecConfig:   c2::u32 default.color.matrix = 1
07-02 01:56:36.420  1528  2178 D CCodecConfig:   c2::u32 default.color.primaries = 1
07-02 01:56:36.420  1528  2178 D CCodecConfig:   c2::u32 default.color.range = 2
07-02 01:56:36.420  1528  2178 D CCodecConfig:   c2::u32 default.color.transfer = 3
07-02 01:56:36.420  1528  2178 D CCodecConfig:   c2::u32 raw.pixel-format.value = 291
07-02 01:56:36.420  1528  2178 D CCodecConfig:   c2::u32 raw.size.height = 704
07-02 01:56:36.420  1528  2178 D CCodecConfig:   c2::u32 raw.size.width = 1304
07-02 01:56:36.421  1528  2178 W ColorUtils: expected specified color aspects (0:0:0:0)
07-02 01:56:36.422  1528  2178 D CCodec  : encoding statistics level = 0
07-02 01:56:36.422  1528  2178 D CCodec  : setup formats input: AMessage(what = 0x00000000) = {
07-02 01:56:36.422  1528  2178 D CCodec  :   int32_t height = 704
07-02 01:56:36.422  1528  2178 D CCodec  :   int32_t level = 1024
07-02 01:56:36.422  1528  2178 D CCodec  :   int32_t max-input-size = 7340032
07-02 01:56:36.422  1528  2178 D CCodec  :   string mime = "video/avc"
07-02 01:56:36.422  1528  2178 D CCodec  :   int32_t priority = 0
07-02 01:56:36.422  1528  2178 D CCodec  :   int32_t profile = 8
07-02 01:56:36.422  1528  2178 D CCodec  :   int32_t width = 1304
07-02 01:56:36.422  1528  2178 D CCodec  :   Rect crop(0, 0, 1303, 703)
07-02 01:56:36.422  1528  2178 D CCodec  : }
07-02 01:56:36.422  1528  2178 D CCodec  : setup formats output: AMessage(what = 0x00000000) = {
07-02 01:56:36.422  1528  2178 D CCodec  :   int32_t android._color-format = 291
07-02 01:56:36.422  1528  2178 D CCodec  :   int32_t android._video-scaling = 1
07-02 01:56:36.422  1528  2178 D CCodec  :   int32_t rotation-degrees = 0
07-02 01:56:36.422  1528  2178 D CCodec  :   int32_t color-standard = 0
07-02 01:56:36.422  1528  2178 D CCodec  :   int32_t color-range = 0
07-02 01:56:36.422  1528  2178 D CCodec  :   int32_t color-transfer = 0
07-02 01:56:36.422  1528  2178 D CCodec  :   float cta861.max-cll = 0.000000
07-02 01:56:36.422  1528  2178 D CCodec  :   float cta861.max-fall = 0.000000
07-02 01:56:36.422  1528  2178 D CCodec  :   int32_t sar-height = 1
07-02 01:56:36.422  1528  2178 D CCodec  :   int32_t sar-width = 1
07-02 01:56:36.422  1528  2178 D CCodec  :   Rect crop(0, 0, 1303, 703)
07-02 01:56:36.422  1528  2178 D CCodec  :   int32_t width = 1304
07-02 01:56:36.422  1528  2178 D CCodec  :   int32_t height = 704
07-02 01:56:36.422  1528  2178 D CCodec  :   int32_t max-height = 240
07-02 01:56:36.422  1528  2178 D CCodec  :   int32_t max-width = 320
07-02 01:56:36.422  1528  2178 D CCodec  :   string mime = "video/raw"
07-02 01:56:36.422  1528  2178 D CCodec  :   int32_t priority = 0
07-02 01:56:36.422  1528  2178 D CCodec  :   int32_t android._dataspace = 0
07-02 01:56:36.422  1528  2178 D CCodec  :   int32_t color-format = 2135033992
07-02 01:56:36.422  1528  2178 D CCodec  : }
07-02 01:56:36.423  1528  2178 I CCodecConfig: query failed after returning 15 values (BAD_INDEX)
07-02 01:56:36.423  1528  2178 D CCodecConfig: c2 config diff is   c2::u32 raw.color.matrix = 1
07-02 01:56:36.423  1528  2178 D CCodecConfig:   c2::u32 raw.color.primaries = 1
07-02 01:56:36.423  1528  2178 D CCodecConfig:   c2::u32 raw.color.range = 2
07-02 01:56:36.423  1528  2178 D CCodecConfig:   c2::u32 raw.color.transfer = 3
07-02 01:56:36.423  1528  2178 D CCodecConfig:   c2::u32 raw.max-size.height = 704
07-02 01:56:36.423  1528  2178 D CCodecConfig:   c2::u32 raw.max-size.width = 1304
07-02 01:56:36.425  1528  2178 E mediaserver: Failed to query component interface for required system resources: 6
07-02 01:56:36.428  1528 32642 D MediaCodec: keep callback message for reclaim
07-02 01:56:36.429  1376  2182 I ExynosC2H264DecComponent: [onStart] resource is obtained (2)
07-02 01:56:36.430  1376  2183 D libexynosv4l2: try node: /dev/video6
07-02 01:56:36.430  1376  2183 I libexynosv4l2: node found for device s5p-mfc-dec: /dev/video6
07-02 01:56:36.436  1376  2183 I libexynosv4l2: open video device /dev/video6
07-02 01:56:36.442  1528  2178 D CCodecBufferChannel: [c2.exynos.h264.decoder#556] Created input block pool with allocatorID 16 => poolID 2707 - OK (0)
07-02 01:56:36.445  1528  2178 I CCodecBufferChannel: [c2.exynos.h264.decoder#556] Created output block pool with allocatorID 17 => poolID 1357 - OK
07-02 01:56:36.445  1528  2178 D CCodecBufferChannel: [c2.exynos.h264.decoder#556] Configured output block pool ids 1357 => OK
07-02 01:56:36.446  1528  2177 W ResourceManagerServiceUtils: Ignoring request to add new resource entry with value <= 0
07-02 01:56:36.447  1312  1803 W SmbMediaDataSource: readAt failed at position 5747, nouvelle tentative avec un handle/share frais (budget restant: 16)
07-02 01:56:36.447  1312  1803 W SmbMediaDataSource: com.hierynomus.smbj.common.SMBRuntimeException: DiskShare has already been closed
07-02 01:56:36.447  1312  1803 W SmbMediaDataSource: 	at com.hierynomus.smbj.share.Share.send(Share.java:364)
07-02 01:56:36.447  1312  1803 W SmbMediaDataSource: 	at com.hierynomus.smbj.share.Share.readAsync(Share.java:220)
07-02 01:56:36.447  1312  1803 W SmbMediaDataSource: 	at com.hierynomus.smbj.share.Share.read(Share.java:214)
07-02 01:56:36.447  1312  1803 W SmbMediaDataSource: 	at com.hierynomus.smbj.share.File.read(File.java:162)
07-02 01:56:36.447  1312  1803 W SmbMediaDataSource: 	at fr.retrospare.blazeplayer.player.SmbMediaDataSource.readAt(SmbMediaDataSource.kt:61)
07-02 01:56:36.447  1312  1803 W SmbMediaDataSource: 	at android.media.MediaMetadataRetriever._getFrameAtTime(Native Method)
07-02 01:56:36.447  1312  1803 W SmbMediaDataSource: 	at android.media.MediaMetadataRetriever.getFrameAtTime(MediaMetadataRetriever.java:767)
07-02 01:56:36.447  1312  1803 W SmbMediaDataSource: 	at fr.retrospare.blazeplayer.ui.ThumbnailUtils$loadThumbnail$2.invokeSuspend(ThumbnailUtils.kt:202)
07-02 01:56:36.447  1312  1803 W SmbMediaDataSource: 	at kotlin.coroutines.jvm.internal.BaseContinuationImpl.resumeWith(ContinuationImpl.kt:34)
07-02 01:56:36.447  1312  1803 W SmbMediaDataSource: 	at kotlinx.coroutines.DispatchedTask.run(DispatchedTask.kt:100)
07-02 01:56:36.447  1312  1803 W SmbMediaDataSource: 	at kotlinx.coroutines.internal.LimitedDispatcher$Worker.run(LimitedDispatcher.kt:124)
07-02 01:56:36.447  1312  1803 W SmbMediaDataSource: 	at kotlinx.coroutines.scheduling.TaskImpl.run(Tasks.kt:89)
07-02 01:56:36.447  1312  1803 W SmbMediaDataSource: 	at kotlinx.coroutines.scheduling.CoroutineScheduler.runSafely(CoroutineScheduler.kt:586)
07-02 01:56:36.447  1312  1803 W SmbMediaDataSource: 	at kotlinx.coroutines.scheduling.CoroutineScheduler$Worker.executeTask(CoroutineScheduler.kt:820)
07-02 01:56:36.447  1312  1803 W SmbMediaDataSource: 	at kotlinx.coroutines.scheduling.CoroutineScheduler$Worker.runWorker(CoroutineScheduler.kt:717)
07-02 01:56:36.447  1312  1803 W SmbMediaDataSource: 	at kotlinx.coroutines.scheduling.CoroutineScheduler$Worker.run(CoroutineScheduler.kt:704)
07-02 01:56:36.448  1312  1803 E SmbMediaDataSource: readAt a échoué même après nouvelle tentative à la position 5747
07-02 01:56:36.448  1312  1803 E SmbMediaDataSource: com.hierynomus.smbj.common.SMBRuntimeException: DiskShare has already been closed
07-02 01:56:36.448  1312  1803 E SmbMediaDataSource: 	at com.hierynomus.smbj.share.Share.send(Share.java:364)
07-02 01:56:36.448  1312  1803 E SmbMediaDataSource: 	at com.hierynomus.smbj.share.Share.sendReceive(Share.java:358)
07-02 01:56:36.448  1312  1803 E SmbMediaDataSource: 	at com.hierynomus.smbj.share.Share.createFile(Share.java:156)
07-02 01:56:36.448  1312  1803 E SmbMediaDataSource: 	at com.hierynomus.smbj.share.DiskShare.createFileAndResolve(DiskShare.java:75)
07-02 01:56:36.448  1312  1803 E SmbMediaDataSource: 	at com.hierynomus.smbj.share.DiskShare.access$100(DiskShare.java:55)
07-02 01:56:36.448  1312  1803 E SmbMediaDataSource: 	at com.hierynomus.smbj.share.DiskShare$2.apply(DiskShare.java:109)
07-02 01:56:36.448  1312  1803 E SmbMediaDataSource: 	at com.hierynomus.smbj.share.DiskShare$2.apply(DiskShare.java:105)
07-02 01:56:36.448  1312  1803 E SmbMediaDataSource: 	at com.hierynomus.smbj.paths.PathResolver$1.resolve(PathResolver.java:32)
07-02 01:56:36.448  1312  1803 E SmbMediaDataSource: 	at com.hierynomus.smbj.paths.SymlinkPathResolver.resolve(SymlinkPathResolver.java:62)
07-02 01:56:36.448  1312  1803 E SmbMediaDataSource: 	at com.hierynomus.smbj.share.DiskShare.resolveAndCreateFile(DiskShare.java:105)
07-02 01:56:36.448  1312  1803 E SmbMediaDataSource: 	at com.hierynomus.smbj.share.DiskShare.open(DiskShare.java:65)
07-02 01:56:36.448  1312  1803 E SmbMediaDataSource: 	at com.hierynomus.smbj.share.DiskShare.openFile(DiskShare.java:169)
07-02 01:56:36.448  1312  1803 E SmbMediaDataSource: 	at fr.retrospare.blazeplayer.player.SmbMediaDataSource.readAt(SmbMediaDataSource.kt:78)
07-02 01:56:36.448  1312  1803 E SmbMediaDataSource: 	at android.media.MediaMetadataRetriever._getFrameAtTime(Native Method)
07-02 01:56:36.448  1312  1803 E SmbMediaDataSource: 	at android.media.MediaMetadataRetriever.getFrameAtTime(MediaMetadataRetriever.java:767)
07-02 01:56:36.448  1312  1803 E SmbMediaDataSource: 	at fr.retrospare.blazeplayer.ui.ThumbnailUtils$loadThumbnail$2.invokeSuspend(ThumbnailUtils.kt:202)
07-02 01:56:36.448  1312  1803 E SmbMediaDataSource: 	at kotlin.coroutines.jvm.internal.BaseContinuationImpl.resumeWith(ContinuationImpl.kt:34)
07-02 01:56:36.448  1312  1803 E SmbMediaDataSource: 	at kotlinx.coroutines.DispatchedTask.run(DispatchedTask.kt:100)
07-02 01:56:36.448  1312  1803 E SmbMediaDataSource: 	at kotlinx.coroutines.internal.LimitedDispatcher$Worker.run(LimitedDispatcher.kt:124)
07-02 01:56:36.448  1312  1803 E SmbMediaDataSource: 	at kotlinx.coroutines.scheduling.TaskImpl.run(Tasks.kt:89)
07-02 01:56:36.448  1312  1803 E SmbMediaDataSource: 	at kotlinx.coroutines.scheduling.CoroutineScheduler.runSafely(CoroutineScheduler.kt:586)
07-02 01:56:36.448  1312  1803 E SmbMediaDataSource: 	at kotlinx.coroutines.scheduling.CoroutineScheduler$Worker.executeTask(CoroutineScheduler.kt:820)
07-02 01:56:36.448  1312  1803 E SmbMediaDataSource: 	at kotlinx.coroutines.scheduling.CoroutineScheduler$Worker.runWorker(CoroutineScheduler.kt:717)
07-02 01:56:36.448  1312  1803 E SmbMediaDataSource: 	at kotlinx.coroutines.scheduling.CoroutineScheduler$Worker.run(CoroutineScheduler.kt:704)
07-02 01:56:36.448  1528 32642 W FrameDecoder: Input Error: err=-2147483648
07-02 01:56:36.448  1528 32642 E FrameDecoder: extractInternal error -2147483648
07-02 01:56:36.452  1376  2730 W samsung.hardware.media.c2@1.2-service: AIBinder_linkToDeath is being called with a non-null cookie and no onUnlink callback set. Use AIBinder_DeathRecipient_setOnUnlinked to manage the lifetime of the cookie. This will become an abort.
07-02 01:56:36.452  1528  2177 W mediaserver: AIBinder_linkToDeath is being called with a non-null cookie and no onUnlink callback set. Use AIBinder_DeathRecipient_setOnUnlinked to manage the lifetime of the cookie. This will become an abort.
07-02 01:56:36.453  1555  1555 D AOC     : CHRE: DRAM vote count begins
07-02 01:56:36.453  1555  1555 D AOC     : CHRE: DRAM vote count ends: 0 ms
07-02 01:56:36.454  1330  1361 I CHRE    : @ 539198.322: [AR] inconsistent: 41.176472
07-02 01:56:36.459  1528  2177 W AMessage: failed to post message as target looper for handler 0 is gone.
07-02 01:56:36.459  1528  2177 W AMessage: failed to post message as target looper for handler 0 is gone.
07-02 01:56:36.460  1528  2177 D CCodecBufferChannel: [c2.exynos.h264.decoder#556] MediaCodec discarded an unknown buffer
07-02 01:56:36.460  1528  2177 D CCodecBufferChannel: [c2.exynos.h264.decoder#556] MediaCodec discarded an unknown buffer
07-02 01:56:36.461  1376  2183 D ExynosVideoDecoder: MFC_Decoder_Enqueue_Inbuf: DATA with flags(0x20000000)
07-02 01:56:36.463  1376  2183 I ExynosVideoCodecDec-H264Dec: [updateResolution] resolution info : 1312 x 704 (0, 0, 1304, 704)
07-02 01:56:36.465  1376  2190 D ExynosVideoDecoder: MFC_Decoder_Enqueue_Inbuf: DATA with flags(0x20000000)
07-02 01:56:36.469  1376  2182 I ExynosC2H264DecComponent: [updateC2Config_OutputDelay] output delay(7)
07-02 01:56:36.469  1376  2182 I ExynosC2H264DecComponent: [updateC2Config_OutputDelay] reorder key(0)
07-02 01:56:36.469  1376  2182 I ExynosC2DecComponent: [processCSDInfo] update configurations on c2work(0xb40000718fd5b5f0)
07-02 01:56:36.470  1528 19864 D PipelineWatcher: onInputBufferReleased: frameIndex not found (0); ignored
07-02 01:56:36.470  1528 19864 D CCodecBufferChannel: [c2.exynos.h264.decoder#556] Ignoring stale input buffer done callback: last flush index = 0, frameIndex = 0
07-02 01:56:36.470  1528 19864 D PipelineWatcher: onInputBufferReleased: frameIndex not found (1); ignored
07-02 01:56:36.470  1528  2178 D CCodecConfig: c2 config diff is   c2::u32 output.delay.value = 7
07-02 01:56:36.479  1376  2730 I ExynosC2H264DecComponent: [release] component is released
07-02 01:56:36.480  1528  2178 D AidlBufferPool: Destruction - bufferpool2 0xb400006f6bab23a8 cached: 0/0M, 0/0% in use; allocs: 0, 0% recycled; transfers: 0, 0% unfetched
07-02 01:56:36.481  1376 10468 D AidlBufferPool: Destruction - bufferpool2 0xb4000070bfd62bf8 cached: 0/0M, 0/0% in use; allocs: 0, 0% recycled; transfers: 0, 0% unfetched
07-02 01:56:36.481  1528 32642 E StagefrightMetadataRetriever: all codecs failed to extract frame.
07-02 01:56:36.482  1528 32642 E MetadataRetrieverClient: failed to capture a video frame
07-02 01:56:36.482  1312  1803 E MediaMetadataRetrieverJNI: getFrameAtTime: videoFrame is a NULL pointer
07-02 01:56:36.483  1312  1803 E SmbMediaDataSource: Failed to close smbFile
07-02 01:56:36.483  1312  1803 E SmbMediaDataSource: com.hierynomus.smbj.common.SMBRuntimeException: DiskShare has already been closed
07-02 01:56:36.483  1312  1803 E SmbMediaDataSource: 	at com.hierynomus.smbj.share.Share.send(Share.java:364)
07-02 01:56:36.483  1312  1803 E SmbMediaDataSource: 	at com.hierynomus.smbj.share.Share.sendReceive(Share.java:358)
07-02 01:56:36.483  1312  1803 E SmbMediaDataSource: 	at com.hierynomus.smbj.share.Share.closeFileId(Share.java:171)
07-02 01:56:36.483  1312  1803 E SmbMediaDataSource: 	at com.hierynomus.smbj.share.Open.close(Open.java:92)
07-02 01:56:36.483  1312  1803 E SmbMediaDataSource: 	at fr.retrospare.blazeplayer.player.SmbMediaDataSource.close(SmbMediaDataSource.kt:102)
07-02 01:56:36.483  1312  1803 E SmbMediaDataSource: 	at android.media.MediaMetadataRetriever.release(Native Method)
07-02 01:56:36.483  1312  1803 E SmbMediaDataSource: 	at fr.retrospare.blazeplayer.ui.ThumbnailUtils$loadThumbnail$2.invokeSuspend(ThumbnailUtils.kt:214)
07-02 01:56:36.483  1312  1803 E SmbMediaDataSource: 	at kotlin.coroutines.jvm.internal.BaseContinuationImpl.resumeWith(ContinuationImpl.kt:34)
07-02 01:56:36.483  1312  1803 E SmbMediaDataSource: 	at kotlinx.coroutines.DispatchedTask.run(DispatchedTask.kt:100)
07-02 01:56:36.483  1312  1803 E SmbMediaDataSource: 	at kotlinx.coroutines.internal.LimitedDispatcher$Worker.run(LimitedDispatcher.kt:124)
07-02 01:56:36.483  1312  1803 E SmbMediaDataSource: 	at kotlinx.coroutines.scheduling.TaskImpl.run(Tasks.kt:89)
07-02 01:56:36.483  1312  1803 E SmbMediaDataSource: 	at kotlinx.coroutines.scheduling.CoroutineScheduler.runSafely(CoroutineScheduler.kt:586)
07-02 01:56:36.483  1312  1803 E SmbMediaDataSource: 	at kotlinx.coroutines.scheduling.CoroutineScheduler$Worker.executeTask(CoroutineScheduler.kt:820)
07-02 01:56:36.483  1312  1803 E SmbMediaDataSource: 	at kotlinx.coroutines.scheduling.CoroutineScheduler$Worker.runWorker(CoroutineScheduler.kt:717)
07-02 01:56:36.483  1312  1803 E SmbMediaDataSource: 	at kotlinx.coroutines.scheduling.CoroutineScheduler$Worker.run(CoroutineScheduler.kt:704)
07-02 01:56:36.513  1312  1531 W SmbMediaDataSource: readAt failed at position 8087, nouvelle tentative avec un handle/share frais (budget restant: 24)
07-02 01:56:36.513  1312  1531 W SmbMediaDataSource: com.hierynomus.smbj.common.SMBRuntimeException: DiskShare has already been closed
07-02 01:56:36.513  1312  1531 W SmbMediaDataSource: 	at com.hierynomus.smbj.share.Share.send(Share.java:364)
07-02 01:56:36.513  1312  1531 W SmbMediaDataSource: 	at com.hierynomus.smbj.share.Share.readAsync(Share.java:220)
07-02 01:56:36.513  1312  1531 W SmbMediaDataSource: 	at com.hierynomus.smbj.share.Share.read(Share.java:214)
07-02 01:56:36.513  1312  1531 W SmbMediaDataSource: 	at com.hierynomus.smbj.share.File.read(File.java:162)
07-02 01:56:36.513  1312  1531 W SmbMediaDataSource: 	at fr.retrospare.blazeplayer.player.SmbMediaDataSource.readAt(SmbMediaDataSource.kt:61)
07-02 01:56:36.513  1312  1531 W SmbMediaDataSource: 	at android.media.MediaMetadataRetriever._getFrameAtTime(Native Method)
07-02 01:56:36.513  1312  1531 W SmbMediaDataSource: 	at android.media.MediaMetadataRetriever.getFrameAtTime(MediaMetadataRetriever.java:574)
07-02 01:56:36.513  1312  1531 W SmbMediaDataSource: 	at fr.retrospare.blazeplayer.ui.ThumbnailUtils$loadThumbnail$2.invokeSuspend(ThumbnailUtils.kt:200)
07-02 01:56:36.513  1312  1531 W SmbMediaDataSource: 	at kotlin.coroutines.jvm.internal.BaseContinuationImpl.resumeWith(ContinuationImpl.kt:34)
07-02 01:56:36.513  1312  1531 W SmbMediaDataSource: 	at kotlinx.coroutines.DispatchedTask.run(DispatchedTask.kt:100)
07-02 01:56:36.513  1312  1531 W SmbMediaDataSource: 	at kotlinx.coroutines.internal.LimitedDispatcher$Worker.run(LimitedDispatcher.kt:124)
07-02 01:56:36.513  1312  1531 W SmbMediaDataSource: 	at kotlinx.coroutines.scheduling.TaskImpl.run(Tasks.kt:89)
07-02 01:56:36.513  1312  1531 W SmbMediaDataSource: 	at kotlinx.coroutines.scheduling.CoroutineScheduler.runSafely(CoroutineScheduler.kt:586)
07-02 01:56:36.513  1312  1531 W SmbMediaDataSource: 	at kotlinx.coroutines.scheduling.CoroutineScheduler$Worker.executeTask(CoroutineScheduler.kt:820)
07-02 01:56:36.513  1312  1531 W SmbMediaDataSource: 	at kotlinx.coroutines.scheduling.CoroutineScheduler$Worker.runWorker(CoroutineScheduler.kt:717)
07-02 01:56:36.513  1312  1531 W SmbMediaDataSource: 	at kotlinx.coroutines.scheduling.CoroutineScheduler$Worker.run(CoroutineScheduler.kt:704)
07-02 01:56:36.514  1312  1531 E SmbMediaDataSource: readAt a échoué même après nouvelle tentative à la position 8087
07-02 01:56:36.514  1312  1531 E SmbMediaDataSource: com.hierynomus.smbj.common.SMBRuntimeException: DiskShare has already been closed
07-02 01:56:36.514  1312  1531 E SmbMediaDataSource: 	at com.hierynomus.smbj.share.Share.send(Share.java:364)
07-02 01:56:36.514  1312  1531 E SmbMediaDataSource: 	at com.hierynomus.smbj.share.Share.sendReceive(Share.java:358)
07-02 01:56:36.514  1312  1531 E SmbMediaDataSource: 	at com.hierynomus.smbj.share.Share.createFile(Share.java:156)
07-02 01:56:36.514  1312  1531 E SmbMediaDataSource: 	at com.hierynomus.smbj.share.DiskShare.createFileAndResolve(DiskShare.java:75)
07-02 01:56:36.514  1312  1531 E SmbMediaDataSource: 	at com.hierynomus.smbj.share.DiskShare.access$100(DiskShare.java:55)
07-02 01:56:36.514  1312  1531 E SmbMediaDataSource: 	at com.hierynomus.smbj.share.DiskShare$2.apply(DiskShare.java:109)
07-02 01:56:36.514  1312  1531 E SmbMediaDataSource: 	at com.hierynomus.smbj.share.DiskShare$2.apply(DiskShare.java:105)
07-02 01:56:36.514  1312  1531 E SmbMediaDataSource: 	at com.hierynomus.smbj.paths.PathResolver$1.resolve(PathResolver.java:32)
07-02 01:56:36.514  1312  1531 E SmbMediaDataSource: 	at com.hierynomus.smbj.paths.SymlinkPathResolver.resolve(SymlinkPathResolver.java:62)
07-02 01:56:36.514  1312  1531 E SmbMediaDataSource: 	at com.hierynomus.smbj.share.DiskShare.resolveAndCreateFile(DiskShare.java:105)
07-02 01:56:36.514  1312  1531 E SmbMediaDataSource: 	at com.hierynomus.smbj.share.DiskShare.open(DiskShare.java:65)
07-02 01:56:36.514  1312  1531 E SmbMediaDataSource: 	at com.hierynomus.smbj.share.DiskShare.openFile(DiskShare.java:169)
07-02 01:56:36.514  1312  1531 E SmbMediaDataSource: 	at fr.retrospare.blazeplayer.player.SmbMediaDataSource.readAt(SmbMediaDataSource.kt:78)
07-02 01:56:36.514  1312  1531 E SmbMediaDataSource: 	at android.media.MediaMetadataRetriever._getFrameAtTime(Native Method)
07-02 01:56:36.514  1312  1531 E SmbMediaDataSource: 	at android.media.MediaMetadataRetriever.getFrameAtTime(MediaMetadataRetriever.java:574)
07-02 01:56:36.514  1312  1531 E SmbMediaDataSource: 	at fr.retrospare.blazeplayer.ui.ThumbnailUtils$loadThumbnail$2.invokeSuspend(ThumbnailUtils.kt:200)
07-02 01:56:36.514  1312  1531 E SmbMediaDataSource: 	at kotlin.coroutines.jvm.internal.BaseContinuationImpl.resumeWith(ContinuationImpl.kt:34)
07-02 01:56:36.514  1312  1531 E SmbMediaDataSource: 	at kotlinx.coroutines.DispatchedTask.run(DispatchedTask.kt:100)
07-02 01:56:36.514  1312  1531 E SmbMediaDataSource: 	at kotlinx.coroutines.internal.LimitedDispatcher$Worker.run(LimitedDispatcher.kt:124)
07-02 01:56:36.514  1312  1531 E SmbMediaDataSource: 	at kotlinx.coroutines.scheduling.TaskImpl.run(Tasks.kt:89)
07-02 01:56:36.514  1312  1531 E SmbMediaDataSource: 	at kotlinx.coroutines.scheduling.CoroutineScheduler.runSafely(CoroutineScheduler.kt:586)
07-02 01:56:36.514  1312  1531 E SmbMediaDataSource: 	at kotlinx.coroutines.scheduling.CoroutineScheduler$Worker.executeTask(CoroutineScheduler.kt:820)
07-02 01:56:36.514  1312  1531 E SmbMediaDataSource: 	at kotlinx.coroutines.scheduling.CoroutineScheduler$Worker.runWorker(CoroutineScheduler.kt:717)
07-02 01:56:36.514  1312  1531 E SmbMediaDataSource: 	at kotlinx.coroutines.scheduling.CoroutineScheduler$Worker.run(CoroutineScheduler.kt:704)
07-02 01:56:36.515  1521  9893 E MatroskaExtractor: Cluster::Parse returned result -1
07-02 01:56:36.519  1528  2198 D CCodec  : allocate(c2.android.avc.decoder)
07-02 01:56:36.525  1528  2198 I CCodec  : setting up 'default' as default (vendor) store
07-02 01:56:36.533  1528  2198 W mediaserver: AIBinder_linkToDeath is being called with a non-null cookie and no onUnlink callback set. Use AIBinder_DeathRecipient_setOnUnlinked to manage the lifetime of the cookie. This will become an abort.
07-02 01:56:36.533  1528  2198 I CCodec  : Created component [c2.android.avc.decoder] for [c2.android.avc.decoder]
07-02 01:56:36.534  1528  2198 D CCodecConfig: read media type: video/avc
07-02 01:56:36.541  1528  2198 D ReflectedParamUpdater: extent() != 1 for single value type: algo.buffers.max-count.values
07-02 01:56:36.542  1528  2198 D ReflectedParamUpdater: extent() != 1 for single value type: output.subscribed-indices.values
07-02 01:56:36.543  1528  2198 D ReflectedParamUpdater: extent() != 1 for single value type: input.buffers.allocator-ids.values
07-02 01:56:36.543  1528  2198 D ReflectedParamUpdater: extent() != 1 for single value type: output.buffers.allocator-ids.values
07-02 01:56:36.543  1528  2198 D ReflectedParamUpdater: extent() != 1 for single value type: algo.buffers.allocator-ids.values
07-02 01:56:36.543  1528  2198 D ReflectedParamUpdater: extent() != 1 for single value type: output.buffers.pool-ids.values
07-02 01:56:36.543  1528  2198 D ReflectedParamUpdater: extent() != 1 for single value type: algo.buffers.pool-ids.values
07-02 01:56:36.546  1528  2198 D ReflectedParamUpdater: ignored struct field coded.color-format.locations
07-02 01:56:36.548  1528  2198 D CCodecConfig: ignoring local param raw.size (0xd2001800) as it is already supported
07-02 01:56:36.548  1528  2198 D CCodecConfig: ignoring local param default.color (0x5200180b) as it is already supported
07-02 01:56:36.548  1528  2198 D ReflectedParamUpdater: ignored struct field raw.hdr-static-info.mastering
07-02 01:56:36.550  1528  2198 I CCodecConfig: query failed after returning 12 values (BAD_INDEX)
07-02 01:56:36.551  1528  2198 D CCodecConfig: c2 config diff is Dict {
07-02 01:56:36.551  1528  2198 D CCodecConfig:   c2::u32 coded.pl.level = 20496
07-02 01:56:36.551  1528  2198 D CCodecConfig:   c2::u32 coded.pl.profile = 20481
07-02 01:56:36.551  1528  2198 D CCodecConfig:   c2::u32 coded.vui.color.matrix = 0
07-02 01:56:36.551  1528  2198 D CCodecConfig:   c2::u32 coded.vui.color.primaries = 0
07-02 01:56:36.551  1528  2198 D CCodecConfig:   c2::u32 coded.vui.color.range = 2
07-02 01:56:36.551  1528  2198 D CCodecConfig:   c2::u32 coded.vui.color.transfer = 0
07-02 01:56:36.551  1528  2198 D CCodecConfig:   c2::u32 default.color.matrix = 0
07-02 01:56:36.551  1528  2198 D CCodecConfig:   c2::u32 default.color.primaries = 0
07-02 01:56:36.551  1528  2198 D CCodecConfig:   c2::u32 default.color.range = 0
07-02 01:56:36.551  1528  2198 D CCodecConfig:   c2::u32 default.color.transfer = 0
07-02 01:56:36.551  1528  2198 D CCodecConfig:   c2::u32 input.buffers.max-size.value = 2097152
07-02 01:56:36.551  1528  2198 D CCodecConfig:   c2::u32 input.delay.value = 0
07-02 01:56:36.551  1528  2198 D CCodecConfig:   string input.media-type.value = "video/avc"
07-02 01:56:36.551  1528  2198 D CCodecConfig:   c2::u32 output.delay.value = 8
07-02 01:56:36.551  1528  2198 D CCodecConfig:   string output.media-type.value = "video/raw"
07-02 01:56:36.551  1528  2198 D CCodecConfig:   c2::u32 raw.color.matrix = 0
07-02 01:56:36.551  1528  2198 D CCodecConfig:   c2::u32 raw.color.primaries = 0
07-02 01:56:36.551  1528  2198 D CCodecConfig:   c2::u32 raw.color.range = 2
07-02 01:56:36.551  1528  2198 D CCodecConfig:   c2::u32 raw.color.transfer = 0
07-02 01:56:36.551  1528  2198 D CCodecConfig:   c2::u32 raw.max-size.height = 240
07-02 01:56:36.551  1528  2198 D CCodecConfig:   c2::u32 raw.max-size.width = 320
07-02 01:56:36.551  1528  2198 D CCodecConfig:   c2::u32 raw.pixel-format.value = 35
07-02 01:56:36.551  1528  2198 D CCodecConfig:   c2::i32 raw.rotation.flip = 0
07-02 01:56:36.551  1528  2198 D CCodecConfig:   c2::i32 raw.rotation.value = 0
07-02 01:56:36.551  1528  2198 D CCodecConfig:   c2::u32 raw.sar.height = 1
07-02 01:56:36.551  1528  2198 D CCodecConfig:   c2::u32 raw.sar.width = 1
07-02 01:56:36.551  1528  2198 D CCodecConfig:   c2::u32 raw.size.height = 240
07-02 01:56:36.551  1528  2198 D CCodecConfig:   c2::u32 raw.size.width = 320
07-02 01:56:36.551  1528  2198 D CCodecConfig:   c2:
07-02 01:56:36.553  1528  2198 W ColorUtils: expected specified color aspects (2:0:0:0)
07-02 01:56:36.555  1528 32642 I MediaCodec: media_quality service unavailable, skipping updatePictureProfile
07-02 01:56:36.559  1528  2198 D CCodec  : [c2.android.avc.decoder] buffers are bound to CCodec for this session
07-02 01:56:36.559  1528  2198 D CCodecConfig: no c2 equivalents for thumbnail-time
07-02 01:56:36.559  1528  2198 D CCodecConfig: no c2 equivalents for durationUs
07-02 01:56:36.559  1528  2198 D CCodecConfig: no c2 equivalents for language
07-02 01:56:36.559  1528  2198 D CCodecConfig: no c2 equivalents for display-width
07-02 01:56:36.559  1528  2198 D CCodecConfig: no c2 equivalents for display-height
07-02 01:56:36.559  1528  2198 D CCodecConfig: no c2 equivalents for csd-1
07-02 01:56:36.559  1528  2198 D CCodecConfig: no c2 equivalents for color-format
07-02 01:56:36.559  1528  2198 D CCodecConfig: no c2 equivalents for importance
07-02 01:56:36.559  1528  2198 D CCodecConfig: no c2 equivalents for flags
07-02 01:56:36.561  1528  2198 D CCodecConfig: c2 config diff is   c2::u32 coded.pl.level = 20489
07-02 01:56:36.561  1528  2198 D CCodecConfig:   c2::u32 coded.pl.profile = 20484
07-02 01:56:36.561  1528  2198 D CCodecConfig:   c2::u32 raw.size.height = 360
07-02 01:56:36.561  1528  2198 D CCodecConfig:   c2::u32 raw.size.width = 862
07-02 01:56:36.562  1528  2198 W ColorUtils: expected specified color aspects (2:0:0:0)
07-02 01:56:36.562  1528  2198 D CCodec  : encoding statistics level = 0
07-02 01:56:36.562  1528  2198 D CCodec  : setup formats input: AMessage(what = 0x00000000) = {
07-02 01:56:36.562  1528  2198 D CCodec  :   int32_t height = 360
07-02 01:56:36.562  1528  2198 D CCodec  :   int32_t level = 512
07-02 01:56:36.562  1528  2198 D CCodec  :   int32_t max-input-size = 2097152
07-02 01:56:36.562  1528  2198 D CCodec  :   string mime = "video/avc"
07-02 01:56:36.562  1528  2198 D CCodec  :   int32_t profile = 8
07-02 01:56:36.562  1528  2198 D CCodec  :   int32_t width = 862
07-02 01:56:36.562  1528  2198 D CCodec  :   Rect crop(0, 0, 861, 359)
07-02 01:56:36.562  1528  2198 D CCodec  : }
07-02 01:56:36.562  1528  2198 D CCodec  : setup formats output: AMessage(what = 0x00000000) = {
07-02 01:56:36.562  1528  2198 D CCodec  :   int32_t android._color-format = 2135033992
07-02 01:56:36.562  1528  2198 D CCodec  :   int32_t android._video-scaling = 1
07-02 01:56:36.562  1528  2198 D CCodec  :   int32_t rotation-degrees = 0
07-02 01:56:36.562  1528  2198 D CCodec  :   int32_t color-standard = 0
07-02 01:56:36.562  1528  2198 D CCodec  :   int32_t color-range = 2
07-02 01:56:36.562  1528  2198 D CCodec  :   int32_t color-transfer = 0
07-02 01:56:36.562  1528  2198 D CCodec  :   int32_t sar-height = 1
07-02 01:56:36.562  1528  2198 D CCodec  :   int32_t sar-width = 1
07-02 01:56:36.562  1528  2198 D CCodec  :   Rect crop(0, 0, 861, 359)
07-02 01:56:36.562  1528  2198 D CCodec  :   int32_t width = 862
07-02 01:56:36.562  1528  2198 D CCodec  :   int32_t height = 360
07-02 01:56:36.562  1528  2198 D CCodec  :   int32_t max-height = 240
07-02 01:56:36.562  1528  2198 D CCodec  :   int32_t max-width = 320
07-02 01:56:36.562  1528  2198 D CCodec  :   string mime = "video/raw"
07-02 01:56:36.562  1528  2198 D CCodec  :   int32_t android._dataspace = 268435456
07-02 01:56:36.562  1528  2198 D CCodec  :   int32_t color-format = 2135033992
07-02 01:56:36.562  1528  2198 D CCodec  : }
07-02 01:56:36.563  1528  2198 I CCodecConfig: query failed after returning 12 values (BAD_INDEX)
07-02 01:56:36.563  1528  2198 D CCodecConfig: c2 config diff is   c2::u32 raw.max-size.height = 360
07-02 01:56:36.563  1528  2198 D CCodecConfig:   c2::u32 raw.max-size.width = 862
07-02 01:56:36.564  1528  2198 W ColorUtils: expected specified color aspects (2:0:0:0)
07-02 01:56:36.564  1528  2198 E mediaserver: Failed to query component interface for required system resources: 6
07-02 01:56:36.586  1528  2198 D CCodecBufferChannel: [c2.android.avc.decoder#556] Created input block pool with allocatorID 16 => poolID 2708 - OK (0)
07-02 01:56:36.587  2105  2110 I pixel-thermal: charger_therm:38.027 raw data: charger_therm:38027 
07-02 01:56:36.588  1528  2198 I CCodecBufferChannel: [c2.android.avc.decoder#556] Created output block pool with allocatorID 17 => poolID 4571 - OK
07-02 01:56:36.589  1528  2198 D CCodecBufferChannel: [c2.android.avc.decoder#556] Configured output block pool ids 4571 => OK
07-02 01:56:36.589  2105  2110 I pixel-thermal: VIRTUAL-SKIN-CHARGE:36.0717 raw data: VIRTUAL-SKIN-CHARGE:36071.7 VIRTUAL-SKIN-CHARGE-SUB-1:35569.9 VIRTUAL-SKIN-CHARGE-SUB-2:36071.7 charger_therm:38027 modem_therm:36803 quiet_therm:35156 rffe_therm:34399 soc_therm:35890 
07-02 01:56:36.589  2105  2110 I pixel-thermal: VIRTUAL-SKIN-CHARGE power_budget=4500.39 err=1.92829 s_power=2200 time_elapsed_ms=7010 p=771.317 i=1600 d=-0 dt_per_min=nan compensation=0 budget transient=0 control target=2 excluded power budget=70.9285 (PARTIAL_SYSTEM_POWER: 1418.57 mW, cdev_weight: 0.050000)
07-02 01:56:36.592  1528  2196 W ResourceManagerServiceUtils: Ignoring request to add new resource entry with value <= 0
07-02 01:56:36.592  2105  2110 I pixel-thermal: VIRTUAL-SKIN-SPEAKER:35.2288 raw data: VIRTUAL-SKIN-SPEAKER:35228.8 VIRTUAL-SKIN-SPEAKER-SUB-1:32723 VIRTUAL-SKIN-SPEAKER-SUB-2:35228.8 battery:34400 gnss_tcxo_therm:36180 quiet_therm:35156 soc_therm:35890 usb_conn_therm:34154 
07-02 01:56:36.592  2105  2110 I pixel-thermal: VIRTUAL-SKIN-CHARGE-WLC:36.1655 raw data: VIRTUAL-SKIN-CHARGE-WLC:36165.5 charger_therm:38027 modem_therm:36803 rffe_therm:34399 soc_therm:35890 
07-02 01:56:36.592  2105  2110 I pixel-thermal: VIRTUAL-SKIN-CHARGE-WLC power_budget=2025.05 err=1.83451 s_power=1400 time_elapsed_ms=7010 p=366.902 i=400 d=0 dt_per_min=nan compensation=0 budget transient=0 control target=2 excluded power budget=141.857 (PARTIAL_SYSTEM_POWER: 1418.57 mW, cdev_weight: 0.100000)
07-02 01:56:36.594  1544 28637 W mediaswcodec: AIBinder_linkToDeath is being called with a non-null cookie and no onUnlink callback set. Use AIBinder_DeathRecipient_setOnUnlinked to manage the lifetime of the cookie. This will become an abort.
07-02 01:56:36.595  1528  2196 W mediaserver: AIBinder_linkToDeath is being called with a non-null cookie and no onUnlink callback set. Use AIBinder_DeathRecipient_setOnUnlinked to manage the lifetime of the cookie. This will become an abort.
07-02 01:56:36.597  1544  2199 D SimpleC2Component: Using output block pool with poolID 4571 => got 4571 - 0
07-02 01:56:36.601  1528  2198 D CCodecConfig: c2 config diff is   c2::u32 output.delay.value = 16
07-02 01:56:36.601  1312  1531 W SmbMediaDataSource: readAt failed at position 1822091599, nouvelle tentative avec un handle/share frais (budget restant: 23)
07-02 01:56:36.601  1312  1531 W SmbMediaDataSource: com.hierynomus.smbj.common.SMBRuntimeException: DiskShare has already been closed
07-02 01:56:36.601  1312  1531 W SmbMediaDataSource: 	at com.hierynomus.smbj.share.Share.send(Share.java:364)
07-02 01:56:36.601  1312  1531 W SmbMediaDataSource: 	at com.hierynomus.smbj.share.Share.readAsync(Share.java:220)
07-02 01:56:36.601  1312  1531 W SmbMediaDataSource: 	at com.hierynomus.smbj.share.Share.read(Share.java:214)
07-02 01:56:36.601  1312  1531 W SmbMediaDataSource: 	at com.hierynomus.smbj.share.File.read(File.java:162)
07-02 01:56:36.601  1312  1531 W SmbMediaDataSource: 	at fr.retrospare.blazeplayer.player.SmbMediaDataSource.readAt(SmbMediaDataSource.kt:61)
07-02 01:56:36.601  1312  1531 W SmbMediaDataSource: 	at android.media.MediaMetadataRetriever._getFrameAtTime(Native Method)
07-02 01:56:36.601  1312  1531 W SmbMediaDataSource: 	at android.media.MediaMetadataRetriever.getFrameAtTime(MediaMetadataRetriever.java:574)
07-02 01:56:36.601  1312  1531 W SmbMediaDataSource: 	at fr.retrospare.blazeplayer.ui.ThumbnailUtils$loadThumbnail$2.invokeSuspend(ThumbnailUtils.kt:200)
07-02 01:56:36.601  1312  1531 W SmbMediaDataSource: 	at kotlin.coroutines.jvm.internal.BaseContinuationImpl.resumeWith(ContinuationImpl.kt:34)
07-02 01:56:36.601  1312  1531 W SmbMediaDataSource: 	at kotlinx.coroutines.DispatchedTask.run(DispatchedTask.kt:100)
07-02 01:56:36.601  1312  1531 W SmbMediaDataSource: 	at kotlinx.coroutines.internal.LimitedDispatcher$Worker.run(LimitedDispatcher.kt:124)
07-02 01:56:36.601  1312  1531 W SmbMediaDataSource: 	at kotlinx.coroutines.scheduling.TaskImpl.run(Tasks.kt:89)
07-02 01:56:36.601  1312  1531 W SmbMediaDataSource: 	at kotlinx.coroutines.scheduling.CoroutineScheduler.runSafely(CoroutineScheduler.kt:586)
07-02 01:56:36.601  1312  1531 W SmbMediaDataSource: 	at kotlinx.coroutines.scheduling.CoroutineScheduler$Worker.executeTask(CoroutineScheduler.kt:820)
07-02 01:56:36.601  1312  1531 W SmbMediaDataSource: 	at kotlinx.coroutines.scheduling.CoroutineScheduler$Worker.runWorker(CoroutineScheduler.kt:717)
07-02 01:56:36.601  1312  1531 W SmbMediaDataSource: 	at kotlinx.coroutines.scheduling.CoroutineScheduler$Worker.run(CoroutineScheduler.kt:704)
07-02 01:56:36.602  1528  2198 W ColorUtils: expected specified color aspects (2:0:0:0)
07-02 01:56:36.603  1312  1531 E SmbMediaDataSource: readAt a échoué même après nouvelle tentative à la position 1822091599
07-02 01:56:36.603  1312  1531 E SmbMediaDataSource: com.hierynomus.smbj.common.SMBRuntimeException: DiskShare has already been closed
