07-02 01:56:27.080  1312  1803 W SmbMediaDataSource: 	at com.hierynomus.smbj.share.Share.read(Share.java:214)
07-02 01:56:27.080  1312  1803 W SmbMediaDataSource: 	at com.hierynomus.smbj.share.File.read(File.java:162)
07-02 01:56:27.080  1312  1803 W SmbMediaDataSource: 	at fr.retrospare.blazeplayer.player.SmbMediaDataSource.readAt(SmbMediaDataSource.kt:61)
07-02 01:56:27.080  1312  1803 W SmbMediaDataSource: 	at android.media.MediaMetadataRetriever._getFrameAtTime(Native Method)
07-02 01:56:27.080  1312  1803 W SmbMediaDataSource: 	at android.media.MediaMetadataRetriever.getFrameAtTime(MediaMetadataRetriever.java:574)
07-02 01:56:27.080  1312  1803 W SmbMediaDataSource: 	at fr.retrospare.blazeplayer.ui.ThumbnailUtils$loadThumbnail$2.invokeSuspend(ThumbnailUtils.kt:200)
07-02 01:56:27.080  1312  1803 W SmbMediaDataSource: 	at kotlin.coroutines.jvm.internal.BaseContinuationImpl.resumeWith(ContinuationImpl.kt:34)
07-02 01:56:27.080  1312  1803 W SmbMediaDataSource: 	at kotlinx.coroutines.DispatchedTask.run(DispatchedTask.kt:100)
07-02 01:56:27.080  1312  1803 W SmbMediaDataSource: 	at kotlinx.coroutines.internal.LimitedDispatcher$Worker.run(LimitedDispatcher.kt:124)
07-02 01:56:27.080  1312  1803 W SmbMediaDataSource: 	at kotlinx.coroutines.scheduling.TaskImpl.run(Tasks.kt:89)
07-02 01:56:27.080  1312  1803 W SmbMediaDataSource: 	at kotlinx.coroutines.scheduling.CoroutineScheduler.runSafely(CoroutineScheduler.kt:586)
07-02 01:56:27.080  1312  1803 W SmbMediaDataSource: 	at kotlinx.coroutines.scheduling.CoroutineScheduler$Worker.executeTask(CoroutineScheduler.kt:820)
07-02 01:56:27.080  1312  1803 W SmbMediaDataSource: 	at kotlinx.coroutines.scheduling.CoroutineScheduler$Worker.runWorker(CoroutineScheduler.kt:717)
07-02 01:56:27.080  1312  1803 W SmbMediaDataSource: 	at kotlinx.coroutines.scheduling.CoroutineScheduler$Worker.run(CoroutineScheduler.kt:704)
07-02 01:56:27.092  1767  5692 W WifiService: Permission violation - getScanResults not allowed for uid=10291, packageName=com.google.android.apps.chromecast.app, reason=java.lang.SecurityException: UID 10291 has no location permission
07-02 01:56:27.123  2621  2621 W ConstraintSet: id unknown seamless_vertical_guideline
07-02 01:56:27.123  2621  2621 W ConstraintSet: id unknown action_button_guideline
07-02 01:56:27.124  2621  2621 W ConstraintSet: id unknown icon
07-02 01:56:27.124  2621  2621 W ConstraintSet: id unknown device_suggestion_container
07-02 01:56:27.124  2621  2621 W ConstraintSet: id unknown media_session_vertical_barrier
07-02 01:56:27.124  2621  2621 W ConstraintSet: id unknown media_seamless
07-02 01:56:27.124  2621  2621 W ConstraintSet: id unknown media_action_barrier_start
07-02 01:56:27.124  2621  2621 W ConstraintSet: id unknown media_action_barrier_end
07-02 01:56:27.124  2621  2621 W ConstraintSet: id unknown media_action_barrier_top
07-02 01:56:27.124  2621  2621 W ConstraintSet: id unknown remove_text
07-02 01:56:27.124  2621  2621 W ConstraintSet: id unknown settings
07-02 01:56:27.124  2621  2621 W ConstraintSet: id unknown dismiss
07-02 01:56:27.124  2621  2621 W ConstraintSet: id unknown cancel
07-02 01:56:27.734  2621  2621 W ConstraintSet: id unknown seamless_vertical_guideline
07-02 01:56:27.734  2621  2621 W ConstraintSet: id unknown action_button_guideline
07-02 01:56:27.734  2621  2621 W ConstraintSet: id unknown icon
07-02 01:56:27.734  2621  2621 W ConstraintSet: id unknown device_suggestion_container
07-02 01:56:27.734  2621  2621 W ConstraintSet: id unknown media_session_vertical_barrier
07-02 01:56:27.734  2621  2621 W ConstraintSet: id unknown media_seamless
07-02 01:56:27.735  2621  2621 W ConstraintSet: id unknown media_action_barrier_start
07-02 01:56:27.735  2621  2621 W ConstraintSet: id unknown media_action_barrier_end
07-02 01:56:27.735  2621  2621 W ConstraintSet: id unknown media_action_barrier_top
07-02 01:56:27.735  2621  2621 W ConstraintSet: id unknown remove_text
07-02 01:56:27.735  2621  2621 W ConstraintSet: id unknown settings
07-02 01:56:27.735  2621  2621 W ConstraintSet: id unknown dismiss
07-02 01:56:27.735  2621  2621 W ConstraintSet: id unknown cancel
07-02 01:56:28.046   527   647 D SurfaceFlinger: setDesiredMode 4619827677550801152 {mode={fps=60.00 Hz, modePtr={id=0, vsyncRate=60.00 Hz, peakRefreshRate=60.00 Hz}}, emitEvent=false, force=false}
07-02 01:56:28.050   527   527 D SurfaceFlinger: initiateModeChange 4619827677550801152 {mode={fps=60.00 Hz, modePtr={id=0, vsyncRate=60.00 Hz, peakRefreshRate=60.00 Hz}}, emitEvent=false, force=false}
07-02 01:56:28.052   529  2180 D hwc-display: setActiveConfigWithConstraints:: PrimaryDisplay config(36) test(0)
07-02 01:56:28.052   529  2180 D hwc-display: [PrimaryDisplay] OperationRateManager::onConfig:rate=60
07-02 01:56:28.052   529  2180 I hwc-display: [PrimaryDisplay] OperationRateManager::updateOperationRateLocked:Target@120(desired:120) | Refresh@60(peak:2147483647), Battery:OK, DBV:961(NsMin:0)
07-02 01:56:28.052   529  2180 I hwc-display: [PrimaryDisplay] setActiveConfigWithConstraints: config(36)
07-02 01:56:28.592  1312  1962 E SmbDataSource: Failed to close smbFile
07-02 01:56:28.592  1312  1962 E SmbDataSource: com.hierynomus.smbj.common.SMBRuntimeException: DiskShare has already been closed
07-02 01:56:28.592  1312  1962 E SmbDataSource: 	at com.hierynomus.smbj.share.Share.send(Share.java:364)
07-02 01:56:28.592  1312  1962 E SmbDataSource: 	at com.hierynomus.smbj.share.Share.sendReceive(Share.java:358)
07-02 01:56:28.592  1312  1962 E SmbDataSource: 	at com.hierynomus.smbj.share.Share.closeFileId(Share.java:171)
07-02 01:56:28.592  1312  1962 E SmbDataSource: 	at com.hierynomus.smbj.share.Open.close(Open.java:92)
07-02 01:56:28.592  1312  1962 E SmbDataSource: 	at fr.retrospare.blazeplayer.player.SmbDataSource.close(SmbDataSource.kt:144)
07-02 01:56:28.592  1312  1962 E SmbDataSource: 	at androidx.media3.datasource.DefaultDataSource.close(DefaultDataSource.java:304)
07-02 01:56:28.592  1312  1962 E SmbDataSource: 	at androidx.media3.datasource.StatsDataSource.close(StatsDataSource.java:124)
07-02 01:56:28.592  1312  1962 E SmbDataSource: 	at androidx.media3.datasource.DataSourceUtil.closeQuietly(DataSourceUtil.java:87)
07-02 01:56:28.592  1312  1962 E SmbDataSource: 	at androidx.media3.exoplayer.source.ProgressiveMediaPeriod$ExtractingLoadable.load(ProgressiveMediaPeriod.java:1205)
07-02 01:56:28.592  1312  1962 E SmbDataSource: 	at androidx.media3.exoplayer.upstream.Loader$LoadTask.run(Loader.java:453)
07-02 01:56:28.592  1312  1962 E SmbDataSource: 	at java.util.concurrent.ThreadPoolExecutor.runWorker(ThreadPoolExecutor.java:1100)
07-02 01:56:28.592  1312  1962 E SmbDataSource: 	at java.util.concurrent.ThreadPoolExecutor$Worker.run(ThreadPoolExecutor.java:624)
07-02 01:56:28.592  1312  1962 E SmbDataSource: 	at java.lang.Thread.run(Thread.java:1572)
07-02 01:56:28.939  1555  1555 D AOC     : A3:MSG: usf_sensor.cc, 1866: USF: Received start sampling request for LSM6DSV Motion Detect (active:1).
07-02 01:56:28.940  1555  1555 D AOC     : A3:MSG: lsm6dsv_device.cc, 732: USF: Lsm6dsvDevice: Sensor 3: Enabled 1, odr_index 1, period_ns 500000000.
07-02 01:56:28.941  1555  1555 D AOC     : A3:MSG: lsm6dsv_fifo.cc, 755: USF: Lsm6dsvFifo: ODR: XL/G/T/TS: 480/480/15/60 WM: 4 Intr: 259.
07-02 01:56:28.942  1555  1555 D AOC     : A3:MSG: lsm6dsv_device.cc, 252: USF: Lsm6dsvDevice: Config sampling too slow. Took 535766ns.
07-02 01:56:28.942  1555  1555 D AOC     : A3:MSG: lsm6dsv_device.cc, 641: USF: Lsm6dsvDevice: Fifo was disabled for 535766ns.
07-02 01:56:28.946  1555  1555 D AOC     : A3:MSG: usf_sensor.cc, 1866: USF: Received start sampling request for LSM6DSV Accelerometer (active:7).
07-02 01:56:29.051  1312  2061 W SmbMediaDataSource: Ouverture échouée (share invalidé entre-temps ?), nouvelle tentative
07-02 01:56:29.051  1312  2061 W SmbMediaDataSource: com.hierynomus.smbj.common.SMBRuntimeException: DiskShare has already been closed
07-02 01:56:29.051  1312  2061 W SmbMediaDataSource: 	at com.hierynomus.smbj.share.Share.send(Share.java:364)
07-02 01:56:29.051  1312  2061 W SmbMediaDataSource: 	at com.hierynomus.smbj.share.Share.sendReceive(Share.java:358)
07-02 01:56:29.051  1312  2061 W SmbMediaDataSource: 	at com.hierynomus.smbj.share.Share.queryInfo(Share.java:184)
07-02 01:56:29.051  1312  2061 W SmbMediaDataSource: 	at com.hierynomus.smbj.share.DiskShare.getFileInformation(DiskShare.java:310)
07-02 01:56:29.051  1312  2061 W SmbMediaDataSource: 	at com.hierynomus.smbj.share.DiskEntry.getFileInformation(DiskEntry.java:85)
07-02 01:56:29.051  1312  2061 W SmbMediaDataSource: 	at fr.retrospare.blazeplayer.player.SmbMediaDataSource._init_$attemptOpen(SmbMediaDataSource.kt:40)
07-02 01:56:29.051  1312  2061 W SmbMediaDataSource: 	at fr.retrospare.blazeplayer.player.SmbMediaDataSource.<init>(SmbMediaDataSource.kt:45)
07-02 01:56:29.051  1312  2061 W SmbMediaDataSource: 	at fr.retrospare.blazeplayer.cast.LocalStreamServer.getOrComputeFileSize(LocalStreamServer.kt:135)
07-02 01:56:29.051  1312  2061 W SmbMediaDataSource: 	at fr.retrospare.blazeplayer.cast.LocalStreamServer.serve(LocalStreamServer.kt:97)
07-02 01:56:29.051  1312  2061 W SmbMediaDataSource: 	at fi.iki.elonen.NanoHTTPD$HTTPSession.execute(NanoHTTPD.java:945)
07-02 01:56:29.051  1312  2061 W SmbMediaDataSource: 	at fi.iki.elonen.NanoHTTPD$ClientHandler.run(NanoHTTPD.java:192)
07-02 01:56:29.051  1312  2061 W SmbMediaDataSource: 	at java.lang.Thread.run(Thread.java:1572)
07-02 01:56:29.052  1312  1812 E SmbMediaDataSource: readAt a échoué même après nouvelle tentative à la position 1042541104
07-02 01:56:29.052  1312  1812 E SmbMediaDataSource: com.hierynomus.smbj.common.SMBRuntimeException: DiskShare has already been closed
07-02 01:56:29.052  1312  1812 E SmbMediaDataSource: 	at com.hierynomus.smbj.share.Share.send(Share.java:364)
07-02 01:56:29.052  1312  1812 E SmbMediaDataSource: 	at com.hierynomus.smbj.share.Share.readAsync(Share.java:220)
07-02 01:56:29.052  1312  1812 E SmbMediaDataSource: 	at com.hierynomus.smbj.share.Share.read(Share.java:214)
07-02 01:56:29.052  1312  1812 E SmbMediaDataSource: 	at com.hierynomus.smbj.share.File.read(File.java:162)
07-02 01:56:29.052  1312  1812 E SmbMediaDataSource: 	at fr.retrospare.blazeplayer.player.SmbMediaDataSource.readAt(SmbMediaDataSource.kt:90)
07-02 01:56:29.052  1312  1812 E SmbMediaDataSource: 	at android.media.MediaMetadataRetriever._setDataSource(Native Method)
07-02 01:56:29.052  1312  1812 E SmbMediaDataSource: 	at android.media.MediaMetadataRetriever.setDataSource(MediaMetadataRetriever.java:407)
07-02 01:56:29.052  1312  1812 E SmbMediaDataSource: 	at fr.retrospare.blazeplayer.ui.ThumbnailUtils$loadThumbnail$2.invokeSuspend(ThumbnailUtils.kt:196)
07-02 01:56:29.052  1312  1812 E SmbMediaDataSource: 	at kotlin.coroutines.jvm.internal.BaseContinuationImpl.resumeWith(ContinuationImpl.kt:34)
07-02 01:56:29.052  1312  1812 E SmbMediaDataSource: 	at kotlinx.coroutines.DispatchedTask.run(DispatchedTask.kt:100)
07-02 01:56:29.052  1312  1812 E SmbMediaDataSource: 	at kotlinx.coroutines.internal.LimitedDispatcher$Worker.run(LimitedDispatcher.kt:124)
07-02 01:56:29.052  1312  1812 E SmbMediaDataSource: 	at kotlinx.coroutines.scheduling.TaskImpl.run(Tasks.kt:89)
07-02 01:56:29.052  1312  1812 E SmbMediaDataSource: 	at kotlinx.coroutines.scheduling.CoroutineScheduler.runSafely(CoroutineScheduler.kt:586)
07-02 01:56:29.052  1312  1812 E SmbMediaDataSource: 	at kotlinx.coroutines.scheduling.CoroutineScheduler$Worker.executeTask(CoroutineScheduler.kt:820)
07-02 01:56:29.052  1312  1812 E SmbMediaDataSource: 	at kotlinx.coroutines.scheduling.CoroutineScheduler$Worker.runWorker(CoroutineScheduler.kt:717)
07-02 01:56:29.052  1312  1812 E SmbMediaDataSource: 	at kotlinx.coroutines.scheduling.CoroutineScheduler$Worker.run(CoroutineScheduler.kt:704)
07-02 01:56:29.054  1312  1810 E SmbMediaDataSource: readAt a échoué même après nouvelle tentative à la position 2048
07-02 01:56:29.054  1312  1810 E SmbMediaDataSource: com.hierynomus.smbj.common.SMBRuntimeException: DiskShare has already been closed
07-02 01:56:29.054  1312  1810 E SmbMediaDataSource: 	at com.hierynomus.smbj.share.Share.send(Share.java:364)
07-02 01:56:29.054  1312  1810 E SmbMediaDataSource: 	at com.hierynomus.smbj.share.Share.readAsync(Share.java:220)
07-02 01:56:29.054  1312  1810 E SmbMediaDataSource: 	at com.hierynomus.smbj.share.Share.read(Share.java:214)
07-02 01:56:29.054  1312  1810 E SmbMediaDataSource: 	at com.hierynomus.smbj.share.File.read(File.java:162)
07-02 01:56:29.054  1312  1810 E SmbMediaDataSource: 	at fr.retrospare.blazeplayer.player.SmbMediaDataSource.readAt(SmbMediaDataSource.kt:90)
07-02 01:56:29.054  1312  1810 E SmbMediaDataSource: 	at android.media.MediaMetadataRetriever._setDataSource(Native Method)
07-02 01:56:29.054  1312  1810 E SmbMediaDataSource: 	at android.media.MediaMetadataRetriever.setDataSource(MediaMetadataRetriever.java:407)
07-02 01:56:29.054  1312  1810 E SmbMediaDataSource: 	at fr.retrospare.blazeplayer.ui.ThumbnailUtils$loadThumbnail$2.invokeSuspend(ThumbnailUtils.kt:196)
07-02 01:56:29.054  1312  1810 E SmbMediaDataSource: 	at kotlin.coroutines.jvm.internal.BaseContinuationImpl.resumeWith(ContinuationImpl.kt:34)
07-02 01:56:29.054  1312  1810 E SmbMediaDataSource: 	at kotlinx.coroutines.DispatchedTask.run(DispatchedTask.kt:100)
07-02 01:56:29.054  1312  1810 E SmbMediaDataSource: 	at kotlinx.coroutines.internal.LimitedDispatcher$Worker.run(LimitedDispatcher.kt:124)
07-02 01:56:29.054  1312  1810 E SmbMediaDataSource: 	at kotlinx.coroutines.scheduling.TaskImpl.run(Tasks.kt:89)
07-02 01:56:29.054  1312  1810 E SmbMediaDataSource: 	at kotlinx.coroutines.scheduling.CoroutineScheduler.runSafely(CoroutineScheduler.kt:586)
07-02 01:56:29.054  1312  1810 E SmbMediaDataSource: 	at kotlinx.coroutines.scheduling.CoroutineScheduler$Worker.executeTask(CoroutineScheduler.kt:820)
07-02 01:56:29.054  1312  1810 E SmbMediaDataSource: 	at kotlinx.coroutines.scheduling.CoroutineScheduler$Worker.runWorker(CoroutineScheduler.kt:717)
07-02 01:56:29.054  1312  1810 E SmbMediaDataSource: 	at kotlinx.coroutines.scheduling.CoroutineScheduler$Worker.run(CoroutineScheduler.kt:704)
07-02 01:56:29.054  1312  1812 W libbinder.Binder: Binder transaction to android.media.IDataSource code 2 took 2017ms. Data bytes: 84 Reply bytes: 8 Flags: 16
07-02 01:56:29.054  1312  1810 W libbinder.Binder: Binder transaction to android.media.IDataSource code 2 took 2017ms. Data bytes: 84 Reply bytes: 8 Flags: 16
07-02 01:56:29.055  1312  1844 E SmbMediaDataSource: readAt a échoué même après nouvelle tentative à la position 2048
07-02 01:56:29.055  1312  1844 E SmbMediaDataSource: com.hierynomus.smbj.common.SMBRuntimeException: DiskShare has already been closed
07-02 01:56:29.055  1312  1844 E SmbMediaDataSource: 	at com.hierynomus.smbj.share.Share.send(Share.java:364)
07-02 01:56:29.055  1312  1844 E SmbMediaDataSource: 	at com.hierynomus.smbj.share.Share.readAsync(Share.java:220)
07-02 01:56:29.055  1312  1844 E SmbMediaDataSource: 	at com.hierynomus.smbj.share.Share.read(Share.java:214)
07-02 01:56:29.055  1312  1844 E SmbMediaDataSource: 	at com.hierynomus.smbj.share.File.read(File.java:162)
07-02 01:56:29.055  1312  1844 E SmbMediaDataSource: 	at fr.retrospare.blazeplayer.player.SmbMediaDataSource.readAt(SmbMediaDataSource.kt:90)
07-02 01:56:29.055  1312  1844 E SmbMediaDataSource: 	at android.media.MediaMetadataRetriever._setDataSource(Native Method)
07-02 01:56:29.055  1312  1844 E SmbMediaDataSource: 	at android.media.MediaMetadataRetriever.setDataSource(MediaMetadataRetriever.java:407)
07-02 01:56:29.055  1312  1844 E SmbMediaDataSource: 	at fr.retrospare.blazeplayer.player.PlayerActivity$onCreate$8.invokeSuspend(PlayerActivity.kt:215)
07-02 01:56:29.055  1312  1844 E SmbMediaDataSource: 	at kotlin.coroutines.jvm.internal.BaseContinuationImpl.resumeWith(ContinuationImpl.kt:34)
07-02 01:56:29.055  1312  1844 E SmbMediaDataSource: 	at kotlinx.coroutines.DispatchedTask.run(DispatchedTask.kt:100)
07-02 01:56:29.055  1312  1844 E SmbMediaDataSource: 	at kotlinx.coroutines.internal.LimitedDispatcher$Worker.run(LimitedDispatcher.kt:124)
07-02 01:56:29.055  1312  1844 E SmbMediaDataSource: 	at kotlinx.coroutines.scheduling.TaskImpl.run(Tasks.kt:89)
07-02 01:56:29.055  1312  1844 E SmbMediaDataSource: 	at kotlinx.coroutines.scheduling.CoroutineScheduler.runSafely(CoroutineScheduler.kt:586)
07-02 01:56:29.055  1312  1844 E SmbMediaDataSource: 	at kotlinx.coroutines.scheduling.CoroutineScheduler$Worker.executeTask(CoroutineScheduler.kt:820)
07-02 01:56:29.055  1312  1844 E SmbMediaDataSource: 	at kotlinx.coroutines.scheduling.CoroutineScheduler$Worker.runWorker(CoroutineScheduler.kt:717)
07-02 01:56:29.055  1312  1844 E SmbMediaDataSource: 	at kotlinx.coroutines.scheduling.CoroutineScheduler$Worker.run(CoroutineScheduler.kt:704)
07-02 01:56:29.055  1312  1844 W libbinder.Binder: Binder transaction to android.media.IDataSource code 2 took 2018ms. Data bytes: 84 Reply bytes: 8 Flags: 16
07-02 01:56:29.055  1521  1521 E SampleTable: Incomplete data read for time-to-sample table.
07-02 01:56:29.055  1521  1521 W libbinder.Binder: Binder transaction to android.IMediaExtractorService code 1 took 5664ms. Data bytes: 112 Reply bytes: 32 Flags: 16
07-02 01:56:29.056  1528 19864 W libbinder.Binder: Binder transaction to android.media.IMediaMetadataRetriever code 4 took 5665ms. Data bytes: 124 Reply bytes: 4 Flags: 16
07-02 01:56:29.056  1312  1810 W SmbMediaDataSource: readAt failed at position 0, nouvelle tentative avec un handle/share frais (budget restant: 23)
07-02 01:56:29.056  1312  1810 W SmbMediaDataSource: com.hierynomus.smbj.common.SMBRuntimeException: DiskShare has already been closed
07-02 01:56:29.056  1312  1810 W SmbMediaDataSource: 	at com.hierynomus.smbj.share.Share.send(Share.java:364)
07-02 01:56:29.056  1312  1810 W SmbMediaDataSource: 	at com.hierynomus.smbj.share.Share.readAsync(Share.java:220)
07-02 01:56:29.056  1312  1810 W SmbMediaDataSource: 	at com.hierynomus.smbj.share.Share.read(Share.java:214)
07-02 01:56:29.056  1312  1810 W SmbMediaDataSource: 	at com.hierynomus.smbj.share.File.read(File.java:162)
07-02 01:56:29.056  1312  1810 W SmbMediaDataSource: 	at fr.retrospare.blazeplayer.player.SmbMediaDataSource.readAt(SmbMediaDataSource.kt:61)
07-02 01:56:29.056  1312  1810 W SmbMediaDataSource: 	at android.media.MediaMetadataRetriever._setDataSource(Native Method)
07-02 01:56:29.056  1312  1810 W SmbMediaDataSource: 	at android.media.MediaMetadataRetriever.setDataSource(MediaMetadataRetriever.java:407)
07-02 01:56:29.056  1312  1810 W SmbMediaDataSource: 	at fr.retrospare.blazeplayer.ui.ThumbnailUtils$loadThumbnail$2.invokeSuspend(ThumbnailUtils.kt:196)
07-02 01:56:29.056  1312  1810 W SmbMediaDataSource: 	at kotlin.coroutines.jvm.internal.BaseContinuationImpl.resumeWith(ContinuationImpl.kt:34)
07-02 01:56:29.056  1312  1810 W SmbMediaDataSource: 	at kotlinx.coroutines.DispatchedTask.run(DispatchedTask.kt:100)
07-02 01:56:29.056  1312  1810 W SmbMediaDataSource: 	at kotlinx.coroutines.internal.LimitedDispatcher$Worker.run(LimitedDispatcher.kt:124)
07-02 01:56:29.056  1312  1810 W SmbMediaDataSource: 	at kotlinx.coroutines.scheduling.TaskImpl.run(Tasks.kt:89)
07-02 01:56:29.056  1312  1810 W SmbMediaDataSource: 	at kotlinx.coroutines.scheduling.CoroutineScheduler.runSafely(CoroutineScheduler.kt:586)
07-02 01:56:29.056  1312  1810 W SmbMediaDataSource: 	at kotlinx.coroutines.scheduling.CoroutineScheduler$Worker.executeTask(CoroutineScheduler.kt:820)
07-02 01:56:29.056  1312  1810 W SmbMediaDataSource: 	at kotlinx.coroutines.scheduling.CoroutineScheduler$Worker.runWorker(CoroutineScheduler.kt:717)
07-02 01:56:29.056  1312  1810 W SmbMediaDataSource: 	at kotlinx.coroutines.scheduling.CoroutineScheduler$Worker.run(CoroutineScheduler.kt:704)
07-02 01:56:29.056  1312  1844 W SmbMediaDataSource: readAt failed at position 0, nouvelle tentative avec un handle/share frais (budget restant: 23)
07-02 01:56:29.056  1312  1844 W SmbMediaDataSource: com.hierynomus.smbj.common.SMBRuntimeException: DiskShare has already been closed
07-02 01:56:29.056  1312  1844 W SmbMediaDataSource: 	at com.hierynomus.smbj.share.Share.send(Share.java:364)
07-02 01:56:29.056  1312  1844 W SmbMediaDataSource: 	at com.hierynomus.smbj.share.Share.readAsync(Share.java:220)
07-02 01:56:29.056  1312  1844 W SmbMediaDataSource: 	at com.hierynomus.smbj.share.Share.read(Share.java:214)
07-02 01:56:29.056  1312  1844 W SmbMediaDataSource: 	at com.hierynomus.smbj.share.File.read(File.java:162)
07-02 01:56:29.056  1312  1844 W SmbMediaDataSource: 	at fr.retrospare.blazeplayer.player.SmbMediaDataSource.readAt(SmbMediaDataSource.kt:61)
07-02 01:56:29.056  1312  1844 W SmbMediaDataSource: 	at android.media.MediaMetadataRetriever._setDataSource(Native Method)
07-02 01:56:29.056  1312  1844 W SmbMediaDataSource: 	at android.media.MediaMetadataRetriever.setDataSource(MediaMetadataRetriever.java:407)
07-02 01:56:29.056  1312  1844 W SmbMediaDataSource: 	at fr.retrospare.blazeplayer.player.PlayerActivity$onCreate$8.invokeSuspend(PlayerActivity.kt:215)
07-02 01:56:29.056  1312  1844 W SmbMediaDataSource: 	at kotlin.coroutines.jvm.internal.BaseContinuationImpl.resumeWith(ContinuationImpl.kt:34)
07-02 01:56:29.056  1312  1844 W SmbMediaDataSource: 	at kotlinx.coroutines.DispatchedTask.run(DispatchedTask.kt:100)
07-02 01:56:29.056  1312  1844 W SmbMediaDataSource: 	at kotlinx.coroutines.internal.LimitedDispatcher$Worker.run(LimitedDispatcher.kt:124)
07-02 01:56:29.056  1312  1844 W SmbMediaDataSource: 	at kotlinx.coroutines.scheduling.TaskImpl.run(Tasks.kt:89)
07-02 01:56:29.056  1312  1844 W SmbMediaDataSource: 	at kotlinx.coroutines.scheduling.CoroutineScheduler.runSafely(CoroutineScheduler.kt:586)
07-02 01:56:29.056  1312  1844 W SmbMediaDataSource: 	at kotlinx.coroutines.scheduling.CoroutineScheduler$Worker.executeTask(CoroutineScheduler.kt:820)
07-02 01:56:29.056  1312  1844 W SmbMediaDataSource: 	at kotlinx.coroutines.scheduling.CoroutineScheduler$Worker.runWorker(CoroutineScheduler.kt:717)
07-02 01:56:29.056  1312  1844 W SmbMediaDataSource: 	at kotlinx.coroutines.scheduling.CoroutineScheduler$Worker.run(CoroutineScheduler.kt:704)
07-02 01:56:29.058  1312  1803 E SmbMediaDataSource: readAt a échoué même après nouvelle tentative à la position 20032
07-02 01:56:29.058  1312  1803 E SmbMediaDataSource: com.hierynomus.smbj.common.SMBRuntimeException: DiskShare has already been closed
07-02 01:56:29.058  1312  1803 E SmbMediaDataSource: 	at com.hierynomus.smbj.share.Share.send(Share.java:364)
07-02 01:56:29.058  1312  1803 E SmbMediaDataSource: 	at com.hierynomus.smbj.share.Share.readAsync(Share.java:220)
07-02 01:56:29.058  1312  1803 E SmbMediaDataSource: 	at com.hierynomus.smbj.share.Share.read(Share.java:214)
07-02 01:56:29.058  1312  1803 E SmbMediaDataSource: 	at com.hierynomus.smbj.share.File.read(File.java:162)
07-02 01:56:29.058  1312  1803 E SmbMediaDataSource: 	at fr.retrospare.blazeplayer.player.SmbMediaDataSource.readAt(SmbMediaDataSource.kt:90)
07-02 01:56:29.058  1312  1803 E SmbMediaDataSource: 	at android.media.MediaMetadataRetriever._getFrameAtTime(Native Method)
07-02 01:56:29.058  1312  1803 E SmbMediaDataSource: 	at android.media.MediaMetadataRetriever.getFrameAtTime(MediaMetadataRetriever.java:574)
07-02 01:56:29.058  1312  1803 E SmbMediaDataSource: 	at fr.retrospare.blazeplayer.ui.ThumbnailUtils$loadThumbnail$2.invokeSuspend(ThumbnailUtils.kt:200)
07-02 01:56:29.058  1312  1803 E SmbMediaDataSource: 	at kotlin.coroutines.jvm.internal.BaseContinuationImpl.resumeWith(ContinuationImpl.kt:34)
07-02 01:56:29.058  1312  1803 E SmbMediaDataSource: 	at kotlinx.coroutines.DispatchedTask.run(DispatchedTask.kt:100)
07-02 01:56:29.058  1312  1803 E SmbMediaDataSource: 	at kotlinx.coroutines.internal.LimitedDispatcher$Worker.run(LimitedDispatcher.kt:124)
07-02 01:56:29.058  1312  1803 E SmbMediaDataSource: 	at kotlinx.coroutines.scheduling.TaskImpl.run(Tasks.kt:89)
07-02 01:56:29.058  1312  1803 E SmbMediaDataSource: 	at kotlinx.coroutines.scheduling.CoroutineScheduler.runSafely(CoroutineScheduler.kt:586)
07-02 01:56:29.058  1312  1803 E SmbMediaDataSource: 	at kotlinx.coroutines.scheduling.CoroutineScheduler$Worker.executeTask(CoroutineScheduler.kt:820)
07-02 01:56:29.058  1312  1803 E SmbMediaDataSource: 	at kotlinx.coroutines.scheduling.CoroutineScheduler$Worker.runWorker(CoroutineScheduler.kt:717)
07-02 01:56:29.058  1312  1803 E SmbMediaDataSource: 	at kotlinx.coroutines.scheduling.CoroutineScheduler$Worker.run(CoroutineScheduler.kt:704)
07-02 01:56:29.059  1312  1803 W libbinder.Binder: Binder transaction to android.media.IDataSource code 2 took 1979ms. Data bytes: 84 Reply bytes: 8 Flags: 16
07-02 01:56:29.059  1521  9893 E MatroskaExtractor: Cluster::Parse returned result -1
07-02 01:56:29.059  1521  9893 W libbinder.Binder: Binder transaction to android.media.IMediaExtractor code 3 took 1985ms. Data bytes: 84 Reply bytes: 252 Flags: 16
07-02 01:56:29.060  1312  2053 W LocalStreamServer: getOrComputeFileSize échec tentative 2/3 pour smb://NAS-ADMIN:%401981Ag23Sept@192.168.0.97/Médias/Films/Greenland.Le.Dernier.Refuge.2020.Vff..BDRIP.mp4
07-02 01:56:29.060  1312  2053 W LocalStreamServer: com.hierynomus.smbj.common.SMBRuntimeException: DiskShare has already been closed
07-02 01:56:29.060  1312  2053 W LocalStreamServer: 	at com.hierynomus.smbj.share.Share.send(Share.java:364)
07-02 01:56:29.060  1312  2053 W LocalStreamServer: 	at com.hierynomus.smbj.share.Share.sendReceive(Share.java:358)
07-02 01:56:29.060  1312  2053 W LocalStreamServer: 	at com.hierynomus.smbj.share.Share.queryInfo(Share.java:184)
07-02 01:56:29.060  1312  2053 W LocalStreamServer: 	at com.hierynomus.smbj.share.DiskShare.getFileInformation(DiskShare.java:310)
07-02 01:56:29.060  1312  2053 W LocalStreamServer: 	at com.hierynomus.smbj.share.DiskEntry.getFileInformation(DiskEntry.java:85)
07-02 01:56:29.060  1312  2053 W LocalStreamServer: 	at fr.retrospare.blazeplayer.player.SmbMediaDataSource._init_$attemptOpen(SmbMediaDataSource.kt:40)
07-02 01:56:29.060  1312  2053 W LocalStreamServer: 	at fr.retrospare.blazeplayer.player.SmbMediaDataSource.<init>(SmbMediaDataSource.kt:49)
07-02 01:56:29.060  1312  2053 W LocalStreamServer: 	at fr.retrospare.blazeplayer.cast.LocalStreamServer.getOrComputeFileSize(LocalStreamServer.kt:135)
07-02 01:56:29.060  1312  2053 W LocalStreamServer: 	at fr.retrospare.blazeplayer.cast.LocalStreamServer.setSource$lambda$0(LocalStreamServer.kt:45)
07-02 01:56:29.060  1312  2053 W LocalStreamServer: 	at fr.retrospare.blazeplayer.cast.LocalStreamServer$$ExternalSyntheticLambda0.run(D8$$SyntheticClass:0)
07-02 01:56:29.060  1312  2053 W LocalStreamServer: 	at java.lang.Thread.run(Thread.java:1572)
07-02 01:56:29.065  1528  2072 D CCodec  : allocate(c2.android.avc.decoder)
07-02 01:56:29.069  1528  2072 I CCodec  : setting up 'default' as default (vendor) store
07-02 01:56:29.078  1528  2072 W mediaserver: AIBinder_linkToDeath is being called with a non-null cookie and no onUnlink callback set. Use AIBinder_DeathRecipient_setOnUnlinked to manage the lifetime of the cookie. This will become an abort.
07-02 01:56:29.079  1528  2072 I CCodec  : Created component [c2.android.avc.decoder] for [c2.android.avc.decoder]
07-02 01:56:29.080  1528  2072 D CCodecConfig: read media type: video/avc
07-02 01:56:29.086  1528  2072 D ReflectedParamUpdater: extent() != 1 for single value type: algo.buffers.max-count.values
07-02 01:56:29.087  1528  2072 D ReflectedParamUpdater: extent() != 1 for single value type: output.subscribed-indices.values
07-02 01:56:29.087  1528  2072 D ReflectedParamUpdater: extent() != 1 for single value type: input.buffers.allocator-ids.values
07-02 01:56:29.087  1528  2072 D ReflectedParamUpdater: extent() != 1 for single value type: output.buffers.allocator-ids.values
07-02 01:56:29.088  1528  2072 D ReflectedParamUpdater: extent() != 1 for single value type: algo.buffers.allocator-ids.values
07-02 01:56:29.088  1528  2072 D ReflectedParamUpdater: extent() != 1 for single value type: output.buffers.pool-ids.values
07-02 01:56:29.088  1528  2072 D ReflectedParamUpdater: extent() != 1 for single value type: algo.buffers.pool-ids.values
07-02 01:56:29.089  1528  2072 D ReflectedParamUpdater: ignored struct field coded.color-format.locations
07-02 01:56:29.091  1528  2072 D CCodecConfig: ignoring local param raw.size (0xd2001800) as it is already supported
07-02 01:56:29.091  1528  2072 D CCodecConfig: ignoring local param default.color (0x5200180b) as it is already supported
07-02 01:56:29.091  1528  2072 D ReflectedParamUpdater: ignored struct field raw.hdr-static-info.mastering
07-02 01:56:29.094  1528  2072 I CCodecConfig: query failed after returning 12 values (BAD_INDEX)
07-02 01:56:29.094  1528  2072 D CCodecConfig: c2 config diff is Dict {
07-02 01:56:29.094  1528  2072 D CCodecConfig:   c2::u32 coded.pl.level = 20496
07-02 01:56:29.094  1528  2072 D CCodecConfig:   c2::u32 coded.pl.profile = 20481
07-02 01:56:29.094  1528  2072 D CCodecConfig:   c2::u32 coded.vui.color.matrix = 0
07-02 01:56:29.094  1528  2072 D CCodecConfig:   c2::u32 coded.vui.color.primaries = 0
07-02 01:56:29.094  1528  2072 D CCodecConfig:   c2::u32 coded.vui.color.range = 2
07-02 01:56:29.094  1528  2072 D CCodecConfig:   c2::u32 coded.vui.color.transfer = 0
07-02 01:56:29.094  1528  2072 D CCodecConfig:   c2::u32 default.color.matrix = 0
07-02 01:56:29.094  1528  2072 D CCodecConfig:   c2::u32 default.color.primaries = 0
07-02 01:56:29.094  1528  2072 D CCodecConfig:   c2::u32 default.color.range = 0
07-02 01:56:29.094  1528  2072 D CCodecConfig:   c2::u32 default.color.transfer = 0
07-02 01:56:29.094  1528  2072 D CCodecConfig:   c2::u32 input.buffers.max-size.value = 2097152
07-02 01:56:29.094  1528  2072 D CCodecConfig:   c2::u32 input.delay.value = 0
07-02 01:56:29.094  1528  2072 D CCodecConfig:   string input.media-type.value = "video/avc"
07-02 01:56:29.094  1528  2072 D CCodecConfig:   c2::u32 output.delay.value = 8
07-02 01:56:29.094  1528  2072 D CCodecConfig:   string output.media-type.value = "video/raw"
07-02 01:56:29.094  1528  2072 D CCodecConfig:   c2::u32 raw.color.matrix = 0
07-02 01:56:29.094  1528  2072 D CCodecConfig:   c2::u32 raw.color.primaries = 0
07-02 01:56:29.094  1528  2072 D CCodecConfig:   c2::u32 raw.color.range = 2
07-02 01:56:29.094  1528  2072 D CCodecConfig:   c2::u32 raw.color.transfer = 0
07-02 01:56:29.094  1528  2072 D CCodecConfig:   c2::u32 raw.max-size.height = 240
07-02 01:56:29.094  1528  2072 D CCodecConfig:   c2::u32 raw.max-size.width = 320
07-02 01:56:29.094  1528  2072 D CCodecConfig:   c2::u32 raw.pixel-format.value = 35
07-02 01:56:29.094  1528  2072 D CCodecConfig:   c2::i32 raw.rotation.flip = 0
07-02 01:56:29.094  1528  2072 D CCodecConfig:   c2::i32 raw.rotation.value = 0
07-02 01:56:29.094  1528  2072 D CCodecConfig:   c2::u32 raw.sar.height = 1
07-02 01:56:29.094  1528  2072 D CCodecConfig:   c2::u32 raw.sar.width = 1
07-02 01:56:29.094  1528  2072 D CCodecConfig:   c2::u32 raw.size.height = 240
07-02 01:56:29.094  1528  2072 D CCodecConfig:   c2::u32 raw.size.width = 320
07-02 01:56:29.094  1528  2072 D CCodecConfig:   c2:
07-02 01:56:29.095  1528  2072 W ColorUtils: expected specified color aspects (2:0:0:0)
07-02 01:56:29.097  1528 32642 I MediaCodec: media_quality service unavailable, skipping updatePictureProfile
07-02 01:56:29.099  1528  2072 D CCodec  : [c2.android.avc.decoder] buffers are bound to CCodec for this session
07-02 01:56:29.100  1528  2072 D CCodecConfig: no c2 equivalents for thumbnail-time
07-02 01:56:29.100  1528  2072 D CCodecConfig: no c2 equivalents for durationUs
07-02 01:56:29.100  1528  2072 D CCodecConfig: no c2 equivalents for display-width
07-02 01:56:29.100  1528  2072 D CCodecConfig: no c2 equivalents for display-height
07-02 01:56:29.100  1528  2072 D CCodecConfig: no c2 equivalents for color-standard
07-02 01:56:29.100  1528  2072 D CCodecConfig: no c2 equivalents for csd-1
07-02 01:56:29.100  1528  2072 D CCodecConfig: no c2 equivalents for color-format
07-02 01:56:29.100  1528  2072 D CCodecConfig: no c2 equivalents for importance
07-02 01:56:29.100  1528  2072 D CCodecConfig: no c2 equivalents for flags
07-02 01:56:29.102  1528  2072 D CCodecConfig: c2 config diff is   c2::u32 coded.pl.level = 20490
07-02 01:56:29.102  1528  2072 D CCodecConfig:   c2::u32 coded.pl.profile = 20484
07-02 01:56:29.102  1528  2072 D CCodecConfig:   c2::u32 default.color.matrix = 1
07-02 01:56:29.102  1528  2072 D CCodecConfig:   c2::u32 default.color.primaries = 1
07-02 01:56:29.102  1528  2072 D CCodecConfig:   c2::u32 default.color.range = 2
07-02 01:56:29.102  1528  2072 D CCodecConfig:   c2::u32 default.color.transfer = 3
07-02 01:56:29.102  1528  2072 D CCodecConfig:   c2::u32 raw.size.height = 704
07-02 01:56:29.102  1528  2072 D CCodecConfig:   c2::u32 raw.size.width = 1304
07-02 01:56:29.103  1528  2072 W ColorUtils: expected specified color aspects (2:0:0:0)
07-02 01:56:29.103  1528  2072 D CCodec  : encoding statistics level = 0
07-02 01:56:29.104  1528  2072 D CCodec  : setup formats input: AMessage(what = 0x00000000) = {
07-02 01:56:29.104  1528  2072 D CCodec  :   int32_t height = 704
07-02 01:56:29.104  1528  2072 D CCodec  :   int32_t level = 1024
07-02 01:56:29.104  1528  2072 D CCodec  :   int32_t max-input-size = 2097152
07-02 01:56:29.104  1528  2072 D CCodec  :   string mime = "video/avc"
07-02 01:56:29.104  1528  2072 D CCodec  :   int32_t profile = 8
07-02 01:56:29.104  1528  2072 D CCodec  :   int32_t width = 1304
07-02 01:56:29.104  1528  2072 D CCodec  :   Rect crop(0, 0, 1303, 703)
07-02 01:56:29.104  1528  2072 D CCodec  : }
07-02 01:56:29.104  1528  2072 D CCodec  : setup formats output: AMessage(what = 0x00000000) = {
07-02 01:56:29.104  1528  2072 D CCodec  :   int32_t android._color-format = 2135033992
07-02 01:56:29.104  1528  2072 D CCodec  :   int32_t android._video-scaling = 1
07-02 01:56:29.104  1528  2072 D CCodec  :   int32_t rotation-degrees = 0
07-02 01:56:29.104  1528  2072 D CCodec  :   int32_t color-standard = 0
07-02 01:56:29.104  1528  2072 D CCodec  :   int32_t color-range = 2
07-02 01:56:29.104  1528  2072 D CCodec  :   int32_t color-transfer = 0
07-02 01:56:29.104  1528  2072 D CCodec  :   int32_t sar-height = 1
07-02 01:56:29.104  1528  2072 D CCodec  :   int32_t sar-width = 1
07-02 01:56:29.104  1528  2072 D CCodec  :   Rect crop(0, 0, 1303, 703)
07-02 01:56:29.104  1528  2072 D CCodec  :   int32_t width = 1304
07-02 01:56:29.104  1528  2072 D CCodec  :   int32_t height = 704
07-02 01:56:29.104  1528  2072 D CCodec  :   int32_t max-height = 240
07-02 01:56:29.104  1528  2072 D CCodec  :   int32_t max-width = 320
07-02 01:56:29.104  1528  2072 D CCodec  :   string mime = "video/raw"
07-02 01:56:29.104  1528  2072 D CCodec  :   int32_t android._dataspace = 268435456
07-02 01:56:29.104  1528  2072 D CCodec  :   int32_t color-format = 2135033992
07-02 01:56:29.104  1528  2072 D CCodec  : }
07-02 01:56:29.104  1528  2072 I CCodecConfig: query failed after returning 12 values (BAD_INDEX)
07-02 01:56:29.104  1528  2072 D CCodecConfig: c2 config diff is   c2::u32 raw.color.matrix = 1
07-02 01:56:29.104  1528  2072 D CCodecConfig:   c2::u32 raw.color.primaries = 1
07-02 01:56:29.104  1528  2072 D CCodecConfig:   c2::u32 raw.color.transfer = 3
07-02 01:56:29.104  1528  2072 D CCodecConfig:   c2::u32 raw.max-size.height = 704
07-02 01:56:29.104  1528  2072 D CCodecConfig:   c2::u32 raw.max-size.width = 1304
07-02 01:56:29.106  1528  2072 E mediaserver: Failed to query component interface for required system resources: 6
07-02 01:56:29.130  1528  2072 D CCodecBufferChannel: [c2.android.avc.decoder#415] Created input block pool with allocatorID 16 => poolID 2704 - OK (0)
07-02 01:56:29.133  1544  4747 D AidlBufferPool: bufferpool2 0xb400006e27066788 : 0(0 size) total buffers - 0(0 size) used buffers - 0/0 (recycle/alloc) - 0/0 (fetch/transfer)
07-02 01:56:29.134  1528  2072 I CCodecBufferChannel: [c2.android.avc.decoder#415] Created output block pool with allocatorID 17 => poolID 4569 - OK
07-02 01:56:29.135  1528  2072 D CCodecBufferChannel: [c2.android.avc.decoder#415] Configured output block pool ids 4569 => OK
07-02 01:56:29.138  1528  2071 W ResourceManagerServiceUtils: Ignoring request to add new resource entry with value <= 0
07-02 01:56:29.142  1544  4747 W mediaswcodec: AIBinder_linkToDeath is being called with a non-null cookie and no onUnlink callback set. Use AIBinder_DeathRecipient_setOnUnlinked to manage the lifetime of the cookie. This will become an abort.
07-02 01:56:29.142  1528  2071 W mediaserver: AIBinder_linkToDeath is being called with a non-null cookie and no onUnlink callback set. Use AIBinder_DeathRecipient_setOnUnlinked to manage the lifetime of the cookie. This will become an abort.
07-02 01:56:29.143  1767  2333 D MediaSessionService: onSessionPlaybackStateChanged: record=fr.retrospare.blazeplayer/androidx.media3.session.id.BlazeVideo/1949 (userId=0) playbackState=PlaybackState {state=BUFFERING(6), position=0, buffered position=0, speed=0.0, updated=539189377, actions=7339667, custom actions=[], active item id=0, error=null}
07-02 01:56:29.147  1544  2073 D SimpleC2Component: Using output block pool with poolID 4569 => got 4569 - 0
07-02 01:56:29.152  1312  1803 W SmbMediaDataSource: readAt failed at position 3553112815, nouvelle tentative avec un handle/share frais (budget restant: 23)
07-02 01:56:29.152  1312  1803 W SmbMediaDataSource: com.hierynomus.smbj.common.SMBRuntimeException: DiskShare has already been closed
07-02 01:56:29.152  1312  1803 W SmbMediaDataSource: 	at com.hierynomus.smbj.share.Share.send(Share.java:364)
07-02 01:56:29.152  1312  1803 W SmbMediaDataSource: 	at com.hierynomus.smbj.share.Share.readAsync(Share.java:220)
07-02 01:56:29.152  1312  1803 W SmbMediaDataSource: 	at com.hierynomus.smbj.share.Share.read(Share.java:214)
07-02 01:56:29.152  1312  1803 W SmbMediaDataSource: 	at com.hierynomus.smbj.share.File.read(File.java:162)
07-02 01:56:29.152  1312  1803 W SmbMediaDataSource: 	at fr.retrospare.blazeplayer.player.SmbMediaDataSource.readAt(SmbMediaDataSource.kt:61)
07-02 01:56:29.152  1312  1803 W SmbMediaDataSource: 	at android.media.MediaMetadataRetriever._getFrameAtTime(Native Method)
07-02 01:56:29.152  1312  1803 W SmbMediaDataSource: 	at android.media.MediaMetadataRetriever.getFrameAtTime(MediaMetadataRetriever.java:574)
07-02 01:56:29.152  1312  1803 W SmbMediaDataSource: 	at fr.retrospare.blazeplayer.ui.ThumbnailUtils$loadThumbnail$2.invokeSuspend(ThumbnailUtils.kt:200)
07-02 01:56:29.152  1312  1803 W SmbMediaDataSource: 	at kotlin.coroutines.jvm.internal.BaseContinuationImpl.resumeWith(ContinuationImpl.kt:34)
07-02 01:56:29.152  1312  1803 W SmbMediaDataSource: 	at kotlinx.coroutines.DispatchedTask.run(DispatchedTask.kt:100)
07-02 01:56:29.152  1312  1803 W SmbMediaDataSource: 	at kotlinx.coroutines.internal.LimitedDispatcher$Worker.run(LimitedDispatcher.kt:124)
07-02 01:56:29.152  1312  1803 W SmbMediaDataSource: 	at kotlinx.coroutines.scheduling.TaskImpl.run(Tasks.kt:89)
07-02 01:56:29.152  1312  1803 W SmbMediaDataSource: 	at kotlinx.coroutines.scheduling.CoroutineScheduler.runSafely(CoroutineScheduler.kt:586)
07-02 01:56:29.152  1312  1803 W SmbMediaDataSource: 	at kotlinx.coroutines.scheduling.CoroutineScheduler$Worker.executeTask(CoroutineScheduler.kt:820)
07-02 01:56:29.152  1312  1803 W SmbMediaDataSource: 	at kotlinx.coroutines.scheduling.CoroutineScheduler$Worker.runWorker(CoroutineScheduler.kt:717)
07-02 01:56:29.152  1312  1803 W SmbMediaDataSource: 	at kotlinx.coroutines.scheduling.CoroutineScheduler$Worker.run(CoroutineScheduler.kt:704)
07-02 01:56:29.157  1528  2072 D CCodecConfig: c2 config diff is   c2::u32 output.delay.value = 7
07-02 01:56:29.464  1388  1388 I WifiHAL : Creating message to get link statistics; iface = 47
07-02 01:56:29.517  1388  1388 I WifiHAL : Getting cached scan results, iface handle = 0xb400007546ddb350
07-02 01:56:29.517  1388  1388 E WifiHAL : Creating message to get cached scan results
07-02 01:56:29.524  1388  1388 I WifiHAL : In GetCachedScanResultsCommand::handleResponse
07-02 01:56:29.577  3192  3450 D IwlanNetworkService: onCapabilitiesChanged: 140
07-02 01:56:29.580  2105  2110 I pixel-thermal: charger_therm:38.205 raw data: charger_therm:38205 
07-02 01:56:29.580  1312  2059 W LocalStreamServer: getOrComputeFileSize échec tentative 2/3 pour smb://NAS-ADMIN:%401981Ag23Sept@192.168.0.97/Médias/Films/Greenland.Le.Dernier.Refuge.2020.Vff..BDRIP.mp4
07-02 01:56:29.580  1312  2059 W LocalStreamServer: com.hierynomus.smbj.common.SMBRuntimeException: DiskShare has already been closed
07-02 01:56:29.580  1312  2059 W LocalStreamServer: 	at com.hierynomus.smbj.share.Share.send(Share.java:364)
07-02 01:56:29.580  1312  2059 W LocalStreamServer: 	at com.hierynomus.smbj.share.Share.sendReceive(Share.java:358)
07-02 01:56:29.580  1312  2059 W LocalStreamServer: 	at com.hierynomus.smbj.share.Share.queryInfo(Share.java:184)
07-02 01:56:29.580  1312  2059 W LocalStreamServer: 	at com.hierynomus.smbj.share.DiskShare.getFileInformation(DiskShare.java:310)
07-02 01:56:29.580  1312  2059 W LocalStreamServer: 	at com.hierynomus.smbj.share.DiskEntry.getFileInformation(DiskEntry.java:85)
07-02 01:56:29.580  1312  2059 W LocalStreamServer: 	at fr.retrospare.blazeplayer.player.SmbMediaDataSource._init_$attemptOpen(SmbMediaDataSource.kt:40)
07-02 01:56:29.580  1312  2059 W LocalStreamServer: 	at fr.retrospare.blazeplayer.player.SmbMediaDataSource.<init>(SmbMediaDataSource.kt:49)
07-02 01:56:29.580  1312  2059 W LocalStreamServer: 	at fr.retrospare.blazeplayer.cast.LocalStreamServer.getOrComputeFileSize(LocalStreamServer.kt:135)
07-02 01:56:29.580  1312  2059 W LocalStreamServer: 	at fr.retrospare.blazeplayer.cast.LocalStreamServer.setSource$lambda$0(LocalStreamServer.kt:45)
07-02 01:56:29.580  1312  2059 W LocalStreamServer: 	at fr.retrospare.blazeplayer.cast.LocalStreamServer$$ExternalSyntheticLambda0.run(D8$$SyntheticClass:0)
07-02 01:56:29.580  1312  2059 W LocalStreamServer: 	at java.lang.Thread.run(Thread.java:1572)
07-02 01:56:29.581  2874  3992 W SHANNON_IMS: 4284 [CONN] NetworkSpecifier and TransportInfo are not valid (DefaultNetworkCallback%updateSubscriptionId:121)
07-02 01:56:29.581  3056  3643 I NullBinder: NullBinder for android.net.action.RECOMMEND_NETWORKS triggering remote TransactionTooLargeException due to Service without Chimera impl, calling uid: 1000, calling pid: 0
07-02 01:56:29.581  3056  3643 W libbinder.Binder: Large reply transaction of 1056768 bytes, interface descriptor , code 1, flags 17
07-02 01:56:29.582  2874  4309 W SHANNON_IMS: 4287 [CONN] NetworkSpecifier and TransportInfo are not valid (DefaultNetworkCallback%updateSubscriptionId:121)
07-02 01:56:29.582  2874  4309 I SHANNON_IMS: 4288 [CONN] network:140 WIFI connected, subId: -1 [SLID:1] (DefaultNetworkCallback%onCapabilitiesChanged:76)
07-02 01:56:29.586  4325  4380 I BugleRcsEngine: Connected state: [1], networkType: [WIFI] [CONTEXT thread_id=871 ]
07-02 01:56:29.587  4325  4392 I BugleRcsEngine: handleMessage processing message:[NOTIFY_UPTIME_IGNORE_STATE_CHANGED] with [non-null]:RcsEngineImpl reference [CONTEXT log_prefix="RcsEngineImpl[DUAL_REG]:[7db870a4-c5bb]>Handler" thread_id=876 ]
07-02 01:56:29.587  3288  3498 D IwlanNetworkStatusTracker: onCapabilitiesChanged: 140
07-02 01:56:29.587  3288  3498 D IwlanNetworkStatusTracker: OnCapability : Wifi Available already true and validation status unchanged
07-02 01:56:29.588  3288  3498 E IwlanNetworkStatusTracker: Could not get Wifi SSID
07-02 01:56:29.589  3587  3674 I WifiSignalInfo: onCapabilitiesChanged: rssi:-72
07-02 01:56:29.590  3587  3630 D DeviceStateHelper: Wifi freq: 5180
07-02 01:56:29.590  3587  3637 D ImsPreconditionCheck: {subId=6} handleMessage: { when=-1ms what=16 target=eja async=false heapIndex=-1 }
07-02 01:56:29.590  3587  3637 D ImsPreconditionCheck: {subId=6} onWifiCapabilitiesChanged: wifiNetworkValidated: true
07-02 01:56:29.590  3587  3637 D ImsPreconditionCheck: {subId=7} handleMessage: { when=-1ms what=16 target=eja async=false heapIndex=-1 }
07-02 01:56:29.590  3587  3637 D ImsPreconditionCheck: {subId=7} onWifiCapabilitiesChanged: wifiNetworkValidated: true
07-02 01:56:29.591  3192  3222 D IwlanDataService: onCapabilitiesChanged: 140 [ Transports: WIFI Capabilities: NOT_METERED&INTERNET&NOT_RESTRICTED&TRUSTED&NOT_VPN&VALIDATED&NOT_ROAMING&FOREGROUND&NOT_CONGESTED&NOT_SUSPENDED&NOT_VCN_MANAGED&NOT_BANDWIDTH_CONSTRAINED LinkUpBandwidth>=59890Kbps LinkDnBandwidth>=79087Kbps TransportInfo: <SSID: "Panda", BSSID: e4:fa:c4:48:ff:b2, MAC: b2:8d:d7:7b:bb:a4, IP: /192.168.0.42, Security type: 2, Supplicant state: COMPLETED, Wi-Fi standard: 11ax, RSSI: -72, Link speed: 204Mbps, Tx Link speed: 204Mbps, Max Supported Tx Link speed: 1200Mbps, Calculated Tx : 124Mbps, Rx Link speed: 432Mbps, Max Supported Rx Link speed: 1200Mbps, Calculated Rx : 203Mbps, Frequency: 5180MHz, Net ID: 6, Metered hint: false, score: 100, isUsable: true, CarrierMerged: false, SubscriptionId: -1, IsPrimary: 1, Trusted: true, Restricted: false, Ephemeral: false, OEM paid: false, OEM private: false, OSU AP: false, FQDN: <none>, Provider friendly name: <none>, Requesting package name: <none>"Panda"wpa2-pskMLO Information: , Is TID-To-Link negotiation supported by the AP: false, AP MLD Address: <none>, AP MLO Link Id: <none>, AP MLO Affiliated links: <none>, Vendor Data: <none>> SignalStrength: -72 AdminUids: [10151] SSID: "Panda" UnderlyingNetworks: Null]
07-02 01:56:29.591  3192  3222 D IwlanDataService: Network 140 connected using transport WIFI
07-02 01:56:29.595  1555  1555 D AOC     : CHRE: DRAM vote count begins
07-02 01:56:29.596  1555  1555 D AOC     : CHRE: DRAM vote count ends: 0 ms
07-02 01:56:29.596  1555  1555 D AOC     : CHRE: DRAM vote count begins
07-02 01:56:29.596  1555  1555 D AOC     : CHRE: DRAM vote count ends: 0 ms
07-02 01:56:29.596  1555  1555 D AOC     : CHRE: DRAM vote count begins
07-02 01:56:29.596  2105  2110 I pixel-thermal: VIRTUAL-SKIN-CHARGE:36.035 raw data: VIRTUAL-SKIN-CHARGE:36035 VIRTUAL-SKIN-CHARGE-SUB-1:35600.6 VIRTUAL-SKIN-CHARGE-SUB-2:36035 charger_therm:38205 modem_therm:36892 quiet_therm:35111 rffe_therm:34377 soc_therm:35868 
07-02 01:56:29.596  1555  1555 D AOC     : CHRE: DRAM vote count ends: 0 ms
07-02 01:56:29.597  2105  2110 I pixel-thermal: VIRTUAL-SKIN-CHARGE power_budget=4511.91 err=1.965 s_power=2200 time_elapsed_ms=7012 p=786 i=1600 d=0 dt_per_min=nan compensation=0 budget transient=0 control target=2 excluded power budget=74.0884 (PARTIAL_SYSTEM_POWER: 1481.77 mW, cdev_weight: 0.050000)
07-02 01:56:29.597  1330  1361 D CHRE    : @ 539191.465: Parsed nanoapp message from host: app ID 0x476f6f676c00100b endpoint 0x28 msgType 112 payload size 14
07-02 01:56:29.597  1330  1361 I CHRE    : @ 539191.466: [NanoMinion] received MSG Type 0x70, Version 1, 10 bytes
07-02 01:56:29.597  1330  1361 I CHRE    : @ 539191.466: [AR] context-signal: has_bt=0, bt=0, has_wifi=1, wifi=1
07-02 01:56:29.600  2874  3992 I SHANNON_IMS: 4286 [CONN] network:140 WIFI connected, subId: -1 [SLID:0] (DefaultNetworkCallback%onCapabilitiesChanged:76)
07-02 01:56:29.601  2841  3840 D SHANNON_RCS: 7134 [0][PROX][TELE] onCapabilitiesChanged, Network: 140, NetworkCapabilities: [ Transports: WIFI Capabilities: NOT_METERED&INTERNET&NOT_RESTRICTED&TRUSTED&NOT_VPN&VALIDATED&NOT_ROAMING&FOREGROUND&NOT_CONGESTED&NOT_SUSPENDED&NOT_VCN_MANAGED&NOT_BANDWIDTH_CONSTRAINED LinkUpBandwidth>=59890Kbps LinkDnBandwidth>=79087Kbps TransportInfo: <SSID: <unknown ssid>, BSSID: 02:00:00:00:00:00, MAC: 02:00:00:00:00:00, IP: /192.168.0.42, Security type: 2, Supplicant state: COMPLETED, Wi-Fi standard: 11ax, RSSI: -72, Link speed: 204Mbps, Tx Link speed: 204Mbps, Max Supported Tx Link speed: 1200Mbps, Calculated Tx : 124Mbps, Rx Link speed: 432Mbps, Max Supported Rx Link speed: 1200Mbps, Calculated Rx : 203Mbps, Frequency: 5180MHz, Net ID: -1, Metered hint: false, score: 100, isUsable: true, CarrierMerged: false, SubscriptionId: -1, IsPrimary: -1, Trusted: true, Restricted: false, Ephemeral: false, OEM paid: false, OEM private: false, OSU AP: false, FQDN: <none>, Provider friendly name: <none>, Requesting package name: <none><none>MLO Information: , Is TID-To-Link negotiation supported by the AP: false, AP MLD Address: <none>, AP MLO Link Id: <none>, AP MLO Affiliated links: <none>, Vendor Data: <none>> SignalStrength: -72 UnderlyingNetworks: Null] (DefaultNetworkCallback%onCapabilitiesChanged:76)
07-02 01:56:29.602  2105  2110 I pixel-thermal: VIRTUAL-SKIN-SPEAKER:35.2051 raw data: VIRTUAL-SKIN-SPEAKER:35205.1 VIRTUAL-SKIN-SPEAKER-SUB-1:32688.9 VIRTUAL-SKIN-SPEAKER-SUB-2:35205.1 battery:34300 gnss_tcxo_therm:36135 quiet_therm:35111 soc_therm:35868 usb_conn_therm:34132 
07-02 01:56:29.602  2105  2110 I pixel-thermal: VIRTUAL-SKIN-CHARGE-WLC:36.1974 raw data: VIRTUAL-SKIN-CHARGE-WLC:36197.4 charger_therm:38205 modem_therm:36892 rffe_therm:34377 soc_therm:35868 
07-02 01:56:29.602  2105  2110 I pixel-thermal: VIRTUAL-SKIN-CHARGE-WLC power_budget=2012.35 err=1.80265 s_power=1400 time_elapsed_ms=7012 p=360.529 i=400 d=0 dt_per_min=nan compensation=0 budget transient=0 control target=2 excluded power budget=148.177 (PARTIAL_SYSTEM_POWER: 1481.77 mW, cdev_weight: 0.100000)
